/home/yaroslav/bin:/usr/lib/lightdm/lightdm:/usr/local/sbin:/usr/local/bin:/usr/sbin:/usr/bin:/sbin:/bin:/usr/games:/home/yaroslav/bin:/home/yaroslav/nativeclient/depot_tools:/home/yaroslav/nacl_sdk/pepper_23/toolchain/linux_x86_glibc/bin
checking for --enable-universalsdk... no
checking for --with-universal-archs... 32-bit
checking MACHDEP... linux2
checking machine type as reported by uname -m... x86_64
checking for --without-gcc... no
checking for x86_64-nacl-gcc... x86_64-nacl-gcc
checking whether the C compiler works... yes
checking for C compiler default output file name... a.out
checking for suffix of executables... 
checking whether we are cross compiling... yes
checking for suffix of object files... o
checking whether we are using the GNU C compiler... yes
checking whether x86_64-nacl-gcc accepts -g... yes
checking for x86_64-nacl-gcc option to accept ISO C89... none needed
checking for --with-cxx-main=<compiler>... no
checking for -Wl,--no-as-needed... yes
checking how to run the C preprocessor... x86_64-nacl-gcc -E
checking for grep that handles long lines and -e... /bin/grep
checking for egrep... /bin/grep -E
checking for ANSI C header files... yes
checking for sys/types.h... yes
checking for sys/stat.h... yes
checking for stdlib.h... yes
checking for string.h... yes
checking for memory.h... yes
checking for strings.h... yes
checking for inttypes.h... yes
checking for stdint.h... yes
checking for unistd.h... yes
checking minix/config.h usability... no
checking minix/config.h presence... no
checking for minix/config.h... no
checking whether it is safe to define __EXTENSIONS__... yes
checking for --with-suffix... 
checking for case-insensitive build directory... no
checking LIBRARY... libpython$(VERSION)$(ABIFLAGS).a
checking LINKCC... $(PURIFY) $(MAINCC)
checking for GNU ld... yes
checking for inline... inline
checking for --enable-shared... no
checking for --enable-profiling... 
checking LDLIBRARY... libpython$(VERSION)$(ABIFLAGS).a
checking for x86_64-nacl-ranlib... x86_64-nacl-ranlib
checking for ar... x86_64-nacl-ar
checking for svnversion... found
checking for python... found
checking for a BSD-compatible install... /usr/bin/install -c
checking for --with-pydebug... no
checking whether x86_64-nacl-gcc accepts and needs -fno-strict-aliasing... no
checking whether gcc supports ParseTuple __format__... no
checking whether pthreads are available without options... no
checking whether x86_64-nacl-gcc accepts -Kpthread... no
checking whether x86_64-nacl-gcc accepts -Kthread... no
checking whether x86_64-nacl-gcc accepts -pthread... no
checking whether x86_64-naclg++ also accepts flags for thread support... no
checking for ANSI C header files... (cached) yes
checking asm/types.h usability... yes
checking asm/types.h presence... yes
checking for asm/types.h... yes
checking conio.h usability... no
checking conio.h presence... no
checking for conio.h... no
checking curses.h usability... no
checking curses.h presence... no
checking for curses.h... no
checking direct.h usability... no
checking direct.h presence... no
checking for direct.h... no
checking dlfcn.h usability... yes
checking dlfcn.h presence... yes
checking for dlfcn.h... yes
checking errno.h usability... yes
checking errno.h presence... yes
checking for errno.h... yes
checking fcntl.h usability... yes
checking fcntl.h presence... yes
checking for fcntl.h... yes
checking grp.h usability... yes
checking grp.h presence... yes
checking for grp.h... yes
checking ieeefp.h usability... no
checking ieeefp.h presence... no
checking for ieeefp.h... no
checking io.h usability... no
checking io.h presence... no
checking for io.h... no
checking langinfo.h usability... yes
checking langinfo.h presence... yes
checking for langinfo.h... yes
checking libintl.h usability... yes
checking libintl.h presence... yes
checking for libintl.h... yes
checking ncurses.h usability... no
checking ncurses.h presence... no
checking for ncurses.h... no
checking poll.h usability... yes
checking poll.h presence... yes
checking for poll.h... yes
checking process.h usability... no
checking process.h presence... no
checking for process.h... no
checking pthread.h usability... yes
checking pthread.h presence... yes
checking for pthread.h... yes
checking shadow.h usability... yes
checking shadow.h presence... yes
checking for shadow.h... yes
checking signal.h usability... yes
checking signal.h presence... yes
checking for signal.h... yes
checking for stdint.h... (cached) yes
checking stropts.h usability... yes
checking stropts.h presence... yes
checking for stropts.h... yes
checking termios.h usability... yes
checking termios.h presence... yes
checking for termios.h... yes
checking thread.h usability... no
checking thread.h presence... no
checking for thread.h... no
checking for unistd.h... (cached) yes
checking utime.h usability... yes
checking utime.h presence... yes
checking for utime.h... yes
checking sys/audioio.h usability... no
checking sys/audioio.h presence... no
checking for sys/audioio.h... no
checking sys/bsdtty.h usability... no
checking sys/bsdtty.h presence... no
checking for sys/bsdtty.h... no
checking sys/epoll.h usability... yes
checking sys/epoll.h presence... yes
checking for sys/epoll.h... yes
checking sys/event.h usability... no
checking sys/event.h presence... no
checking for sys/event.h... no
checking sys/file.h usability... yes
checking sys/file.h presence... yes
checking for sys/file.h... yes
checking sys/loadavg.h usability... no
checking sys/loadavg.h presence... no
checking for sys/loadavg.h... no
checking sys/lock.h usability... no
checking sys/lock.h presence... no
checking for sys/lock.h... no
checking sys/mkdev.h usability... no
checking sys/mkdev.h presence... no
checking for sys/mkdev.h... no
checking sys/modem.h usability... no
checking sys/modem.h presence... no
checking for sys/modem.h... no
checking sys/param.h usability... yes
checking sys/param.h presence... yes
checking for sys/param.h... yes
checking sys/poll.h usability... yes
checking sys/poll.h presence... yes
checking for sys/poll.h... yes
checking sys/select.h usability... yes
checking sys/select.h presence... yes
checking for sys/select.h... yes
checking sys/socket.h usability... yes
checking sys/socket.h presence... yes
checking for sys/socket.h... yes
checking sys/statvfs.h usability... yes
checking sys/statvfs.h presence... yes
checking for sys/statvfs.h... yes
checking for sys/stat.h... (cached) yes
checking sys/termio.h usability... no
checking sys/termio.h presence... no
checking for sys/termio.h... no
checking sys/time.h usability... yes
checking sys/time.h presence... yes
checking for sys/time.h... yes
checking sys/times.h usability... yes
checking sys/times.h presence... yes
checking for sys/times.h... yes
checking for sys/types.h... (cached) yes
checking sys/un.h usability... yes
checking sys/un.h presence... yes
checking for sys/un.h... yes
checking sys/utsname.h usability... yes
checking sys/utsname.h presence... yes
checking for sys/utsname.h... yes
checking sys/wait.h usability... yes
checking sys/wait.h presence... yes
checking for sys/wait.h... yes
checking pty.h usability... yes
checking pty.h presence... yes
checking for pty.h... yes
checking libutil.h usability... no
checking libutil.h presence... no
checking for libutil.h... no
checking sys/resource.h usability... yes
checking sys/resource.h presence... yes
checking for sys/resource.h... yes
checking netpacket/packet.h usability... yes
checking netpacket/packet.h presence... yes
checking for netpacket/packet.h... yes
checking sysexits.h usability... yes
checking sysexits.h presence... yes
checking for sysexits.h... yes
checking bluetooth.h usability... no
checking bluetooth.h presence... no
checking for bluetooth.h... no
checking bluetooth/bluetooth.h usability... no
checking bluetooth/bluetooth.h presence... no
checking for bluetooth/bluetooth.h... no
checking linux/tipc.h usability... no
checking linux/tipc.h presence... no
checking for linux/tipc.h... no
checking spawn.h usability... yes
checking spawn.h presence... yes
checking for spawn.h... yes
checking util.h usability... no
checking util.h presence... no
checking for util.h... no
checking for dirent.h that defines DIR... yes
checking for library containing opendir... none required
checking whether sys/types.h defines makedev... yes
checking for term.h... no
checking for linux/netlink.h... yes
checking for clock_t in time.h... yes
checking for makedev... yes
checking Solaris LFS bug... no
checking for mode_t... yes
checking for off_t... yes
checking for pid_t... yes
checking for size_t... yes
checking for uid_t in sys/types.h... yes
checking for uint32_t... yes
checking for uint64_t... yes
checking for int32_t... yes
checking for int64_t... yes
checking for ssize_t... yes
checking size of int... 4
checking size of long... 4
checking size of void *... 4
checking size of short... 2
checking size of float... 4
checking size of double... 8
checking size of fpos_t... 16
checking size of size_t... 4
checking size of pid_t... 4
checking for long long support... yes
checking size of long long... 8
checking for long double support... yes
checking size of long double... 8
checking for _Bool support... yes
checking size of _Bool... 1
checking for uintptr_t... yes
checking size of uintptr_t... 4
checking size of off_t... 8
checking whether to enable large file support... yes
checking size of time_t... 8
checking for pthread_t... yes
checking size of pthread_t... 4
checking for --enable-framework... no
checking for dyld... no
checking LDSHARED... $(CC) -shared
checking CCSHARED... -fPIC
checking LINKFORSHARED... -T /home/yaroslav/nacl_sdk/pepper_23/toolchain/linux_x86_glibc/x86_64-nacl/lib64/ldscripts/elf64_nacl.x.static -melf64_nacl -m64 -L/home/yaroslav/git/zrt/lib -lzrt -lfs -lstdc++ -lzglibc
checking CFLAGSFORSHARED... 
checking SHLIBS... $(LIBS)
checking for dlopen in -ldl... yes
checking for shl_load in -ldld... no
checking for textdomain in -lintl... no
checking for t_open in -lnsl... no
checking for socket in -lsocket... no
checking for --with-libs... no
checking for x86_64-nacl-pkg-config... no
checking for pkg-config... /usr/bin/pkg-config
checking for --with-system-expat... no
checking for --with-system-ffi... no
checking for --enable-loadable-sqlite-extensions... no
checking for --with-dbmliborder... 
checking for --with-signal-module... yes
checking for --with-dec-threads... no
checking for --with-threads... no
checking if --enable-ipv6 is specified... no
checking for OSX 10.5 SDK or later... no
checking for --with-doc-strings... yes
checking for --with-tsc... no
checking for --with-pymalloc... yes
checking for --with-valgrind... no
checking for dlopen... yes
checking DYNLOADFILE... dynload_shlib.o
checking MACHDEP_OBJS... MACHDEP_OBJS
checking for alarm... no
checking for accept4... no
checking for setitimer... yes
checking for getitimer... yes
checking for bind_textdomain_codeset... yes
checking for chown... yes
checking for clock... yes
checking for confstr... yes
checking for ctermid... yes
checking for execv... yes
checking for fchmod... yes
checking for fchown... yes
checking for fork... no
checking for fpathconf... yes
checking for ftime... yes
checking for ftruncate... no
checking for gai_strerror... yes
checking for getgroups... yes
checking for getlogin... yes
checking for getloadavg... yes
checking for getpeername... yes
checking for getpgid... yes
checking for getpid... no
checking for getpriority... yes
checking for getresuid... yes
checking for getresgid... yes
checking for getpwent... yes
checking for getspnam... yes
checking for getspent... yes
checking for getsid... yes
checking for getwd... yes
checking for initgroups... yes
checking for kill... no
checking for killpg... yes
checking for lchmod... no
checking for lchown... yes
checking for lstat... yes
checking for mbrtowc... yes
checking for mkfifo... yes
checking for mknod... yes
checking for mktime... yes
checking for mremap... yes
checking for nice... yes
checking for pathconf... yes
checking for pause... yes
checking for plock... no
checking for poll... yes
checking for pthread_init... no
checking for putenv... yes
checking for readlink... yes
checking for realpath... yes
checking for select... yes
checking for sem_open... no
checking for sem_timedwait... no
checking for sem_getvalue... no
checking for sem_unlink... no
checking for setegid... yes
checking for seteuid... yes
checking for setgid... yes
checking for setlocale... yes
checking for setregid... yes
checking for setreuid... yes
checking for setresuid... yes
checking for setresgid... yes
checking for setsid... yes
checking for setpgid... yes
checking for setpgrp... yes
checking for setuid... yes
checking for setvbuf... yes
checking for sigaction... no
checking for siginterrupt... yes
checking for sigrelse... yes
checking for snprintf... yes
checking for strftime... yes
checking for strlcpy... no
checking for sysconf... yes
checking for tcgetpgrp... yes
checking for tcsetpgrp... yes
checking for tempnam... yes
checking for timegm... yes
checking for times... yes
checking for tmpfile... yes
checking for tmpnam... yes
checking for tmpnam_r... yes
checking for truncate... no
checking for uname... yes
checking for unsetenv... yes
checking for utimes... yes
checking for waitpid... no
checking for wait3... yes
checking for wait4... yes
checking for wcscoll... yes
checking for wcsftime... yes
checking for wcsxfrm... yes
checking for _getpty... no
checking for chroot... yes
checking for link... yes
checking for symlink... yes
checking for fchdir... yes
checking for fsync... yes
checking for fdatasync... yes
checking for epoll... yes
checking for kqueue... no
checking for ctermid_r... no
checking for flock declaration... yes
checking for flock... yes
checking for getpagesize... yes
checking for true... true
checking for inet_aton in -lc... yes
checking for chflags... cross
checking for chflags... no
checking for lchflags... cross
checking for lchflags... no
checking for inflateCopy in -lz... no
checking for hstrerror... yes
checking for inet_aton... yes
checking for inet_pton... yes
checking for setgroups... yes
checking for openpty... no
checking for openpty in -lutil... yes
checking for forkpty... yes
checking for memmove... yes
checking for fseek64... no
checking for fseeko... yes
checking for fstatvfs... yes
checking for ftell64... no
checking for ftello... yes
checking for statvfs... yes
checking for dup2... yes
checking for getcwd... yes
checking for strdup... yes
checking for getpgrp... yes
checking for setpgrp... (cached) yes
checking for gettimeofday... yes
checking for major... yes
checking for getaddrinfo... yes
checking getaddrinfo bug... yes
checking for getnameinfo... yes
checking whether time.h and sys/time.h may both be included... yes
checking whether struct tm is in sys/time.h or time.h... time.h
checking for struct tm.tm_zone... yes
checking for struct stat.st_rdev... yes
checking for struct stat.st_blksize... yes
checking for struct stat.st_flags... no
checking for struct stat.st_gen... no
checking for struct stat.st_birthtime... no
checking for struct stat.st_blocks... yes
checking for time.h that defines altzone... no
checking whether sys/select.h and sys/time.h may both be included... yes
checking for addrinfo... yes
checking for sockaddr_storage... yes
checking whether char is unsigned... no
checking for an ANSI C-conforming const... yes
checking for working volatile... yes
checking for working signed char... yes
checking for prototypes... yes
checking for variable length prototypes and stdarg.h... yes
checking for socketpair... yes
checking if sockaddr has sa_len member... no
checking whether va_list is an array... yes
checking for gethostbyname_r... yes
checking gethostbyname_r with 6 args... yes
checking for __fpu_control... yes
checking for --with-fpectl... no
checking for --with-libm=STRING... default LIBM="-lm"
checking for --with-libc=STRING... default LIBC="-lzglibc"
checking whether C doubles are little-endian IEEE 754 binary64... no
checking whether C doubles are big-endian IEEE 754 binary64... no
checking whether C doubles are ARM mixed-endian IEEE 754 binary64... no
checking whether we can use gcc inline assembler to get and set x87 control word... yes
checking for x87-style double rounding... no
checking for acosh... yes
checking for asinh... yes
checking for atanh... yes
checking for copysign... yes
checking for erf... yes
checking for erfc... yes
checking for expm1... yes
checking for finite... yes
checking for gamma... yes
checking for hypot... yes
checking for lgamma... yes
checking for log1p... yes
checking for round... yes
checking for tgamma... yes
checking whether isinf is declared... yes
checking whether isnan is declared... yes
checking whether isfinite is declared... yes
checking whether tanh preserves the sign of zero... no
checking whether log1p drops the sign of negative zero... no
checking whether POSIX semaphores are enabled... yes
checking for broken sem_getvalue... yes
checking digit size for Python's longs... no value specified
checking wchar.h usability... yes
checking wchar.h presence... yes
checking for wchar.h... yes
checking size of wchar_t... 4
checking for UCS-4 tcl... no
checking whether wchar_t is signed... yes
checking what type to use for str... unsigned short
checking whether byte ordering is bigendian... no
checking ABIFLAGS... m
checking SOABI... cpython-32m
checking LDVERSION... $(VERSION)$(ABIFLAGS)
checking SO... .cpython-32m.so
checking whether right shift extends the sign bit... yes
checking for getc_unlocked() and friends... yes
checking how to link readline libs... none
checking for rl_callback_handler_install in -lreadline... no
checking for rl_pre_input_hook in -lreadline... no
checking for rl_completion_display_matches_hook in -lreadline... no
checking for rl_completion_matches in -lreadline... no
checking for broken nice()... no
checking for broken poll()... no
checking for struct tm.tm_zone... (cached) yes
checking for working tzset()... no
checking for tv_nsec in struct stat... yes
checking for tv_nsec2 in struct stat... no
checking whether mvwdelch is an expression... no
checking whether WINDOW has _flags... no
checking for is_term_resized... no
checking for resize_term... no
checking for resizeterm... no
checking for /dev/ptmx... yes
checking for /dev/ptc... no
checking for %lld and %llu printf() format support... yes
checking for %zd printf() format support... cross -- assuming yes
checking for socklen_t... yes
checking for broken mbstowcs... no
checking whether x86_64-nacl-gcc supports computed gotos... no
checking for --with-computed-gotos... no value specified
checking for pipe2... no
checking for build directories... done
configure: creating ./config.status
config.status: creating Makefile.pre
config.status: creating Modules/Setup.config
config.status: creating Misc/python.pc
config.status: creating Modules/ld_so_aix
config.status: creating pyconfig.h
config.status: pyconfig.h is unchanged
creating Modules/Setup
creating Modules/Setup.local
creating Makefile
MAKE PYTHON
x86_64-nacl-gcc -c  -DNDEBUG -g -fwrapv -O3 -Wall -Wstrict-prototypes -D__NACL__ -I/home/yaroslav/git/zrt/lib   -I. -IInclude -I./Include    -DPy_BUILD_CORE \
		-DABIFLAGS='"m"' \
		-o Python/sysmodule.o ./Python/sysmodule.c
x86_64-nacl-gcc -c  -DNDEBUG -g -fwrapv -O3 -Wall -Wstrict-prototypes -D__NACL__ -I/home/yaroslav/git/zrt/lib   -I. -IInclude -I./Include    -DPy_BUILD_CORE \
		-DSOABI='"cpython-32m"' \
		-o Python/dynload_shlib.o ./Python/dynload_shlib.c
x86_64-nacl-gcc -c  -DNDEBUG -g -fwrapv -O3 -Wall -Wstrict-prototypes -D__NACL__ -I/home/yaroslav/git/zrt/lib   -I. -IInclude -I./Include    -DPy_BUILD_CORE -o Modules/config.o Modules/config.c
x86_64-nacl-gcc -c  -DNDEBUG -g -fwrapv -O3 -Wall -Wstrict-prototypes -D__NACL__ -I/home/yaroslav/git/zrt/lib   -I. -IInclude -I./Include    -DPy_BUILD_CORE -DPYTHONPATH='":plat-linux2"' \
		-DPREFIX='"/python"' \
		-DEXEC_PREFIX='"/python"' \
		-DVERSION='"3.2"' \
		-DVPATH='""' \
		-o Modules/getpath.o ./Modules/getpath.c
x86_64-nacl-gcc -c  -DNDEBUG -g -fwrapv -O3 -Wall -Wstrict-prototypes -D__NACL__ -I/home/yaroslav/git/zrt/lib   -I. -IInclude -I./Include    -DPy_BUILD_CORE \
	      -DSVNVERSION="\"`LC_ALL=C svnversion .`\"" \
	      -DHGVERSION="\"`LC_ALL=C `\"" \
	      -DHGTAG="\"`LC_ALL=C `\"" \
	      -DHGBRANCH="\"`LC_ALL=C `\"" \
	      -o Modules/getbuildinfo.o ./Modules/getbuildinfo.c
rm -f libpython3.2m.a
x86_64-nacl-ar rc libpython3.2m.a Modules/getbuildinfo.o
x86_64-nacl-ar rc libpython3.2m.a Parser/acceler.o Parser/grammar1.o Parser/listnode.o Parser/node.o Parser/parser.o Parser/parsetok.o Parser/bitset.o Parser/metagrammar.o Parser/firstsets.o Parser/grammar.o Parser/pgen.o Parser/myreadline.o Parser/tokenizer.o
x86_64-nacl-ar rc libpython3.2m.a Objects/abstract.o Objects/boolobject.o Objects/bytes_methods.o Objects/bytearrayobject.o Objects/bytesobject.o Objects/cellobject.o Objects/classobject.o Objects/codeobject.o Objects/complexobject.o Objects/descrobject.o Objects/enumobject.o Objects/exceptions.o Objects/genobject.o Objects/fileobject.o Objects/floatobject.o Objects/frameobject.o Objects/funcobject.o Objects/iterobject.o Objects/listobject.o Objects/longobject.o Objects/dictobject.o Objects/memoryobject.o Objects/methodobject.o Objects/moduleobject.o Objects/object.o Objects/obmalloc.o Objects/capsule.o Objects/rangeobject.o Objects/setobject.o Objects/sliceobject.o Objects/structseq.o Objects/tupleobject.o Objects/typeobject.o Objects/unicodeobject.o Objects/unicodectype.o Objects/weakrefobject.o
x86_64-nacl-ar rc libpython3.2m.a Python/_warnings.o Python/Python-ast.o Python/asdl.o Python/ast.o Python/bltinmodule.o Python/ceval.o Python/compile.o Python/codecs.o Python/dynamic_annotations.o Python/errors.o Python/frozen.o Python/frozenmain.o Python/future.o Python/getargs.o Python/getcompiler.o Python/getcopyright.o Python/getplatform.o Python/getversion.o Python/graminit.o Python/import.o Python/importdl.o Python/marshal.o Python/modsupport.o Python/mystrtoul.o Python/mysnprintf.o Python/peephole.o Python/pyarena.o Python/pyctype.o Python/pyfpe.o Python/pymath.o Python/pystate.o Python/pythonrun.o Python/pytime.o Python/structmember.o Python/symtable.o Python/sysmodule.o Python/traceback.o Python/getopt.o Python/pystrcmp.o Python/pystrtod.o Python/dtoa.o Python/formatter_unicode.o Python/fileutils.o Python/dynload_shlib.o   
x86_64-nacl-ar rc libpython3.2m.a Modules/config.o Modules/getpath.o Modules/main.o Modules/gcmodule.o 
x86_64-nacl-ar rc libpython3.2m.a Modules/signalmodule.o  Modules/posixmodule.o  Modules/errnomodule.o  Modules/pwdmodule.o  Modules/_sre.o  Modules/_codecsmodule.o  Modules/_weakref.o  Modules/_functoolsmodule.o  Modules/operator.o  Modules/_collectionsmodule.o  Modules/itertoolsmodule.o  Modules/_localemodule.o  Modules/_iomodule.o Modules/iobase.o Modules/fileio.o Modules/bytesio.o Modules/bufferedio.o Modules/textio.o Modules/stringio.o  Modules/zipimport.o  Modules/symtablemodule.o  Modules/xxsubtype.o
x86_64-nacl-ranlib libpython3.2m.a
x86_64-nacl-gcc -s -static -static-libgcc  -T /home/yaroslav/nacl_sdk/pepper_23/toolchain/linux_x86_glibc/x86_64-nacl/lib64/ldscripts/elf64_nacl.x.static -melf64_nacl -m64 -L/home/yaroslav/git/zrt/lib -lzrt -lfs -lstdc++ -lzglibc -o python Modules/python.o libpython3.2m.a -ldl  -lutil   -lm -lzglibc 
checking build system type... x86_64-pc-linux-gnu
checking host system type... Failed to configure _ctypes module

Python build finished, but the necessary bits to build these modules were not found:
_dbm               _gdbm              _multiprocessing
_tkinter           readline                           
To find the necessary bits, look in setup.py in detect_modules() for the module's name.


Failed to build these modules:
_bisect            _codecs_cn         _codecs_hk      
_codecs_iso2022    _codecs_jp         _codecs_kr      
_codecs_tw         _csv               _ctypes_test    
_curses            _curses_panel      _datetime       
_elementtree       _hashlib           _heapq          
_json              _lsprof            _multibytecodec 
_pickle            _posixsubprocess   _random         
_socket            _sqlite3           _ssl            
_struct            _testcapi          array           
atexit             audioop            binascii        
bz2                cmath              crypt           
fcntl              grp                math            
mmap               nis                ossaudiodev     
parser             pyexpat            resource        
select             spwd               syslog          
termios            time               unicodedata     
zlib                                                  

x86_64-nacl-gcc -s -static -static-libgcc  -T /home/yaroslav/nacl_sdk/pepper_23/toolchain/linux_x86_glibc/x86_64-nacl/lib64/ldscripts/elf64_nacl.x.static -melf64_nacl -m64 -L/home/yaroslav/git/zrt/lib -lzrt -lfs -lstdc++ -lzglibc -o Modules/_testembed Modules/_testembed.o libpython3.2m.a -ldl  -lutil   -lm -lzglibc 
INSTALL PYTHON
/usr/bin/install -c python ~/Python-3.2.2/_install/bin/python3.2m
if test "3.2" != "3.2m"; then \
		if test -f ~/Python-3.2.2/_install/bin/python3.2 -o -h ~/Python-3.2.2/_install/bin/python3.2; \
		then rm -f ~/Python-3.2.2/_install/bin/python3.2; \
		fi; \
		(cd ~/Python-3.2.2/_install/bin; ln python3.2m python3.2); \
	fi
if test -f libpython3.2m.a; then \
		if test -n "" ; then \
			/usr/bin/install -c -m 555  ~/Python-3.2.2/_install/bin; \
		else \
			/usr/bin/install -c -m 555 libpython3.2m.a ~/Python-3.2.2/_install/lib/libpython3.2m.a; \
			if test libpython3.2m.a != libpython3.2m.a; then \
				(cd ~/Python-3.2.2/_install/lib; ln -sf libpython3.2m.a libpython3.2m.a) \
			fi \
		fi; \
		if test -n ""; then \
			/usr/bin/install -c -m 555  ~/Python-3.2.2/_install/lib/; \
		fi; \
	else	true; \
	fi
checking build system type... x86_64-pc-linux-gnu
checking host system type... Failed to configure _ctypes module

Python build finished, but the necessary bits to build these modules were not found:
_dbm               _gdbm              _multiprocessing
_tkinter           readline                           
To find the necessary bits, look in setup.py in detect_modules() for the module's name.


Failed to build these modules:
_bisect            _codecs_cn         _codecs_hk      
_codecs_iso2022    _codecs_jp         _codecs_kr      
_codecs_tw         _csv               _ctypes_test    
_curses            _curses_panel      _datetime       
_elementtree       _hashlib           _heapq          
_json              _lsprof            _multibytecodec 
_pickle            _posixsubprocess   _random         
_socket            _sqlite3           _ssl            
_struct            _testcapi          array           
atexit             audioop            binascii        
bz2                cmath              crypt           
fcntl              grp                math            
mmap               nis                ossaudiodev     
parser             pyexpat            resource        
select             spwd               syslog          
termios            time               unicodedata     
zlib                                                  

/usr/bin/install -c -m 644 ./Lib/__future__.py /home/yaroslav/Python-3.2.2/_install/lib/python3.2
/usr/bin/install -c -m 644 ./Lib/__phello__.foo.py /home/yaroslav/Python-3.2.2/_install/lib/python3.2
/usr/bin/install -c -m 644 ./Lib/_abcoll.py /home/yaroslav/Python-3.2.2/_install/lib/python3.2
/usr/bin/install -c -m 644 ./Lib/_compat_pickle.py /home/yaroslav/Python-3.2.2/_install/lib/python3.2
/usr/bin/install -c -m 644 ./Lib/_dummy_thread.py /home/yaroslav/Python-3.2.2/_install/lib/python3.2
/usr/bin/install -c -m 644 ./Lib/_markupbase.py /home/yaroslav/Python-3.2.2/_install/lib/python3.2
/usr/bin/install -c -m 644 ./Lib/_pyio.py /home/yaroslav/Python-3.2.2/_install/lib/python3.2
/usr/bin/install -c -m 644 ./Lib/_strptime.py /home/yaroslav/Python-3.2.2/_install/lib/python3.2
/usr/bin/install -c -m 644 ./Lib/_threading_local.py /home/yaroslav/Python-3.2.2/_install/lib/python3.2
/usr/bin/install -c -m 644 ./Lib/_weakrefset.py /home/yaroslav/Python-3.2.2/_install/lib/python3.2
/usr/bin/install -c -m 644 ./Lib/abc.py /home/yaroslav/Python-3.2.2/_install/lib/python3.2
/usr/bin/install -c -m 644 ./Lib/aifc.py /home/yaroslav/Python-3.2.2/_install/lib/python3.2
/usr/bin/install -c -m 644 ./Lib/antigravity.py /home/yaroslav/Python-3.2.2/_install/lib/python3.2
/usr/bin/install -c -m 644 ./Lib/argparse.py /home/yaroslav/Python-3.2.2/_install/lib/python3.2
/usr/bin/install -c -m 644 ./Lib/ast.py /home/yaroslav/Python-3.2.2/_install/lib/python3.2
/usr/bin/install -c -m 644 ./Lib/asynchat.py /home/yaroslav/Python-3.2.2/_install/lib/python3.2
/usr/bin/install -c -m 644 ./Lib/asyncore.py /home/yaroslav/Python-3.2.2/_install/lib/python3.2
/usr/bin/install -c ./Lib/base64.py /home/yaroslav/Python-3.2.2/_install/lib/python3.2
/usr/bin/install -c -m 644 ./Lib/bdb.py /home/yaroslav/Python-3.2.2/_install/lib/python3.2
/usr/bin/install -c -m 644 ./Lib/binhex.py /home/yaroslav/Python-3.2.2/_install/lib/python3.2
/usr/bin/install -c -m 644 ./Lib/bisect.py /home/yaroslav/Python-3.2.2/_install/lib/python3.2
/usr/bin/install -c ./Lib/cProfile.py /home/yaroslav/Python-3.2.2/_install/lib/python3.2
/usr/bin/install -c -m 644 ./Lib/calendar.py /home/yaroslav/Python-3.2.2/_install/lib/python3.2
/usr/bin/install -c ./Lib/cgi.py /home/yaroslav/Python-3.2.2/_install/lib/python3.2
/usr/bin/install -c -m 644 ./Lib/cgitb.py /home/yaroslav/Python-3.2.2/_install/lib/python3.2
/usr/bin/install -c -m 644 ./Lib/chunk.py /home/yaroslav/Python-3.2.2/_install/lib/python3.2
/usr/bin/install -c -m 644 ./Lib/cmd.py /home/yaroslav/Python-3.2.2/_install/lib/python3.2
/usr/bin/install -c -m 644 ./Lib/code.py /home/yaroslav/Python-3.2.2/_install/lib/python3.2
/usr/bin/install -c -m 644 ./Lib/codecs.py /home/yaroslav/Python-3.2.2/_install/lib/python3.2
/usr/bin/install -c -m 644 ./Lib/codeop.py /home/yaroslav/Python-3.2.2/_install/lib/python3.2
/usr/bin/install -c -m 644 ./Lib/collections.py /home/yaroslav/Python-3.2.2/_install/lib/python3.2
/usr/bin/install -c -m 644 ./Lib/colorsys.py /home/yaroslav/Python-3.2.2/_install/lib/python3.2
/usr/bin/install -c -m 644 ./Lib/compileall.py /home/yaroslav/Python-3.2.2/_install/lib/python3.2
/usr/bin/install -c -m 644 ./Lib/configparser.py /home/yaroslav/Python-3.2.2/_install/lib/python3.2
/usr/bin/install -c -m 644 ./Lib/contextlib.py /home/yaroslav/Python-3.2.2/_install/lib/python3.2
/usr/bin/install -c -m 644 ./Lib/copy.py /home/yaroslav/Python-3.2.2/_install/lib/python3.2
/usr/bin/install -c -m 644 ./Lib/copyreg.py /home/yaroslav/Python-3.2.2/_install/lib/python3.2
/usr/bin/install -c -m 644 ./Lib/csv.py /home/yaroslav/Python-3.2.2/_install/lib/python3.2
/usr/bin/install -c -m 644 ./Lib/datetime.py /home/yaroslav/Python-3.2.2/_install/lib/python3.2
/usr/bin/install -c -m 644 ./Lib/decimal.py /home/yaroslav/Python-3.2.2/_install/lib/python3.2
/usr/bin/install -c -m 644 ./Lib/difflib.py /home/yaroslav/Python-3.2.2/_install/lib/python3.2
/usr/bin/install -c -m 644 ./Lib/dis.py /home/yaroslav/Python-3.2.2/_install/lib/python3.2
/usr/bin/install -c -m 644 ./Lib/doctest.py /home/yaroslav/Python-3.2.2/_install/lib/python3.2
/usr/bin/install -c -m 644 ./Lib/dummy_threading.py /home/yaroslav/Python-3.2.2/_install/lib/python3.2
/usr/bin/install -c -m 644 ./Lib/filecmp.py /home/yaroslav/Python-3.2.2/_install/lib/python3.2
/usr/bin/install -c -m 644 ./Lib/fileinput.py /home/yaroslav/Python-3.2.2/_install/lib/python3.2
/usr/bin/install -c -m 644 ./Lib/fnmatch.py /home/yaroslav/Python-3.2.2/_install/lib/python3.2
/usr/bin/install -c -m 644 ./Lib/formatter.py /home/yaroslav/Python-3.2.2/_install/lib/python3.2
/usr/bin/install -c -m 644 ./Lib/fractions.py /home/yaroslav/Python-3.2.2/_install/lib/python3.2
/usr/bin/install -c -m 644 ./Lib/ftplib.py /home/yaroslav/Python-3.2.2/_install/lib/python3.2
/usr/bin/install -c -m 644 ./Lib/functools.py /home/yaroslav/Python-3.2.2/_install/lib/python3.2
/usr/bin/install -c -m 644 ./Lib/genericpath.py /home/yaroslav/Python-3.2.2/_install/lib/python3.2
/usr/bin/install -c -m 644 ./Lib/getopt.py /home/yaroslav/Python-3.2.2/_install/lib/python3.2
/usr/bin/install -c -m 644 ./Lib/getpass.py /home/yaroslav/Python-3.2.2/_install/lib/python3.2
/usr/bin/install -c -m 644 ./Lib/gettext.py /home/yaroslav/Python-3.2.2/_install/lib/python3.2
/usr/bin/install -c -m 644 ./Lib/glob.py /home/yaroslav/Python-3.2.2/_install/lib/python3.2
/usr/bin/install -c -m 644 ./Lib/gzip.py /home/yaroslav/Python-3.2.2/_install/lib/python3.2
/usr/bin/install -c -m 644 ./Lib/hashlib.py /home/yaroslav/Python-3.2.2/_install/lib/python3.2
/usr/bin/install -c -m 644 ./Lib/heapq.py /home/yaroslav/Python-3.2.2/_install/lib/python3.2
/usr/bin/install -c -m 644 ./Lib/hmac.py /home/yaroslav/Python-3.2.2/_install/lib/python3.2
/usr/bin/install -c -m 644 ./Lib/imaplib.py /home/yaroslav/Python-3.2.2/_install/lib/python3.2
/usr/bin/install -c -m 644 ./Lib/imghdr.py /home/yaroslav/Python-3.2.2/_install/lib/python3.2
/usr/bin/install -c -m 644 ./Lib/inspect.py /home/yaroslav/Python-3.2.2/_install/lib/python3.2
/usr/bin/install -c -m 644 ./Lib/io.py /home/yaroslav/Python-3.2.2/_install/lib/python3.2
/usr/bin/install -c ./Lib/keyword.py /home/yaroslav/Python-3.2.2/_install/lib/python3.2
/usr/bin/install -c -m 644 ./Lib/linecache.py /home/yaroslav/Python-3.2.2/_install/lib/python3.2
/usr/bin/install -c -m 644 ./Lib/locale.py /home/yaroslav/Python-3.2.2/_install/lib/python3.2
/usr/bin/install -c -m 644 ./Lib/macpath.py /home/yaroslav/Python-3.2.2/_install/lib/python3.2
/usr/bin/install -c -m 644 ./Lib/macurl2path.py /home/yaroslav/Python-3.2.2/_install/lib/python3.2
/usr/bin/install -c -m 644 ./Lib/mailbox.py /home/yaroslav/Python-3.2.2/_install/lib/python3.2
/usr/bin/install -c -m 644 ./Lib/mailcap.py /home/yaroslav/Python-3.2.2/_install/lib/python3.2
/usr/bin/install -c -m 644 ./Lib/mimetypes.py /home/yaroslav/Python-3.2.2/_install/lib/python3.2
/usr/bin/install -c -m 644 ./Lib/modulefinder.py /home/yaroslav/Python-3.2.2/_install/lib/python3.2
/usr/bin/install -c -m 644 ./Lib/netrc.py /home/yaroslav/Python-3.2.2/_install/lib/python3.2
/usr/bin/install -c -m 644 ./Lib/nntplib.py /home/yaroslav/Python-3.2.2/_install/lib/python3.2
/usr/bin/install -c -m 644 ./Lib/ntpath.py /home/yaroslav/Python-3.2.2/_install/lib/python3.2
/usr/bin/install -c -m 644 ./Lib/nturl2path.py /home/yaroslav/Python-3.2.2/_install/lib/python3.2
/usr/bin/install -c -m 644 ./Lib/numbers.py /home/yaroslav/Python-3.2.2/_install/lib/python3.2
/usr/bin/install -c -m 644 ./Lib/opcode.py /home/yaroslav/Python-3.2.2/_install/lib/python3.2
/usr/bin/install -c -m 644 ./Lib/optparse.py /home/yaroslav/Python-3.2.2/_install/lib/python3.2
/usr/bin/install -c -m 644 ./Lib/os.py /home/yaroslav/Python-3.2.2/_install/lib/python3.2
/usr/bin/install -c -m 644 ./Lib/os2emxpath.py /home/yaroslav/Python-3.2.2/_install/lib/python3.2
/usr/bin/install -c ./Lib/pdb.py /home/yaroslav/Python-3.2.2/_install/lib/python3.2
/usr/bin/install -c -m 644 ./Lib/pickle.py /home/yaroslav/Python-3.2.2/_install/lib/python3.2
/usr/bin/install -c -m 644 ./Lib/pickletools.py /home/yaroslav/Python-3.2.2/_install/lib/python3.2
/usr/bin/install -c -m 644 ./Lib/pipes.py /home/yaroslav/Python-3.2.2/_install/lib/python3.2
/usr/bin/install -c -m 644 ./Lib/pkgutil.py /home/yaroslav/Python-3.2.2/_install/lib/python3.2
/usr/bin/install -c ./Lib/platform.py /home/yaroslav/Python-3.2.2/_install/lib/python3.2
/usr/bin/install -c -m 644 ./Lib/plistlib.py /home/yaroslav/Python-3.2.2/_install/lib/python3.2
/usr/bin/install -c -m 644 ./Lib/poplib.py /home/yaroslav/Python-3.2.2/_install/lib/python3.2
/usr/bin/install -c -m 644 ./Lib/posixpath.py /home/yaroslav/Python-3.2.2/_install/lib/python3.2
/usr/bin/install -c -m 644 ./Lib/pprint.py /home/yaroslav/Python-3.2.2/_install/lib/python3.2
/usr/bin/install -c ./Lib/profile.py /home/yaroslav/Python-3.2.2/_install/lib/python3.2
/usr/bin/install -c -m 644 ./Lib/pstats.py /home/yaroslav/Python-3.2.2/_install/lib/python3.2
/usr/bin/install -c -m 644 ./Lib/pty.py /home/yaroslav/Python-3.2.2/_install/lib/python3.2
/usr/bin/install -c -m 644 ./Lib/py_compile.py /home/yaroslav/Python-3.2.2/_install/lib/python3.2
/usr/bin/install -c -m 644 ./Lib/pyclbr.py /home/yaroslav/Python-3.2.2/_install/lib/python3.2
/usr/bin/install -c ./Lib/pydoc.py /home/yaroslav/Python-3.2.2/_install/lib/python3.2
/usr/bin/install -c -m 644 ./Lib/queue.py /home/yaroslav/Python-3.2.2/_install/lib/python3.2
/usr/bin/install -c ./Lib/quopri.py /home/yaroslav/Python-3.2.2/_install/lib/python3.2
/usr/bin/install -c -m 644 ./Lib/random.py /home/yaroslav/Python-3.2.2/_install/lib/python3.2
/usr/bin/install -c -m 644 ./Lib/re.py /home/yaroslav/Python-3.2.2/_install/lib/python3.2
/usr/bin/install -c -m 644 ./Lib/reprlib.py /home/yaroslav/Python-3.2.2/_install/lib/python3.2
/usr/bin/install -c -m 644 ./Lib/rlcompleter.py /home/yaroslav/Python-3.2.2/_install/lib/python3.2
/usr/bin/install -c -m 644 ./Lib/runpy.py /home/yaroslav/Python-3.2.2/_install/lib/python3.2
/usr/bin/install -c -m 644 ./Lib/sched.py /home/yaroslav/Python-3.2.2/_install/lib/python3.2
/usr/bin/install -c -m 644 ./Lib/shelve.py /home/yaroslav/Python-3.2.2/_install/lib/python3.2
/usr/bin/install -c -m 644 ./Lib/shlex.py /home/yaroslav/Python-3.2.2/_install/lib/python3.2
/usr/bin/install -c -m 644 ./Lib/shutil.py /home/yaroslav/Python-3.2.2/_install/lib/python3.2
/usr/bin/install -c -m 644 ./Lib/site.py /home/yaroslav/Python-3.2.2/_install/lib/python3.2
/usr/bin/install -c ./Lib/smtpd.py /home/yaroslav/Python-3.2.2/_install/lib/python3.2
/usr/bin/install -c -m 644 ./Lib/smtplib.py /home/yaroslav/Python-3.2.2/_install/lib/python3.2
/usr/bin/install -c -m 644 ./Lib/sndhdr.py /home/yaroslav/Python-3.2.2/_install/lib/python3.2
/usr/bin/install -c -m 644 ./Lib/socket.py /home/yaroslav/Python-3.2.2/_install/lib/python3.2
/usr/bin/install -c -m 644 ./Lib/socketserver.py /home/yaroslav/Python-3.2.2/_install/lib/python3.2
/usr/bin/install -c -m 644 ./Lib/sre_compile.py /home/yaroslav/Python-3.2.2/_install/lib/python3.2
/usr/bin/install -c -m 644 ./Lib/sre_constants.py /home/yaroslav/Python-3.2.2/_install/lib/python3.2
/usr/bin/install -c -m 644 ./Lib/sre_parse.py /home/yaroslav/Python-3.2.2/_install/lib/python3.2
/usr/bin/install -c -m 644 ./Lib/ssl.py /home/yaroslav/Python-3.2.2/_install/lib/python3.2
/usr/bin/install -c -m 644 ./Lib/stat.py /home/yaroslav/Python-3.2.2/_install/lib/python3.2
/usr/bin/install -c -m 644 ./Lib/string.py /home/yaroslav/Python-3.2.2/_install/lib/python3.2
/usr/bin/install -c -m 644 ./Lib/stringprep.py /home/yaroslav/Python-3.2.2/_install/lib/python3.2
/usr/bin/install -c -m 644 ./Lib/struct.py /home/yaroslav/Python-3.2.2/_install/lib/python3.2
/usr/bin/install -c -m 644 ./Lib/subprocess.py /home/yaroslav/Python-3.2.2/_install/lib/python3.2
/usr/bin/install -c -m 644 ./Lib/sunau.py /home/yaroslav/Python-3.2.2/_install/lib/python3.2
/usr/bin/install -c ./Lib/symbol.py /home/yaroslav/Python-3.2.2/_install/lib/python3.2
/usr/bin/install -c -m 644 ./Lib/symtable.py /home/yaroslav/Python-3.2.2/_install/lib/python3.2
/usr/bin/install -c -m 644 ./Lib/sysconfig.py /home/yaroslav/Python-3.2.2/_install/lib/python3.2
/usr/bin/install -c ./Lib/tabnanny.py /home/yaroslav/Python-3.2.2/_install/lib/python3.2
/usr/bin/install -c -m 644 ./Lib/tarfile.py /home/yaroslav/Python-3.2.2/_install/lib/python3.2
/usr/bin/install -c -m 644 ./Lib/telnetlib.py /home/yaroslav/Python-3.2.2/_install/lib/python3.2
/usr/bin/install -c -m 644 ./Lib/tempfile.py /home/yaroslav/Python-3.2.2/_install/lib/python3.2
/usr/bin/install -c -m 644 ./Lib/textwrap.py /home/yaroslav/Python-3.2.2/_install/lib/python3.2
/usr/bin/install -c -m 644 ./Lib/this.py /home/yaroslav/Python-3.2.2/_install/lib/python3.2
/usr/bin/install -c -m 644 ./Lib/threading.py /home/yaroslav/Python-3.2.2/_install/lib/python3.2
/usr/bin/install -c -m 644 ./Lib/timeit.py /home/yaroslav/Python-3.2.2/_install/lib/python3.2
/usr/bin/install -c ./Lib/token.py /home/yaroslav/Python-3.2.2/_install/lib/python3.2
/usr/bin/install -c -m 644 ./Lib/tokenize.py /home/yaroslav/Python-3.2.2/_install/lib/python3.2
/usr/bin/install -c -m 644 ./Lib/trace.py /home/yaroslav/Python-3.2.2/_install/lib/python3.2
/usr/bin/install -c -m 644 ./Lib/traceback.py /home/yaroslav/Python-3.2.2/_install/lib/python3.2
/usr/bin/install -c -m 644 ./Lib/tty.py /home/yaroslav/Python-3.2.2/_install/lib/python3.2
/usr/bin/install -c -m 644 ./Lib/turtle.py /home/yaroslav/Python-3.2.2/_install/lib/python3.2
/usr/bin/install -c -m 644 ./Lib/types.py /home/yaroslav/Python-3.2.2/_install/lib/python3.2
/usr/bin/install -c ./Lib/uu.py /home/yaroslav/Python-3.2.2/_install/lib/python3.2
/usr/bin/install -c -m 644 ./Lib/uuid.py /home/yaroslav/Python-3.2.2/_install/lib/python3.2
/usr/bin/install -c -m 644 ./Lib/warnings.py /home/yaroslav/Python-3.2.2/_install/lib/python3.2
/usr/bin/install -c -m 644 ./Lib/wave.py /home/yaroslav/Python-3.2.2/_install/lib/python3.2
/usr/bin/install -c -m 644 ./Lib/weakref.py /home/yaroslav/Python-3.2.2/_install/lib/python3.2
/usr/bin/install -c -m 644 ./Lib/webbrowser.py /home/yaroslav/Python-3.2.2/_install/lib/python3.2
/usr/bin/install -c -m 644 ./Lib/xdrlib.py /home/yaroslav/Python-3.2.2/_install/lib/python3.2
/usr/bin/install -c -m 644 ./Lib/zipfile.py /home/yaroslav/Python-3.2.2/_install/lib/python3.2
/usr/bin/install -c -m 644 ./Lib/wsgiref.egg-info /home/yaroslav/Python-3.2.2/_install/lib/python3.2
/usr/bin/install -c -m 644 ./Lib/tkinter/__init__.py /home/yaroslav/Python-3.2.2/_install/lib/python3.2/tkinter
/usr/bin/install -c -m 644 ./Lib/tkinter/__main__.py /home/yaroslav/Python-3.2.2/_install/lib/python3.2/tkinter
/usr/bin/install -c -m 644 ./Lib/tkinter/_fix.py /home/yaroslav/Python-3.2.2/_install/lib/python3.2/tkinter
/usr/bin/install -c -m 644 ./Lib/tkinter/colorchooser.py /home/yaroslav/Python-3.2.2/_install/lib/python3.2/tkinter
/usr/bin/install -c -m 644 ./Lib/tkinter/commondialog.py /home/yaroslav/Python-3.2.2/_install/lib/python3.2/tkinter
/usr/bin/install -c -m 644 ./Lib/tkinter/constants.py /home/yaroslav/Python-3.2.2/_install/lib/python3.2/tkinter
/usr/bin/install -c -m 644 ./Lib/tkinter/dialog.py /home/yaroslav/Python-3.2.2/_install/lib/python3.2/tkinter
/usr/bin/install -c -m 644 ./Lib/tkinter/dnd.py /home/yaroslav/Python-3.2.2/_install/lib/python3.2/tkinter
/usr/bin/install -c -m 644 ./Lib/tkinter/filedialog.py /home/yaroslav/Python-3.2.2/_install/lib/python3.2/tkinter
/usr/bin/install -c -m 644 ./Lib/tkinter/font.py /home/yaroslav/Python-3.2.2/_install/lib/python3.2/tkinter
/usr/bin/install -c -m 644 ./Lib/tkinter/messagebox.py /home/yaroslav/Python-3.2.2/_install/lib/python3.2/tkinter
/usr/bin/install -c -m 644 ./Lib/tkinter/scrolledtext.py /home/yaroslav/Python-3.2.2/_install/lib/python3.2/tkinter
/usr/bin/install -c -m 644 ./Lib/tkinter/simpledialog.py /home/yaroslav/Python-3.2.2/_install/lib/python3.2/tkinter
/usr/bin/install -c -m 644 ./Lib/tkinter/tix.py /home/yaroslav/Python-3.2.2/_install/lib/python3.2/tkinter
/usr/bin/install -c -m 644 ./Lib/tkinter/ttk.py /home/yaroslav/Python-3.2.2/_install/lib/python3.2/tkinter
/usr/bin/install -c -m 644 ./Lib/tkinter/test/README /home/yaroslav/Python-3.2.2/_install/lib/python3.2/tkinter/test
/usr/bin/install -c -m 644 ./Lib/tkinter/test/__init__.py /home/yaroslav/Python-3.2.2/_install/lib/python3.2/tkinter/test
/usr/bin/install -c -m 644 ./Lib/tkinter/test/runtktests.py /home/yaroslav/Python-3.2.2/_install/lib/python3.2/tkinter/test
/usr/bin/install -c -m 644 ./Lib/tkinter/test/support.py /home/yaroslav/Python-3.2.2/_install/lib/python3.2/tkinter/test
/usr/bin/install -c -m 644 ./Lib/tkinter/test/test_tkinter/__init__.py /home/yaroslav/Python-3.2.2/_install/lib/python3.2/tkinter/test/test_tkinter
/usr/bin/install -c -m 644 ./Lib/tkinter/test/test_tkinter/test_font.py /home/yaroslav/Python-3.2.2/_install/lib/python3.2/tkinter/test/test_tkinter
/usr/bin/install -c -m 644 ./Lib/tkinter/test/test_tkinter/test_loadtk.py /home/yaroslav/Python-3.2.2/_install/lib/python3.2/tkinter/test/test_tkinter
/usr/bin/install -c -m 644 ./Lib/tkinter/test/test_tkinter/test_text.py /home/yaroslav/Python-3.2.2/_install/lib/python3.2/tkinter/test/test_tkinter
/usr/bin/install -c -m 644 ./Lib/tkinter/test/test_ttk/__init__.py /home/yaroslav/Python-3.2.2/_install/lib/python3.2/tkinter/test/test_ttk
/usr/bin/install -c -m 644 ./Lib/tkinter/test/test_ttk/test_extensions.py /home/yaroslav/Python-3.2.2/_install/lib/python3.2/tkinter/test/test_ttk
/usr/bin/install -c -m 644 ./Lib/tkinter/test/test_ttk/test_functions.py /home/yaroslav/Python-3.2.2/_install/lib/python3.2/tkinter/test/test_ttk
/usr/bin/install -c -m 644 ./Lib/tkinter/test/test_ttk/test_style.py /home/yaroslav/Python-3.2.2/_install/lib/python3.2/tkinter/test/test_ttk
/usr/bin/install -c -m 644 ./Lib/tkinter/test/test_ttk/test_widgets.py /home/yaroslav/Python-3.2.2/_install/lib/python3.2/tkinter/test/test_ttk
/usr/bin/install -c -m 644 ./Lib/site-packages/README /home/yaroslav/Python-3.2.2/_install/lib/python3.2/site-packages
/usr/bin/install -c -m 644 ./Lib/test/185test.db /home/yaroslav/Python-3.2.2/_install/lib/python3.2/test
/usr/bin/install -c -m 644 ./Lib/test/Sine-1000Hz-300ms.aif /home/yaroslav/Python-3.2.2/_install/lib/python3.2/test
/usr/bin/install -c -m 644 ./Lib/test/__init__.py /home/yaroslav/Python-3.2.2/_install/lib/python3.2/test
/usr/bin/install -c -m 644 ./Lib/test/__main__.py /home/yaroslav/Python-3.2.2/_install/lib/python3.2/test
/usr/bin/install -c -m 644 ./Lib/test/audiotest.au /home/yaroslav/Python-3.2.2/_install/lib/python3.2/test
/usr/bin/install -c -m 644 ./Lib/test/autotest.py /home/yaroslav/Python-3.2.2/_install/lib/python3.2/test
/usr/bin/install -c -m 644 ./Lib/test/bad_coding.py /home/yaroslav/Python-3.2.2/_install/lib/python3.2/test
/usr/bin/install -c -m 644 ./Lib/test/bad_coding2.py /home/yaroslav/Python-3.2.2/_install/lib/python3.2/test
/usr/bin/install -c -m 644 ./Lib/test/badcert.pem /home/yaroslav/Python-3.2.2/_install/lib/python3.2/test
/usr/bin/install -c -m 644 ./Lib/test/badkey.pem /home/yaroslav/Python-3.2.2/_install/lib/python3.2/test
/usr/bin/install -c -m 644 ./Lib/test/badsyntax_3131.py /home/yaroslav/Python-3.2.2/_install/lib/python3.2/test
/usr/bin/install -c -m 644 ./Lib/test/badsyntax_future3.py /home/yaroslav/Python-3.2.2/_install/lib/python3.2/test
/usr/bin/install -c -m 644 ./Lib/test/badsyntax_future4.py /home/yaroslav/Python-3.2.2/_install/lib/python3.2/test
/usr/bin/install -c -m 644 ./Lib/test/badsyntax_future5.py /home/yaroslav/Python-3.2.2/_install/lib/python3.2/test
/usr/bin/install -c -m 644 ./Lib/test/badsyntax_future6.py /home/yaroslav/Python-3.2.2/_install/lib/python3.2/test
/usr/bin/install -c -m 644 ./Lib/test/badsyntax_future7.py /home/yaroslav/Python-3.2.2/_install/lib/python3.2/test
/usr/bin/install -c -m 644 ./Lib/test/badsyntax_future8.py /home/yaroslav/Python-3.2.2/_install/lib/python3.2/test
/usr/bin/install -c -m 644 ./Lib/test/badsyntax_future9.py /home/yaroslav/Python-3.2.2/_install/lib/python3.2/test
/usr/bin/install -c -m 644 ./Lib/test/badsyntax_pep3120.py /home/yaroslav/Python-3.2.2/_install/lib/python3.2/test
/usr/bin/install -c -m 644 ./Lib/test/buffer_tests.py /home/yaroslav/Python-3.2.2/_install/lib/python3.2/test
/usr/bin/install -c -m 644 ./Lib/test/cfgparser.1 /home/yaroslav/Python-3.2.2/_install/lib/python3.2/test
/usr/bin/install -c -m 644 ./Lib/test/cfgparser.2 /home/yaroslav/Python-3.2.2/_install/lib/python3.2/test
/usr/bin/install -c -m 644 ./Lib/test/cfgparser.3 /home/yaroslav/Python-3.2.2/_install/lib/python3.2/test
/usr/bin/install -c -m 644 ./Lib/test/check_soundcard.vbs /home/yaroslav/Python-3.2.2/_install/lib/python3.2/test
/usr/bin/install -c -m 644 ./Lib/test/cmath_testcases.txt /home/yaroslav/Python-3.2.2/_install/lib/python3.2/test
/usr/bin/install -c -m 644 ./Lib/test/curses_tests.py /home/yaroslav/Python-3.2.2/_install/lib/python3.2/test
/usr/bin/install -c -m 644 ./Lib/test/datetimetester.py /home/yaroslav/Python-3.2.2/_install/lib/python3.2/test
/usr/bin/install -c -m 644 ./Lib/test/dis_module.py /home/yaroslav/Python-3.2.2/_install/lib/python3.2/test
/usr/bin/install -c -m 644 ./Lib/test/doctest_aliases.py /home/yaroslav/Python-3.2.2/_install/lib/python3.2/test
/usr/bin/install -c -m 644 ./Lib/test/double_const.py /home/yaroslav/Python-3.2.2/_install/lib/python3.2/test
/usr/bin/install -c -m 644 ./Lib/test/empty.vbs /home/yaroslav/Python-3.2.2/_install/lib/python3.2/test
/usr/bin/install -c -m 644 ./Lib/test/exception_hierarchy.txt /home/yaroslav/Python-3.2.2/_install/lib/python3.2/test
/usr/bin/install -c -m 644 ./Lib/test/floating_points.txt /home/yaroslav/Python-3.2.2/_install/lib/python3.2/test
/usr/bin/install -c -m 644 ./Lib/test/fork_wait.py /home/yaroslav/Python-3.2.2/_install/lib/python3.2/test
/usr/bin/install -c -m 644 ./Lib/test/formatfloat_testcases.txt /home/yaroslav/Python-3.2.2/_install/lib/python3.2/test
/usr/bin/install -c -m 644 ./Lib/test/gdb_sample.py /home/yaroslav/Python-3.2.2/_install/lib/python3.2/test
/usr/bin/install -c -m 644 ./Lib/test/https_svn_python_org_root.pem /home/yaroslav/Python-3.2.2/_install/lib/python3.2/test
/usr/bin/install -c -m 644 ./Lib/test/ieee754.txt /home/yaroslav/Python-3.2.2/_install/lib/python3.2/test
/usr/bin/install -c -m 644 ./Lib/test/inspect_fodder.py /home/yaroslav/Python-3.2.2/_install/lib/python3.2/test
/usr/bin/install -c -m 644 ./Lib/test/inspect_fodder2.py /home/yaroslav/Python-3.2.2/_install/lib/python3.2/test
/usr/bin/install -c -m 644 ./Lib/test/keycert.pem /home/yaroslav/Python-3.2.2/_install/lib/python3.2/test
/usr/bin/install -c -m 644 ./Lib/test/keycert2.pem /home/yaroslav/Python-3.2.2/_install/lib/python3.2/test
/usr/bin/install -c -m 644 ./Lib/test/list_tests.py /home/yaroslav/Python-3.2.2/_install/lib/python3.2/test
/usr/bin/install -c -m 644 ./Lib/test/lock_tests.py /home/yaroslav/Python-3.2.2/_install/lib/python3.2/test
/usr/bin/install -c -m 644 ./Lib/test/make_ssl_certs.py /home/yaroslav/Python-3.2.2/_install/lib/python3.2/test
/usr/bin/install -c -m 644 ./Lib/test/mapping_tests.py /home/yaroslav/Python-3.2.2/_install/lib/python3.2/test
/usr/bin/install -c -m 644 ./Lib/test/math_testcases.txt /home/yaroslav/Python-3.2.2/_install/lib/python3.2/test
/usr/bin/install -c -m 644 ./Lib/test/mock_socket.py /home/yaroslav/Python-3.2.2/_install/lib/python3.2/test
/usr/bin/install -c -m 644 ./Lib/test/nullcert.pem /home/yaroslav/Python-3.2.2/_install/lib/python3.2/test
/usr/bin/install -c -m 644 ./Lib/test/outstanding_bugs.py /home/yaroslav/Python-3.2.2/_install/lib/python3.2/test
/usr/bin/install -c -m 644 ./Lib/test/pickletester.py /home/yaroslav/Python-3.2.2/_install/lib/python3.2/test
/usr/bin/install -c -m 644 ./Lib/test/profilee.py /home/yaroslav/Python-3.2.2/_install/lib/python3.2/test
/usr/bin/install -c -m 644 ./Lib/test/pstats.pck /home/yaroslav/Python-3.2.2/_install/lib/python3.2/test
/usr/bin/install -c -m 644 ./Lib/test/pyclbr_input.py /home/yaroslav/Python-3.2.2/_install/lib/python3.2/test
/usr/bin/install -c -m 644 ./Lib/test/pydoc_mod.py /home/yaroslav/Python-3.2.2/_install/lib/python3.2/test
/usr/bin/install -c -m 644 ./Lib/test/pydocfodder.py /home/yaroslav/Python-3.2.2/_install/lib/python3.2/test
/usr/bin/install -c ./Lib/test/pystone.py /home/yaroslav/Python-3.2.2/_install/lib/python3.2/test
/usr/bin/install -c -m 644 ./Lib/test/randv2_32.pck /home/yaroslav/Python-3.2.2/_install/lib/python3.2/test
/usr/bin/install -c -m 644 ./Lib/test/randv2_64.pck /home/yaroslav/Python-3.2.2/_install/lib/python3.2/test
/usr/bin/install -c -m 644 ./Lib/test/randv3.pck /home/yaroslav/Python-3.2.2/_install/lib/python3.2/test
/usr/bin/install -c ./Lib/test/re_tests.py /home/yaroslav/Python-3.2.2/_install/lib/python3.2/test
/usr/bin/install -c -m 644 ./Lib/test/regex_tests.py /home/yaroslav/Python-3.2.2/_install/lib/python3.2/test
/usr/bin/install -c ./Lib/test/regrtest.py /home/yaroslav/Python-3.2.2/_install/lib/python3.2/test
/usr/bin/install -c -m 644 ./Lib/test/relimport.py /home/yaroslav/Python-3.2.2/_install/lib/python3.2/test
/usr/bin/install -c -m 644 ./Lib/test/reperf.py /home/yaroslav/Python-3.2.2/_install/lib/python3.2/test
/usr/bin/install -c -m 644 ./Lib/test/sample_doctest.py /home/yaroslav/Python-3.2.2/_install/lib/python3.2/test
/usr/bin/install -c -m 644 ./Lib/test/script_helper.py /home/yaroslav/Python-3.2.2/_install/lib/python3.2/test
/usr/bin/install -c -m 644 ./Lib/test/seq_tests.py /home/yaroslav/Python-3.2.2/_install/lib/python3.2/test
/usr/bin/install -c -m 644 ./Lib/test/sgml_input.html /home/yaroslav/Python-3.2.2/_install/lib/python3.2/test
/usr/bin/install -c -m 644 ./Lib/test/sha256.pem /home/yaroslav/Python-3.2.2/_install/lib/python3.2/test
/usr/bin/install -c -m 644 ./Lib/test/sortperf.py /home/yaroslav/Python-3.2.2/_install/lib/python3.2/test
/usr/bin/install -c -m 644 ./Lib/test/ssl_cert.pem /home/yaroslav/Python-3.2.2/_install/lib/python3.2/test
/usr/bin/install -c -m 644 ./Lib/test/ssl_key.pem /home/yaroslav/Python-3.2.2/_install/lib/python3.2/test
/usr/bin/install -c -m 644 ./Lib/test/ssl_servers.py /home/yaroslav/Python-3.2.2/_install/lib/python3.2/test
/usr/bin/install -c -m 644 ./Lib/test/string_tests.py /home/yaroslav/Python-3.2.2/_install/lib/python3.2/test
/usr/bin/install -c -m 644 ./Lib/test/support.py /home/yaroslav/Python-3.2.2/_install/lib/python3.2/test
/usr/bin/install -c -m 644 ./Lib/test/svn_python_org_https_cert.pem /home/yaroslav/Python-3.2.2/_install/lib/python3.2/test
/usr/bin/install -c -m 644 ./Lib/test/test___all__.py /home/yaroslav/Python-3.2.2/_install/lib/python3.2/test
/usr/bin/install -c -m 644 ./Lib/test/test___future__.py /home/yaroslav/Python-3.2.2/_install/lib/python3.2/test
/usr/bin/install -c -m 644 ./Lib/test/test__locale.py /home/yaroslav/Python-3.2.2/_install/lib/python3.2/test
/usr/bin/install -c -m 644 ./Lib/test/test_abc.py /home/yaroslav/Python-3.2.2/_install/lib/python3.2/test
/usr/bin/install -c -m 644 ./Lib/test/test_abstract_numbers.py /home/yaroslav/Python-3.2.2/_install/lib/python3.2/test
/usr/bin/install -c -m 644 ./Lib/test/test_aifc.py /home/yaroslav/Python-3.2.2/_install/lib/python3.2/test
/usr/bin/install -c -m 644 ./Lib/test/test_argparse.py /home/yaroslav/Python-3.2.2/_install/lib/python3.2/test
/usr/bin/install -c ./Lib/test/test_array.py /home/yaroslav/Python-3.2.2/_install/lib/python3.2/test
/usr/bin/install -c -m 644 ./Lib/test/test_ast.py /home/yaroslav/Python-3.2.2/_install/lib/python3.2/test
/usr/bin/install -c -m 644 ./Lib/test/test_asynchat.py /home/yaroslav/Python-3.2.2/_install/lib/python3.2/test
/usr/bin/install -c -m 644 ./Lib/test/test_asyncore.py /home/yaroslav/Python-3.2.2/_install/lib/python3.2/test
/usr/bin/install -c -m 644 ./Lib/test/test_atexit.py /home/yaroslav/Python-3.2.2/_install/lib/python3.2/test
/usr/bin/install -c -m 644 ./Lib/test/test_audioop.py /home/yaroslav/Python-3.2.2/_install/lib/python3.2/test
/usr/bin/install -c -m 644 ./Lib/test/test_augassign.py /home/yaroslav/Python-3.2.2/_install/lib/python3.2/test
/usr/bin/install -c -m 644 ./Lib/test/test_base64.py /home/yaroslav/Python-3.2.2/_install/lib/python3.2/test
/usr/bin/install -c -m 644 ./Lib/test/test_bigaddrspace.py /home/yaroslav/Python-3.2.2/_install/lib/python3.2/test
/usr/bin/install -c -m 644 ./Lib/test/test_bigmem.py /home/yaroslav/Python-3.2.2/_install/lib/python3.2/test
/usr/bin/install -c -m 644 ./Lib/test/test_binascii.py /home/yaroslav/Python-3.2.2/_install/lib/python3.2/test
/usr/bin/install -c ./Lib/test/test_binhex.py /home/yaroslav/Python-3.2.2/_install/lib/python3.2/test
/usr/bin/install -c -m 644 ./Lib/test/test_binop.py /home/yaroslav/Python-3.2.2/_install/lib/python3.2/test
/usr/bin/install -c -m 644 ./Lib/test/test_bisect.py /home/yaroslav/Python-3.2.2/_install/lib/python3.2/test
/usr/bin/install -c -m 644 ./Lib/test/test_bool.py /home/yaroslav/Python-3.2.2/_install/lib/python3.2/test
/usr/bin/install -c -m 644 ./Lib/test/test_bufio.py /home/yaroslav/Python-3.2.2/_install/lib/python3.2/test
/usr/bin/install -c -m 644 ./Lib/test/test_builtin.py /home/yaroslav/Python-3.2.2/_install/lib/python3.2/test
/usr/bin/install -c -m 644 ./Lib/test/test_bytes.py /home/yaroslav/Python-3.2.2/_install/lib/python3.2/test
/usr/bin/install -c -m 644 ./Lib/test/test_bz2.py /home/yaroslav/Python-3.2.2/_install/lib/python3.2/test
/usr/bin/install -c -m 644 ./Lib/test/test_calendar.py /home/yaroslav/Python-3.2.2/_install/lib/python3.2/test
/usr/bin/install -c -m 644 ./Lib/test/test_call.py /home/yaroslav/Python-3.2.2/_install/lib/python3.2/test
/usr/bin/install -c -m 644 ./Lib/test/test_capi.py /home/yaroslav/Python-3.2.2/_install/lib/python3.2/test
/usr/bin/install -c -m 644 ./Lib/test/test_cfgparser.py /home/yaroslav/Python-3.2.2/_install/lib/python3.2/test
/usr/bin/install -c -m 644 ./Lib/test/test_cgi.py /home/yaroslav/Python-3.2.2/_install/lib/python3.2/test
/usr/bin/install -c -m 644 ./Lib/test/test_charmapcodec.py /home/yaroslav/Python-3.2.2/_install/lib/python3.2/test
/usr/bin/install -c -m 644 ./Lib/test/test_class.py /home/yaroslav/Python-3.2.2/_install/lib/python3.2/test
/usr/bin/install -c -m 644 ./Lib/test/test_cmath.py /home/yaroslav/Python-3.2.2/_install/lib/python3.2/test
/usr/bin/install -c -m 644 ./Lib/test/test_cmd.py /home/yaroslav/Python-3.2.2/_install/lib/python3.2/test
/usr/bin/install -c -m 644 ./Lib/test/test_cmd_line.py /home/yaroslav/Python-3.2.2/_install/lib/python3.2/test
/usr/bin/install -c -m 644 ./Lib/test/test_cmd_line_script.py /home/yaroslav/Python-3.2.2/_install/lib/python3.2/test
/usr/bin/install -c -m 644 ./Lib/test/test_code.py /home/yaroslav/Python-3.2.2/_install/lib/python3.2/test
/usr/bin/install -c -m 644 ./Lib/test/test_codeccallbacks.py /home/yaroslav/Python-3.2.2/_install/lib/python3.2/test
/usr/bin/install -c -m 644 ./Lib/test/test_codecencodings_cn.py /home/yaroslav/Python-3.2.2/_install/lib/python3.2/test
/usr/bin/install -c -m 644 ./Lib/test/test_codecencodings_hk.py /home/yaroslav/Python-3.2.2/_install/lib/python3.2/test
/usr/bin/install -c -m 644 ./Lib/test/test_codecencodings_iso2022.py /home/yaroslav/Python-3.2.2/_install/lib/python3.2/test
/usr/bin/install -c -m 644 ./Lib/test/test_codecencodings_jp.py /home/yaroslav/Python-3.2.2/_install/lib/python3.2/test
/usr/bin/install -c -m 644 ./Lib/test/test_codecencodings_kr.py /home/yaroslav/Python-3.2.2/_install/lib/python3.2/test
/usr/bin/install -c -m 644 ./Lib/test/test_codecencodings_tw.py /home/yaroslav/Python-3.2.2/_install/lib/python3.2/test
/usr/bin/install -c -m 644 ./Lib/test/test_codecmaps_cn.py /home/yaroslav/Python-3.2.2/_install/lib/python3.2/test
/usr/bin/install -c -m 644 ./Lib/test/test_codecmaps_hk.py /home/yaroslav/Python-3.2.2/_install/lib/python3.2/test
/usr/bin/install -c -m 644 ./Lib/test/test_codecmaps_jp.py /home/yaroslav/Python-3.2.2/_install/lib/python3.2/test
/usr/bin/install -c -m 644 ./Lib/test/test_codecmaps_kr.py /home/yaroslav/Python-3.2.2/_install/lib/python3.2/test
/usr/bin/install -c -m 644 ./Lib/test/test_codecmaps_tw.py /home/yaroslav/Python-3.2.2/_install/lib/python3.2/test
/usr/bin/install -c -m 644 ./Lib/test/test_codecs.py /home/yaroslav/Python-3.2.2/_install/lib/python3.2/test
/usr/bin/install -c -m 644 ./Lib/test/test_codeop.py /home/yaroslav/Python-3.2.2/_install/lib/python3.2/test
/usr/bin/install -c -m 644 ./Lib/test/test_coding.py /home/yaroslav/Python-3.2.2/_install/lib/python3.2/test
/usr/bin/install -c -m 644 ./Lib/test/test_collections.py /home/yaroslav/Python-3.2.2/_install/lib/python3.2/test
/usr/bin/install -c -m 644 ./Lib/test/test_colorsys.py /home/yaroslav/Python-3.2.2/_install/lib/python3.2/test
/usr/bin/install -c -m 644 ./Lib/test/test_compare.py /home/yaroslav/Python-3.2.2/_install/lib/python3.2/test
/usr/bin/install -c -m 644 ./Lib/test/test_compile.py /home/yaroslav/Python-3.2.2/_install/lib/python3.2/test
/usr/bin/install -c -m 644 ./Lib/test/test_compileall.py /home/yaroslav/Python-3.2.2/_install/lib/python3.2/test
/usr/bin/install -c -m 644 ./Lib/test/test_complex.py /home/yaroslav/Python-3.2.2/_install/lib/python3.2/test
/usr/bin/install -c -m 644 ./Lib/test/test_concurrent_futures.py /home/yaroslav/Python-3.2.2/_install/lib/python3.2/test
/usr/bin/install -c -m 644 ./Lib/test/test_contains.py /home/yaroslav/Python-3.2.2/_install/lib/python3.2/test
/usr/bin/install -c -m 644 ./Lib/test/test_contextlib.py /home/yaroslav/Python-3.2.2/_install/lib/python3.2/test
/usr/bin/install -c -m 644 ./Lib/test/test_copy.py /home/yaroslav/Python-3.2.2/_install/lib/python3.2/test
/usr/bin/install -c -m 644 ./Lib/test/test_copyreg.py /home/yaroslav/Python-3.2.2/_install/lib/python3.2/test
/usr/bin/install -c -m 644 ./Lib/test/test_cprofile.py /home/yaroslav/Python-3.2.2/_install/lib/python3.2/test
/usr/bin/install -c -m 644 ./Lib/test/test_crypt.py /home/yaroslav/Python-3.2.2/_install/lib/python3.2/test
/usr/bin/install -c -m 644 ./Lib/test/test_csv.py /home/yaroslav/Python-3.2.2/_install/lib/python3.2/test
/usr/bin/install -c -m 644 ./Lib/test/test_ctypes.py /home/yaroslav/Python-3.2.2/_install/lib/python3.2/test
/usr/bin/install -c -m 644 ./Lib/test/test_curses.py /home/yaroslav/Python-3.2.2/_install/lib/python3.2/test
/usr/bin/install -c -m 644 ./Lib/test/test_datetime.py /home/yaroslav/Python-3.2.2/_install/lib/python3.2/test
/usr/bin/install -c -m 644 ./Lib/test/test_dbm.py /home/yaroslav/Python-3.2.2/_install/lib/python3.2/test
/usr/bin/install -c -m 644 ./Lib/test/test_dbm_dumb.py /home/yaroslav/Python-3.2.2/_install/lib/python3.2/test
/usr/bin/install -c ./Lib/test/test_dbm_gnu.py /home/yaroslav/Python-3.2.2/_install/lib/python3.2/test
/usr/bin/install -c ./Lib/test/test_dbm_ndbm.py /home/yaroslav/Python-3.2.2/_install/lib/python3.2/test
/usr/bin/install -c -m 644 ./Lib/test/test_decimal.py /home/yaroslav/Python-3.2.2/_install/lib/python3.2/test
/usr/bin/install -c -m 644 ./Lib/test/test_decorators.py /home/yaroslav/Python-3.2.2/_install/lib/python3.2/test
/usr/bin/install -c -m 644 ./Lib/test/test_defaultdict.py /home/yaroslav/Python-3.2.2/_install/lib/python3.2/test
/usr/bin/install -c -m 644 ./Lib/test/test_deque.py /home/yaroslav/Python-3.2.2/_install/lib/python3.2/test
/usr/bin/install -c -m 644 ./Lib/test/test_descr.py /home/yaroslav/Python-3.2.2/_install/lib/python3.2/test
/usr/bin/install -c -m 644 ./Lib/test/test_descrtut.py /home/yaroslav/Python-3.2.2/_install/lib/python3.2/test
/usr/bin/install -c -m 644 ./Lib/test/test_dict.py /home/yaroslav/Python-3.2.2/_install/lib/python3.2/test
/usr/bin/install -c -m 644 ./Lib/test/test_dictcomps.py /home/yaroslav/Python-3.2.2/_install/lib/python3.2/test
/usr/bin/install -c -m 644 ./Lib/test/test_dictviews.py /home/yaroslav/Python-3.2.2/_install/lib/python3.2/test
/usr/bin/install -c -m 644 ./Lib/test/test_difflib.py /home/yaroslav/Python-3.2.2/_install/lib/python3.2/test
/usr/bin/install -c -m 644 ./Lib/test/test_difflib_expect.html /home/yaroslav/Python-3.2.2/_install/lib/python3.2/test
/usr/bin/install -c -m 644 ./Lib/test/test_dis.py /home/yaroslav/Python-3.2.2/_install/lib/python3.2/test
/usr/bin/install -c -m 644 ./Lib/test/test_distutils.py /home/yaroslav/Python-3.2.2/_install/lib/python3.2/test
/usr/bin/install -c -m 644 ./Lib/test/test_doctest.py /home/yaroslav/Python-3.2.2/_install/lib/python3.2/test
/usr/bin/install -c -m 644 ./Lib/test/test_doctest.txt /home/yaroslav/Python-3.2.2/_install/lib/python3.2/test
/usr/bin/install -c -m 644 ./Lib/test/test_doctest2.py /home/yaroslav/Python-3.2.2/_install/lib/python3.2/test
/usr/bin/install -c -m 644 ./Lib/test/test_doctest2.txt /home/yaroslav/Python-3.2.2/_install/lib/python3.2/test
/usr/bin/install -c -m 644 ./Lib/test/test_doctest3.txt /home/yaroslav/Python-3.2.2/_install/lib/python3.2/test
/usr/bin/install -c -m 644 ./Lib/test/test_doctest4.txt /home/yaroslav/Python-3.2.2/_install/lib/python3.2/test
/usr/bin/install -c -m 644 ./Lib/test/test_docxmlrpc.py /home/yaroslav/Python-3.2.2/_install/lib/python3.2/test
/usr/bin/install -c -m 644 ./Lib/test/test_dummy_thread.py /home/yaroslav/Python-3.2.2/_install/lib/python3.2/test
/usr/bin/install -c -m 644 ./Lib/test/test_dummy_threading.py /home/yaroslav/Python-3.2.2/_install/lib/python3.2/test
/usr/bin/install -c -m 644 ./Lib/test/test_dynamic.py /home/yaroslav/Python-3.2.2/_install/lib/python3.2/test
/usr/bin/install -c -m 644 ./Lib/test/test_email.py /home/yaroslav/Python-3.2.2/_install/lib/python3.2/test
/usr/bin/install -c -m 644 ./Lib/test/test_enumerate.py /home/yaroslav/Python-3.2.2/_install/lib/python3.2/test
/usr/bin/install -c -m 644 ./Lib/test/test_eof.py /home/yaroslav/Python-3.2.2/_install/lib/python3.2/test
/usr/bin/install -c -m 644 ./Lib/test/test_epoll.py /home/yaroslav/Python-3.2.2/_install/lib/python3.2/test
/usr/bin/install -c ./Lib/test/test_errno.py /home/yaroslav/Python-3.2.2/_install/lib/python3.2/test
/usr/bin/install -c -m 644 ./Lib/test/test_exception_variations.py /home/yaroslav/Python-3.2.2/_install/lib/python3.2/test
/usr/bin/install -c -m 644 ./Lib/test/test_exceptions.py /home/yaroslav/Python-3.2.2/_install/lib/python3.2/test
/usr/bin/install -c -m 644 ./Lib/test/test_extcall.py /home/yaroslav/Python-3.2.2/_install/lib/python3.2/test
/usr/bin/install -c -m 644 ./Lib/test/test_fcntl.py /home/yaroslav/Python-3.2.2/_install/lib/python3.2/test
/usr/bin/install -c -m 644 ./Lib/test/test_file.py /home/yaroslav/Python-3.2.2/_install/lib/python3.2/test
/usr/bin/install -c -m 644 ./Lib/test/test_filecmp.py /home/yaroslav/Python-3.2.2/_install/lib/python3.2/test
/usr/bin/install -c -m 644 ./Lib/test/test_fileinput.py /home/yaroslav/Python-3.2.2/_install/lib/python3.2/test
/usr/bin/install -c -m 644 ./Lib/test/test_fileio.py /home/yaroslav/Python-3.2.2/_install/lib/python3.2/test
/usr/bin/install -c -m 644 ./Lib/test/test_float.py /home/yaroslav/Python-3.2.2/_install/lib/python3.2/test
/usr/bin/install -c -m 644 ./Lib/test/test_flufl.py /home/yaroslav/Python-3.2.2/_install/lib/python3.2/test
/usr/bin/install -c -m 644 ./Lib/test/test_fnmatch.py /home/yaroslav/Python-3.2.2/_install/lib/python3.2/test
/usr/bin/install -c -m 644 ./Lib/test/test_fork1.py /home/yaroslav/Python-3.2.2/_install/lib/python3.2/test
/usr/bin/install -c -m 644 ./Lib/test/test_format.py /home/yaroslav/Python-3.2.2/_install/lib/python3.2/test
/usr/bin/install -c -m 644 ./Lib/test/test_fractions.py /home/yaroslav/Python-3.2.2/_install/lib/python3.2/test
/usr/bin/install -c -m 644 ./Lib/test/test_frozen.py /home/yaroslav/Python-3.2.2/_install/lib/python3.2/test
/usr/bin/install -c -m 644 ./Lib/test/test_ftplib.py /home/yaroslav/Python-3.2.2/_install/lib/python3.2/test
/usr/bin/install -c -m 644 ./Lib/test/test_funcattrs.py /home/yaroslav/Python-3.2.2/_install/lib/python3.2/test
/usr/bin/install -c -m 644 ./Lib/test/test_functools.py /home/yaroslav/Python-3.2.2/_install/lib/python3.2/test
/usr/bin/install -c -m 644 ./Lib/test/test_future.py /home/yaroslav/Python-3.2.2/_install/lib/python3.2/test
/usr/bin/install -c -m 644 ./Lib/test/test_future1.py /home/yaroslav/Python-3.2.2/_install/lib/python3.2/test
/usr/bin/install -c -m 644 ./Lib/test/test_future2.py /home/yaroslav/Python-3.2.2/_install/lib/python3.2/test
/usr/bin/install -c -m 644 ./Lib/test/test_future3.py /home/yaroslav/Python-3.2.2/_install/lib/python3.2/test
/usr/bin/install -c -m 644 ./Lib/test/test_future4.py /home/yaroslav/Python-3.2.2/_install/lib/python3.2/test
/usr/bin/install -c -m 644 ./Lib/test/test_future5.py /home/yaroslav/Python-3.2.2/_install/lib/python3.2/test
/usr/bin/install -c -m 644 ./Lib/test/test_gc.py /home/yaroslav/Python-3.2.2/_install/lib/python3.2/test
/usr/bin/install -c -m 644 ./Lib/test/test_gdb.py /home/yaroslav/Python-3.2.2/_install/lib/python3.2/test
/usr/bin/install -c -m 644 ./Lib/test/test_generators.py /home/yaroslav/Python-3.2.2/_install/lib/python3.2/test
/usr/bin/install -c -m 644 ./Lib/test/test_genericpath.py /home/yaroslav/Python-3.2.2/_install/lib/python3.2/test
/usr/bin/install -c -m 644 ./Lib/test/test_genexps.py /home/yaroslav/Python-3.2.2/_install/lib/python3.2/test
/usr/bin/install -c -m 644 ./Lib/test/test_getargs2.py /home/yaroslav/Python-3.2.2/_install/lib/python3.2/test
/usr/bin/install -c -m 644 ./Lib/test/test_getopt.py /home/yaroslav/Python-3.2.2/_install/lib/python3.2/test
/usr/bin/install -c -m 644 ./Lib/test/test_gettext.py /home/yaroslav/Python-3.2.2/_install/lib/python3.2/test
/usr/bin/install -c -m 644 ./Lib/test/test_glob.py /home/yaroslav/Python-3.2.2/_install/lib/python3.2/test
/usr/bin/install -c -m 644 ./Lib/test/test_global.py /home/yaroslav/Python-3.2.2/_install/lib/python3.2/test
/usr/bin/install -c -m 644 ./Lib/test/test_grammar.py /home/yaroslav/Python-3.2.2/_install/lib/python3.2/test
/usr/bin/install -c -m 644 ./Lib/test/test_grp.py /home/yaroslav/Python-3.2.2/_install/lib/python3.2/test
/usr/bin/install -c -m 644 ./Lib/test/test_gzip.py /home/yaroslav/Python-3.2.2/_install/lib/python3.2/test
/usr/bin/install -c -m 644 ./Lib/test/test_hash.py /home/yaroslav/Python-3.2.2/_install/lib/python3.2/test
/usr/bin/install -c -m 644 ./Lib/test/test_hashlib.py /home/yaroslav/Python-3.2.2/_install/lib/python3.2/test
/usr/bin/install -c -m 644 ./Lib/test/test_heapq.py /home/yaroslav/Python-3.2.2/_install/lib/python3.2/test
/usr/bin/install -c -m 644 ./Lib/test/test_hmac.py /home/yaroslav/Python-3.2.2/_install/lib/python3.2/test
/usr/bin/install -c -m 644 ./Lib/test/test_html.py /home/yaroslav/Python-3.2.2/_install/lib/python3.2/test
/usr/bin/install -c -m 644 ./Lib/test/test_htmlparser.py /home/yaroslav/Python-3.2.2/_install/lib/python3.2/test
/usr/bin/install -c -m 644 ./Lib/test/test_http_cookiejar.py /home/yaroslav/Python-3.2.2/_install/lib/python3.2/test
/usr/bin/install -c -m 644 ./Lib/test/test_http_cookies.py /home/yaroslav/Python-3.2.2/_install/lib/python3.2/test
/usr/bin/install -c -m 644 ./Lib/test/test_httplib.py /home/yaroslav/Python-3.2.2/_install/lib/python3.2/test
/usr/bin/install -c -m 644 ./Lib/test/test_httpservers.py /home/yaroslav/Python-3.2.2/_install/lib/python3.2/test
/usr/bin/install -c -m 644 ./Lib/test/test_imaplib.py /home/yaroslav/Python-3.2.2/_install/lib/python3.2/test
/usr/bin/install -c -m 644 ./Lib/test/test_imp.py /home/yaroslav/Python-3.2.2/_install/lib/python3.2/test
/usr/bin/install -c -m 644 ./Lib/test/test_import.py /home/yaroslav/Python-3.2.2/_install/lib/python3.2/test
/usr/bin/install -c -m 644 ./Lib/test/test_importhooks.py /home/yaroslav/Python-3.2.2/_install/lib/python3.2/test
/usr/bin/install -c -m 644 ./Lib/test/test_importlib.py /home/yaroslav/Python-3.2.2/_install/lib/python3.2/test
/usr/bin/install -c -m 644 ./Lib/test/test_index.py /home/yaroslav/Python-3.2.2/_install/lib/python3.2/test
/usr/bin/install -c -m 644 ./Lib/test/test_inspect.py /home/yaroslav/Python-3.2.2/_install/lib/python3.2/test
/usr/bin/install -c -m 644 ./Lib/test/test_int.py /home/yaroslav/Python-3.2.2/_install/lib/python3.2/test
/usr/bin/install -c -m 644 ./Lib/test/test_int_literal.py /home/yaroslav/Python-3.2.2/_install/lib/python3.2/test
/usr/bin/install -c -m 644 ./Lib/test/test_io.py /home/yaroslav/Python-3.2.2/_install/lib/python3.2/test
/usr/bin/install -c -m 644 ./Lib/test/test_ioctl.py /home/yaroslav/Python-3.2.2/_install/lib/python3.2/test
/usr/bin/install -c -m 644 ./Lib/test/test_isinstance.py /home/yaroslav/Python-3.2.2/_install/lib/python3.2/test
/usr/bin/install -c -m 644 ./Lib/test/test_iter.py /home/yaroslav/Python-3.2.2/_install/lib/python3.2/test
/usr/bin/install -c -m 644 ./Lib/test/test_iterlen.py /home/yaroslav/Python-3.2.2/_install/lib/python3.2/test
/usr/bin/install -c -m 644 ./Lib/test/test_itertools.py /home/yaroslav/Python-3.2.2/_install/lib/python3.2/test
/usr/bin/install -c -m 644 ./Lib/test/test_json.py /home/yaroslav/Python-3.2.2/_install/lib/python3.2/test
/usr/bin/install -c -m 644 ./Lib/test/test_keywordonlyarg.py /home/yaroslav/Python-3.2.2/_install/lib/python3.2/test
/usr/bin/install -c -m 644 ./Lib/test/test_kqueue.py /home/yaroslav/Python-3.2.2/_install/lib/python3.2/test
/usr/bin/install -c -m 644 ./Lib/test/test_largefile.py /home/yaroslav/Python-3.2.2/_install/lib/python3.2/test
/usr/bin/install -c -m 644 ./Lib/test/test_lib2to3.py /home/yaroslav/Python-3.2.2/_install/lib/python3.2/test
/usr/bin/install -c -m 644 ./Lib/test/test_linecache.py /home/yaroslav/Python-3.2.2/_install/lib/python3.2/test
/usr/bin/install -c -m 644 ./Lib/test/test_list.py /home/yaroslav/Python-3.2.2/_install/lib/python3.2/test
/usr/bin/install -c -m 644 ./Lib/test/test_listcomps.py /home/yaroslav/Python-3.2.2/_install/lib/python3.2/test
/usr/bin/install -c -m 644 ./Lib/test/test_locale.py /home/yaroslav/Python-3.2.2/_install/lib/python3.2/test
/usr/bin/install -c -m 644 ./Lib/test/test_logging.py /home/yaroslav/Python-3.2.2/_install/lib/python3.2/test
/usr/bin/install -c -m 644 ./Lib/test/test_long.py /home/yaroslav/Python-3.2.2/_install/lib/python3.2/test
/usr/bin/install -c -m 644 ./Lib/test/test_longexp.py /home/yaroslav/Python-3.2.2/_install/lib/python3.2/test
/usr/bin/install -c -m 644 ./Lib/test/test_macpath.py /home/yaroslav/Python-3.2.2/_install/lib/python3.2/test
/usr/bin/install -c -m 644 ./Lib/test/test_mailbox.py /home/yaroslav/Python-3.2.2/_install/lib/python3.2/test
/usr/bin/install -c -m 644 ./Lib/test/test_marshal.py /home/yaroslav/Python-3.2.2/_install/lib/python3.2/test
/usr/bin/install -c -m 644 ./Lib/test/test_math.py /home/yaroslav/Python-3.2.2/_install/lib/python3.2/test
/usr/bin/install -c -m 644 ./Lib/test/test_memoryio.py /home/yaroslav/Python-3.2.2/_install/lib/python3.2/test
/usr/bin/install -c -m 644 ./Lib/test/test_memoryview.py /home/yaroslav/Python-3.2.2/_install/lib/python3.2/test
/usr/bin/install -c -m 644 ./Lib/test/test_metaclass.py /home/yaroslav/Python-3.2.2/_install/lib/python3.2/test
/usr/bin/install -c -m 644 ./Lib/test/test_mimetypes.py /home/yaroslav/Python-3.2.2/_install/lib/python3.2/test
/usr/bin/install -c -m 644 ./Lib/test/test_minidom.py /home/yaroslav/Python-3.2.2/_install/lib/python3.2/test
/usr/bin/install -c -m 644 ./Lib/test/test_mmap.py /home/yaroslav/Python-3.2.2/_install/lib/python3.2/test
/usr/bin/install -c -m 644 ./Lib/test/test_module.py /home/yaroslav/Python-3.2.2/_install/lib/python3.2/test
/usr/bin/install -c -m 644 ./Lib/test/test_modulefinder.py /home/yaroslav/Python-3.2.2/_install/lib/python3.2/test
/usr/bin/install -c -m 644 ./Lib/test/test_msilib.py /home/yaroslav/Python-3.2.2/_install/lib/python3.2/test
/usr/bin/install -c -m 644 ./Lib/test/test_multibytecodec.py /home/yaroslav/Python-3.2.2/_install/lib/python3.2/test
/usr/bin/install -c -m 644 ./Lib/test/test_multibytecodec_support.py /home/yaroslav/Python-3.2.2/_install/lib/python3.2/test
/usr/bin/install -c -m 644 ./Lib/test/test_multiprocessing.py /home/yaroslav/Python-3.2.2/_install/lib/python3.2/test
/usr/bin/install -c -m 644 ./Lib/test/test_mutants.py /home/yaroslav/Python-3.2.2/_install/lib/python3.2/test
/usr/bin/install -c -m 644 ./Lib/test/test_netrc.py /home/yaroslav/Python-3.2.2/_install/lib/python3.2/test
/usr/bin/install -c -m 644 ./Lib/test/test_nis.py /home/yaroslav/Python-3.2.2/_install/lib/python3.2/test
/usr/bin/install -c -m 644 ./Lib/test/test_nntplib.py /home/yaroslav/Python-3.2.2/_install/lib/python3.2/test
/usr/bin/install -c -m 644 ./Lib/test/test_normalization.py /home/yaroslav/Python-3.2.2/_install/lib/python3.2/test
/usr/bin/install -c -m 644 ./Lib/test/test_ntpath.py /home/yaroslav/Python-3.2.2/_install/lib/python3.2/test
/usr/bin/install -c -m 644 ./Lib/test/test_numeric_tower.py /home/yaroslav/Python-3.2.2/_install/lib/python3.2/test
/usr/bin/install -c -m 644 ./Lib/test/test_opcodes.py /home/yaroslav/Python-3.2.2/_install/lib/python3.2/test
/usr/bin/install -c -m 644 ./Lib/test/test_openpty.py /home/yaroslav/Python-3.2.2/_install/lib/python3.2/test
/usr/bin/install -c -m 644 ./Lib/test/test_operator.py /home/yaroslav/Python-3.2.2/_install/lib/python3.2/test
/usr/bin/install -c -m 644 ./Lib/test/test_optparse.py /home/yaroslav/Python-3.2.2/_install/lib/python3.2/test
/usr/bin/install -c -m 644 ./Lib/test/test_os.py /home/yaroslav/Python-3.2.2/_install/lib/python3.2/test
/usr/bin/install -c -m 644 ./Lib/test/test_ossaudiodev.py /home/yaroslav/Python-3.2.2/_install/lib/python3.2/test
/usr/bin/install -c -m 644 ./Lib/test/test_osx_env.py /home/yaroslav/Python-3.2.2/_install/lib/python3.2/test
/usr/bin/install -c -m 644 ./Lib/test/test_parser.py /home/yaroslav/Python-3.2.2/_install/lib/python3.2/test
/usr/bin/install -c -m 644 ./Lib/test/test_pdb.py /home/yaroslav/Python-3.2.2/_install/lib/python3.2/test
/usr/bin/install -c -m 644 ./Lib/test/test_peepholer.py /home/yaroslav/Python-3.2.2/_install/lib/python3.2/test
/usr/bin/install -c -m 644 ./Lib/test/test_pep247.py /home/yaroslav/Python-3.2.2/_install/lib/python3.2/test
/usr/bin/install -c -m 644 ./Lib/test/test_pep263.py /home/yaroslav/Python-3.2.2/_install/lib/python3.2/test
/usr/bin/install -c -m 644 ./Lib/test/test_pep277.py /home/yaroslav/Python-3.2.2/_install/lib/python3.2/test
/usr/bin/install -c -m 644 ./Lib/test/test_pep292.py /home/yaroslav/Python-3.2.2/_install/lib/python3.2/test
/usr/bin/install -c -m 644 ./Lib/test/test_pep3120.py /home/yaroslav/Python-3.2.2/_install/lib/python3.2/test
/usr/bin/install -c -m 644 ./Lib/test/test_pep3131.py /home/yaroslav/Python-3.2.2/_install/lib/python3.2/test
/usr/bin/install -c -m 644 ./Lib/test/test_pep352.py /home/yaroslav/Python-3.2.2/_install/lib/python3.2/test
/usr/bin/install -c -m 644 ./Lib/test/test_pickle.py /home/yaroslav/Python-3.2.2/_install/lib/python3.2/test
/usr/bin/install -c -m 644 ./Lib/test/test_pickletools.py /home/yaroslav/Python-3.2.2/_install/lib/python3.2/test
/usr/bin/install -c -m 644 ./Lib/test/test_pipes.py /home/yaroslav/Python-3.2.2/_install/lib/python3.2/test
/usr/bin/install -c -m 644 ./Lib/test/test_pkg.py /home/yaroslav/Python-3.2.2/_install/lib/python3.2/test
/usr/bin/install -c -m 644 ./Lib/test/test_pkgimport.py /home/yaroslav/Python-3.2.2/_install/lib/python3.2/test
/usr/bin/install -c -m 644 ./Lib/test/test_pkgutil.py /home/yaroslav/Python-3.2.2/_install/lib/python3.2/test
/usr/bin/install -c -m 644 ./Lib/test/test_platform.py /home/yaroslav/Python-3.2.2/_install/lib/python3.2/test
/usr/bin/install -c -m 644 ./Lib/test/test_plistlib.py /home/yaroslav/Python-3.2.2/_install/lib/python3.2/test
/usr/bin/install -c -m 644 ./Lib/test/test_poll.py /home/yaroslav/Python-3.2.2/_install/lib/python3.2/test
/usr/bin/install -c -m 644 ./Lib/test/test_popen.py /home/yaroslav/Python-3.2.2/_install/lib/python3.2/test
/usr/bin/install -c -m 644 ./Lib/test/test_poplib.py /home/yaroslav/Python-3.2.2/_install/lib/python3.2/test
/usr/bin/install -c -m 644 ./Lib/test/test_posix.py /home/yaroslav/Python-3.2.2/_install/lib/python3.2/test
/usr/bin/install -c -m 644 ./Lib/test/test_posixpath.py /home/yaroslav/Python-3.2.2/_install/lib/python3.2/test
/usr/bin/install -c -m 644 ./Lib/test/test_pow.py /home/yaroslav/Python-3.2.2/_install/lib/python3.2/test
/usr/bin/install -c -m 644 ./Lib/test/test_pprint.py /home/yaroslav/Python-3.2.2/_install/lib/python3.2/test
/usr/bin/install -c -m 644 ./Lib/test/test_print.py /home/yaroslav/Python-3.2.2/_install/lib/python3.2/test
/usr/bin/install -c -m 644 ./Lib/test/test_profile.py /home/yaroslav/Python-3.2.2/_install/lib/python3.2/test
/usr/bin/install -c -m 644 ./Lib/test/test_property.py /home/yaroslav/Python-3.2.2/_install/lib/python3.2/test
/usr/bin/install -c -m 644 ./Lib/test/test_pstats.py /home/yaroslav/Python-3.2.2/_install/lib/python3.2/test
/usr/bin/install -c -m 644 ./Lib/test/test_pty.py /home/yaroslav/Python-3.2.2/_install/lib/python3.2/test
/usr/bin/install -c -m 644 ./Lib/test/test_pwd.py /home/yaroslav/Python-3.2.2/_install/lib/python3.2/test
/usr/bin/install -c -m 644 ./Lib/test/test_pyclbr.py /home/yaroslav/Python-3.2.2/_install/lib/python3.2/test
/usr/bin/install -c -m 644 ./Lib/test/test_pydoc.py /home/yaroslav/Python-3.2.2/_install/lib/python3.2/test
/usr/bin/install -c -m 644 ./Lib/test/test_pyexpat.py /home/yaroslav/Python-3.2.2/_install/lib/python3.2/test
/usr/bin/install -c -m 644 ./Lib/test/test_queue.py /home/yaroslav/Python-3.2.2/_install/lib/python3.2/test
/usr/bin/install -c -m 644 ./Lib/test/test_quopri.py /home/yaroslav/Python-3.2.2/_install/lib/python3.2/test
/usr/bin/install -c -m 644 ./Lib/test/test_raise.py /home/yaroslav/Python-3.2.2/_install/lib/python3.2/test
/usr/bin/install -c -m 644 ./Lib/test/test_random.py /home/yaroslav/Python-3.2.2/_install/lib/python3.2/test
/usr/bin/install -c -m 644 ./Lib/test/test_range.py /home/yaroslav/Python-3.2.2/_install/lib/python3.2/test
/usr/bin/install -c -m 644 ./Lib/test/test_re.py /home/yaroslav/Python-3.2.2/_install/lib/python3.2/test
/usr/bin/install -c -m 644 ./Lib/test/test_readline.py /home/yaroslav/Python-3.2.2/_install/lib/python3.2/test
/usr/bin/install -c -m 644 ./Lib/test/test_reprlib.py /home/yaroslav/Python-3.2.2/_install/lib/python3.2/test
/usr/bin/install -c -m 644 ./Lib/test/test_resource.py /home/yaroslav/Python-3.2.2/_install/lib/python3.2/test
/usr/bin/install -c -m 644 ./Lib/test/test_richcmp.py /home/yaroslav/Python-3.2.2/_install/lib/python3.2/test
/usr/bin/install -c -m 644 ./Lib/test/test_rlcompleter.py /home/yaroslav/Python-3.2.2/_install/lib/python3.2/test
/usr/bin/install -c -m 644 ./Lib/test/test_robotparser.py /home/yaroslav/Python-3.2.2/_install/lib/python3.2/test
/usr/bin/install -c -m 644 ./Lib/test/test_runpy.py /home/yaroslav/Python-3.2.2/_install/lib/python3.2/test
/usr/bin/install -c -m 644 ./Lib/test/test_sax.py /home/yaroslav/Python-3.2.2/_install/lib/python3.2/test
/usr/bin/install -c -m 644 ./Lib/test/test_sched.py /home/yaroslav/Python-3.2.2/_install/lib/python3.2/test
/usr/bin/install -c -m 644 ./Lib/test/test_scope.py /home/yaroslav/Python-3.2.2/_install/lib/python3.2/test
/usr/bin/install -c -m 644 ./Lib/test/test_select.py /home/yaroslav/Python-3.2.2/_install/lib/python3.2/test
/usr/bin/install -c -m 644 ./Lib/test/test_set.py /home/yaroslav/Python-3.2.2/_install/lib/python3.2/test
/usr/bin/install -c -m 644 ./Lib/test/test_setcomps.py /home/yaroslav/Python-3.2.2/_install/lib/python3.2/test
/usr/bin/install -c -m 644 ./Lib/test/test_shelve.py /home/yaroslav/Python-3.2.2/_install/lib/python3.2/test
/usr/bin/install -c -m 644 ./Lib/test/test_shlex.py /home/yaroslav/Python-3.2.2/_install/lib/python3.2/test
/usr/bin/install -c -m 644 ./Lib/test/test_shutil.py /home/yaroslav/Python-3.2.2/_install/lib/python3.2/test
/usr/bin/install -c -m 644 ./Lib/test/test_signal.py /home/yaroslav/Python-3.2.2/_install/lib/python3.2/test
/usr/bin/install -c -m 644 ./Lib/test/test_site.py /home/yaroslav/Python-3.2.2/_install/lib/python3.2/test
/usr/bin/install -c -m 644 ./Lib/test/test_slice.py /home/yaroslav/Python-3.2.2/_install/lib/python3.2/test
/usr/bin/install -c -m 644 ./Lib/test/test_smtpd.py /home/yaroslav/Python-3.2.2/_install/lib/python3.2/test
/usr/bin/install -c -m 644 ./Lib/test/test_smtplib.py /home/yaroslav/Python-3.2.2/_install/lib/python3.2/test
/usr/bin/install -c -m 644 ./Lib/test/test_smtpnet.py /home/yaroslav/Python-3.2.2/_install/lib/python3.2/test
/usr/bin/install -c -m 644 ./Lib/test/test_sndhdr.py /home/yaroslav/Python-3.2.2/_install/lib/python3.2/test
/usr/bin/install -c -m 644 ./Lib/test/test_socket.py /home/yaroslav/Python-3.2.2/_install/lib/python3.2/test
/usr/bin/install -c -m 644 ./Lib/test/test_socketserver.py /home/yaroslav/Python-3.2.2/_install/lib/python3.2/test
/usr/bin/install -c -m 644 ./Lib/test/test_sort.py /home/yaroslav/Python-3.2.2/_install/lib/python3.2/test
/usr/bin/install -c -m 644 ./Lib/test/test_sqlite.py /home/yaroslav/Python-3.2.2/_install/lib/python3.2/test
/usr/bin/install -c -m 644 ./Lib/test/test_ssl.py /home/yaroslav/Python-3.2.2/_install/lib/python3.2/test
/usr/bin/install -c -m 644 ./Lib/test/test_startfile.py /home/yaroslav/Python-3.2.2/_install/lib/python3.2/test
/usr/bin/install -c -m 644 ./Lib/test/test_strftime.py /home/yaroslav/Python-3.2.2/_install/lib/python3.2/test
/usr/bin/install -c -m 644 ./Lib/test/test_string.py /home/yaroslav/Python-3.2.2/_install/lib/python3.2/test
/usr/bin/install -c -m 644 ./Lib/test/test_stringprep.py /home/yaroslav/Python-3.2.2/_install/lib/python3.2/test
/usr/bin/install -c -m 644 ./Lib/test/test_strlit.py /home/yaroslav/Python-3.2.2/_install/lib/python3.2/test
/usr/bin/install -c -m 644 ./Lib/test/test_strptime.py /home/yaroslav/Python-3.2.2/_install/lib/python3.2/test
/usr/bin/install -c -m 644 ./Lib/test/test_strtod.py /home/yaroslav/Python-3.2.2/_install/lib/python3.2/test
/usr/bin/install -c -m 644 ./Lib/test/test_struct.py /home/yaroslav/Python-3.2.2/_install/lib/python3.2/test
/usr/bin/install -c -m 644 ./Lib/test/test_structmembers.py /home/yaroslav/Python-3.2.2/_install/lib/python3.2/test
/usr/bin/install -c -m 644 ./Lib/test/test_structseq.py /home/yaroslav/Python-3.2.2/_install/lib/python3.2/test
/usr/bin/install -c -m 644 ./Lib/test/test_subprocess.py /home/yaroslav/Python-3.2.2/_install/lib/python3.2/test
/usr/bin/install -c -m 644 ./Lib/test/test_sunau.py /home/yaroslav/Python-3.2.2/_install/lib/python3.2/test
/usr/bin/install -c -m 644 ./Lib/test/test_sundry.py /home/yaroslav/Python-3.2.2/_install/lib/python3.2/test
/usr/bin/install -c -m 644 ./Lib/test/test_super.py /home/yaroslav/Python-3.2.2/_install/lib/python3.2/test
/usr/bin/install -c -m 644 ./Lib/test/test_symtable.py /home/yaroslav/Python-3.2.2/_install/lib/python3.2/test
/usr/bin/install -c -m 644 ./Lib/test/test_syntax.py /home/yaroslav/Python-3.2.2/_install/lib/python3.2/test
/usr/bin/install -c -m 644 ./Lib/test/test_sys.py /home/yaroslav/Python-3.2.2/_install/lib/python3.2/test
/usr/bin/install -c -m 644 ./Lib/test/test_sys_setprofile.py /home/yaroslav/Python-3.2.2/_install/lib/python3.2/test
/usr/bin/install -c -m 644 ./Lib/test/test_sys_settrace.py /home/yaroslav/Python-3.2.2/_install/lib/python3.2/test
/usr/bin/install -c -m 644 ./Lib/test/test_sysconfig.py /home/yaroslav/Python-3.2.2/_install/lib/python3.2/test
/usr/bin/install -c -m 644 ./Lib/test/test_syslog.py /home/yaroslav/Python-3.2.2/_install/lib/python3.2/test
/usr/bin/install -c -m 644 ./Lib/test/test_tarfile.py /home/yaroslav/Python-3.2.2/_install/lib/python3.2/test
/usr/bin/install -c -m 644 ./Lib/test/test_tcl.py /home/yaroslav/Python-3.2.2/_install/lib/python3.2/test
/usr/bin/install -c -m 644 ./Lib/test/test_telnetlib.py /home/yaroslav/Python-3.2.2/_install/lib/python3.2/test
/usr/bin/install -c -m 644 ./Lib/test/test_tempfile.py /home/yaroslav/Python-3.2.2/_install/lib/python3.2/test
/usr/bin/install -c -m 644 ./Lib/test/test_textwrap.py /home/yaroslav/Python-3.2.2/_install/lib/python3.2/test
/usr/bin/install -c -m 644 ./Lib/test/test_thread.py /home/yaroslav/Python-3.2.2/_install/lib/python3.2/test
/usr/bin/install -c -m 644 ./Lib/test/test_threaded_import.py /home/yaroslav/Python-3.2.2/_install/lib/python3.2/test
/usr/bin/install -c -m 644 ./Lib/test/test_threadedtempfile.py /home/yaroslav/Python-3.2.2/_install/lib/python3.2/test
/usr/bin/install -c -m 644 ./Lib/test/test_threading.py /home/yaroslav/Python-3.2.2/_install/lib/python3.2/test
/usr/bin/install -c -m 644 ./Lib/test/test_threading_local.py /home/yaroslav/Python-3.2.2/_install/lib/python3.2/test
/usr/bin/install -c -m 644 ./Lib/test/test_threadsignals.py /home/yaroslav/Python-3.2.2/_install/lib/python3.2/test
/usr/bin/install -c -m 644 ./Lib/test/test_time.py /home/yaroslav/Python-3.2.2/_install/lib/python3.2/test
/usr/bin/install -c -m 644 ./Lib/test/test_timeit.py /home/yaroslav/Python-3.2.2/_install/lib/python3.2/test
/usr/bin/install -c -m 644 ./Lib/test/test_timeout.py /home/yaroslav/Python-3.2.2/_install/lib/python3.2/test
/usr/bin/install -c -m 644 ./Lib/test/test_tk.py /home/yaroslav/Python-3.2.2/_install/lib/python3.2/test
/usr/bin/install -c -m 644 ./Lib/test/test_tokenize.py /home/yaroslav/Python-3.2.2/_install/lib/python3.2/test
/usr/bin/install -c -m 644 ./Lib/test/test_trace.py /home/yaroslav/Python-3.2.2/_install/lib/python3.2/test
/usr/bin/install -c -m 644 ./Lib/test/test_traceback.py /home/yaroslav/Python-3.2.2/_install/lib/python3.2/test
/usr/bin/install -c -m 644 ./Lib/test/test_ttk_guionly.py /home/yaroslav/Python-3.2.2/_install/lib/python3.2/test
/usr/bin/install -c -m 644 ./Lib/test/test_ttk_textonly.py /home/yaroslav/Python-3.2.2/_install/lib/python3.2/test
/usr/bin/install -c -m 644 ./Lib/test/test_tuple.py /home/yaroslav/Python-3.2.2/_install/lib/python3.2/test
/usr/bin/install -c -m 644 ./Lib/test/test_typechecks.py /home/yaroslav/Python-3.2.2/_install/lib/python3.2/test
/usr/bin/install -c -m 644 ./Lib/test/test_types.py /home/yaroslav/Python-3.2.2/_install/lib/python3.2/test
/usr/bin/install -c -m 644 ./Lib/test/test_ucn.py /home/yaroslav/Python-3.2.2/_install/lib/python3.2/test
/usr/bin/install -c -m 644 ./Lib/test/test_unary.py /home/yaroslav/Python-3.2.2/_install/lib/python3.2/test
/usr/bin/install -c -m 644 ./Lib/test/test_unicode.py /home/yaroslav/Python-3.2.2/_install/lib/python3.2/test
/usr/bin/install -c -m 644 ./Lib/test/test_unicode_file.py /home/yaroslav/Python-3.2.2/_install/lib/python3.2/test
/usr/bin/install -c -m 644 ./Lib/test/test_unicodedata.py /home/yaroslav/Python-3.2.2/_install/lib/python3.2/test
/usr/bin/install -c -m 644 ./Lib/test/test_unittest.py /home/yaroslav/Python-3.2.2/_install/lib/python3.2/test
/usr/bin/install -c -m 644 ./Lib/test/test_univnewlines.py /home/yaroslav/Python-3.2.2/_install/lib/python3.2/test
/usr/bin/install -c -m 644 ./Lib/test/test_unpack.py /home/yaroslav/Python-3.2.2/_install/lib/python3.2/test
/usr/bin/install -c -m 644 ./Lib/test/test_unpack_ex.py /home/yaroslav/Python-3.2.2/_install/lib/python3.2/test
/usr/bin/install -c -m 644 ./Lib/test/test_urllib.py /home/yaroslav/Python-3.2.2/_install/lib/python3.2/test
/usr/bin/install -c -m 644 ./Lib/test/test_urllib2.py /home/yaroslav/Python-3.2.2/_install/lib/python3.2/test
/usr/bin/install -c -m 644 ./Lib/test/test_urllib2_localnet.py /home/yaroslav/Python-3.2.2/_install/lib/python3.2/test
/usr/bin/install -c -m 644 ./Lib/test/test_urllib2net.py /home/yaroslav/Python-3.2.2/_install/lib/python3.2/test
/usr/bin/install -c -m 644 ./Lib/test/test_urllib_response.py /home/yaroslav/Python-3.2.2/_install/lib/python3.2/test
/usr/bin/install -c -m 644 ./Lib/test/test_urllibnet.py /home/yaroslav/Python-3.2.2/_install/lib/python3.2/test
/usr/bin/install -c -m 644 ./Lib/test/test_urlparse.py /home/yaroslav/Python-3.2.2/_install/lib/python3.2/test
/usr/bin/install -c -m 644 ./Lib/test/test_userdict.py /home/yaroslav/Python-3.2.2/_install/lib/python3.2/test
/usr/bin/install -c -m 644 ./Lib/test/test_userlist.py /home/yaroslav/Python-3.2.2/_install/lib/python3.2/test
/usr/bin/install -c ./Lib/test/test_userstring.py /home/yaroslav/Python-3.2.2/_install/lib/python3.2/test
/usr/bin/install -c -m 644 ./Lib/test/test_uu.py /home/yaroslav/Python-3.2.2/_install/lib/python3.2/test
/usr/bin/install -c -m 644 ./Lib/test/test_uuid.py /home/yaroslav/Python-3.2.2/_install/lib/python3.2/test
/usr/bin/install -c -m 644 ./Lib/test/test_wait3.py /home/yaroslav/Python-3.2.2/_install/lib/python3.2/test
/usr/bin/install -c -m 644 ./Lib/test/test_wait4.py /home/yaroslav/Python-3.2.2/_install/lib/python3.2/test
/usr/bin/install -c -m 644 ./Lib/test/test_warnings.py /home/yaroslav/Python-3.2.2/_install/lib/python3.2/test
/usr/bin/install -c -m 644 ./Lib/test/test_wave.py /home/yaroslav/Python-3.2.2/_install/lib/python3.2/test
/usr/bin/install -c -m 644 ./Lib/test/test_weakref.py /home/yaroslav/Python-3.2.2/_install/lib/python3.2/test
/usr/bin/install -c -m 644 ./Lib/test/test_weakset.py /home/yaroslav/Python-3.2.2/_install/lib/python3.2/test
/usr/bin/install -c -m 644 ./Lib/test/test_winreg.py /home/yaroslav/Python-3.2.2/_install/lib/python3.2/test
/usr/bin/install -c -m 644 ./Lib/test/test_winsound.py /home/yaroslav/Python-3.2.2/_install/lib/python3.2/test
/usr/bin/install -c -m 644 ./Lib/test/test_with.py /home/yaroslav/Python-3.2.2/_install/lib/python3.2/test
/usr/bin/install -c -m 644 ./Lib/test/test_wsgiref.py /home/yaroslav/Python-3.2.2/_install/lib/python3.2/test
/usr/bin/install -c -m 644 ./Lib/test/test_xdrlib.py /home/yaroslav/Python-3.2.2/_install/lib/python3.2/test
/usr/bin/install -c -m 644 ./Lib/test/test_xml_etree.py /home/yaroslav/Python-3.2.2/_install/lib/python3.2/test
/usr/bin/install -c -m 644 ./Lib/test/test_xml_etree_c.py /home/yaroslav/Python-3.2.2/_install/lib/python3.2/test
/usr/bin/install -c -m 644 ./Lib/test/test_xmlrpc.py /home/yaroslav/Python-3.2.2/_install/lib/python3.2/test
/usr/bin/install -c -m 644 ./Lib/test/test_xmlrpc_net.py /home/yaroslav/Python-3.2.2/_install/lib/python3.2/test
/usr/bin/install -c -m 644 ./Lib/test/test_zipfile.py /home/yaroslav/Python-3.2.2/_install/lib/python3.2/test
/usr/bin/install -c -m 644 ./Lib/test/test_zipfile64.py /home/yaroslav/Python-3.2.2/_install/lib/python3.2/test
/usr/bin/install -c -m 644 ./Lib/test/test_zipimport.py /home/yaroslav/Python-3.2.2/_install/lib/python3.2/test
/usr/bin/install -c -m 644 ./Lib/test/test_zipimport_support.py /home/yaroslav/Python-3.2.2/_install/lib/python3.2/test
/usr/bin/install -c -m 644 ./Lib/test/test_zlib.py /home/yaroslav/Python-3.2.2/_install/lib/python3.2/test
/usr/bin/install -c -m 644 ./Lib/test/testcodec.py /home/yaroslav/Python-3.2.2/_install/lib/python3.2/test
/usr/bin/install -c -m 644 ./Lib/test/testtar.tar /home/yaroslav/Python-3.2.2/_install/lib/python3.2/test
/usr/bin/install -c -m 644 ./Lib/test/tf_inherit_check.py /home/yaroslav/Python-3.2.2/_install/lib/python3.2/test
/usr/bin/install -c -m 644 ./Lib/test/threaded_import_hangers.py /home/yaroslav/Python-3.2.2/_install/lib/python3.2/test
/usr/bin/install -c -m 644 ./Lib/test/time_hashlib.py /home/yaroslav/Python-3.2.2/_install/lib/python3.2/test
/usr/bin/install -c -m 644 ./Lib/test/tokenize_tests-latin1-coding-cookie-and-utf8-bom-sig.txt /home/yaroslav/Python-3.2.2/_install/lib/python3.2/test
/usr/bin/install -c -m 644 ./Lib/test/tokenize_tests-no-coding-cookie-and-utf8-bom-sig-only.txt /home/yaroslav/Python-3.2.2/_install/lib/python3.2/test
/usr/bin/install -c -m 644 ./Lib/test/tokenize_tests-utf8-coding-cookie-and-no-utf8-bom-sig.txt /home/yaroslav/Python-3.2.2/_install/lib/python3.2/test
/usr/bin/install -c -m 644 ./Lib/test/tokenize_tests-utf8-coding-cookie-and-utf8-bom-sig.txt /home/yaroslav/Python-3.2.2/_install/lib/python3.2/test
/usr/bin/install -c -m 644 ./Lib/test/tokenize_tests.txt /home/yaroslav/Python-3.2.2/_install/lib/python3.2/test
/usr/bin/install -c -m 644 ./Lib/test/warning_tests.py /home/yaroslav/Python-3.2.2/_install/lib/python3.2/test
/usr/bin/install -c -m 644 ./Lib/test/win_console_handler.py /home/yaroslav/Python-3.2.2/_install/lib/python3.2/test
/usr/bin/install -c -m 644 ./Lib/test/xmltests.py /home/yaroslav/Python-3.2.2/_install/lib/python3.2/test
/usr/bin/install -c -m 644 ./Lib/test/zip_cp437_header.zip /home/yaroslav/Python-3.2.2/_install/lib/python3.2/test
/usr/bin/install -c -m 644 ./Lib/test/zipdir.zip /home/yaroslav/Python-3.2.2/_install/lib/python3.2/test
/usr/bin/install -c -m 644 ./Lib/test/capath/4e1295a3.0 /home/yaroslav/Python-3.2.2/_install/lib/python3.2/test/capath
/usr/bin/install -c -m 644 ./Lib/test/capath/5ed36f99.0 /home/yaroslav/Python-3.2.2/_install/lib/python3.2/test/capath
/usr/bin/install -c -m 644 ./Lib/test/capath/6e88d7b8.0 /home/yaroslav/Python-3.2.2/_install/lib/python3.2/test/capath
/usr/bin/install -c -m 644 ./Lib/test/capath/99d0fa06.0 /home/yaroslav/Python-3.2.2/_install/lib/python3.2/test/capath
/usr/bin/install -c -m 644 ./Lib/test/data/README /home/yaroslav/Python-3.2.2/_install/lib/python3.2/test/data
/usr/bin/install -c -m 644 ./Lib/test/cjkencodings/big5-utf8.txt /home/yaroslav/Python-3.2.2/_install/lib/python3.2/test/cjkencodings
/usr/bin/install -c -m 644 ./Lib/test/cjkencodings/big5.txt /home/yaroslav/Python-3.2.2/_install/lib/python3.2/test/cjkencodings
/usr/bin/install -c -m 644 ./Lib/test/cjkencodings/big5hkscs-utf8.txt /home/yaroslav/Python-3.2.2/_install/lib/python3.2/test/cjkencodings
/usr/bin/install -c -m 644 ./Lib/test/cjkencodings/big5hkscs.txt /home/yaroslav/Python-3.2.2/_install/lib/python3.2/test/cjkencodings
/usr/bin/install -c -m 644 ./Lib/test/cjkencodings/cp949-utf8.txt /home/yaroslav/Python-3.2.2/_install/lib/python3.2/test/cjkencodings
/usr/bin/install -c -m 644 ./Lib/test/cjkencodings/cp949.txt /home/yaroslav/Python-3.2.2/_install/lib/python3.2/test/cjkencodings
/usr/bin/install -c -m 644 ./Lib/test/cjkencodings/euc_jisx0213-utf8.txt /home/yaroslav/Python-3.2.2/_install/lib/python3.2/test/cjkencodings
/usr/bin/install -c -m 644 ./Lib/test/cjkencodings/euc_jisx0213.txt /home/yaroslav/Python-3.2.2/_install/lib/python3.2/test/cjkencodings
/usr/bin/install -c -m 644 ./Lib/test/cjkencodings/euc_jp-utf8.txt /home/yaroslav/Python-3.2.2/_install/lib/python3.2/test/cjkencodings
/usr/bin/install -c -m 644 ./Lib/test/cjkencodings/euc_jp.txt /home/yaroslav/Python-3.2.2/_install/lib/python3.2/test/cjkencodings
/usr/bin/install -c -m 644 ./Lib/test/cjkencodings/euc_kr-utf8.txt /home/yaroslav/Python-3.2.2/_install/lib/python3.2/test/cjkencodings
/usr/bin/install -c -m 644 ./Lib/test/cjkencodings/euc_kr.txt /home/yaroslav/Python-3.2.2/_install/lib/python3.2/test/cjkencodings
/usr/bin/install -c -m 644 ./Lib/test/cjkencodings/gb18030-utf8.txt /home/yaroslav/Python-3.2.2/_install/lib/python3.2/test/cjkencodings
/usr/bin/install -c -m 644 ./Lib/test/cjkencodings/gb18030.txt /home/yaroslav/Python-3.2.2/_install/lib/python3.2/test/cjkencodings
/usr/bin/install -c -m 644 ./Lib/test/cjkencodings/gb2312-utf8.txt /home/yaroslav/Python-3.2.2/_install/lib/python3.2/test/cjkencodings
/usr/bin/install -c -m 644 ./Lib/test/cjkencodings/gb2312.txt /home/yaroslav/Python-3.2.2/_install/lib/python3.2/test/cjkencodings
/usr/bin/install -c -m 644 ./Lib/test/cjkencodings/gbk-utf8.txt /home/yaroslav/Python-3.2.2/_install/lib/python3.2/test/cjkencodings
/usr/bin/install -c -m 644 ./Lib/test/cjkencodings/gbk.txt /home/yaroslav/Python-3.2.2/_install/lib/python3.2/test/cjkencodings
/usr/bin/install -c -m 644 ./Lib/test/cjkencodings/hz-utf8.txt /home/yaroslav/Python-3.2.2/_install/lib/python3.2/test/cjkencodings
/usr/bin/install -c -m 644 ./Lib/test/cjkencodings/hz.txt /home/yaroslav/Python-3.2.2/_install/lib/python3.2/test/cjkencodings
/usr/bin/install -c -m 644 ./Lib/test/cjkencodings/iso2022_jp-utf8.txt /home/yaroslav/Python-3.2.2/_install/lib/python3.2/test/cjkencodings
/usr/bin/install -c -m 644 ./Lib/test/cjkencodings/iso2022_jp.txt /home/yaroslav/Python-3.2.2/_install/lib/python3.2/test/cjkencodings
/usr/bin/install -c -m 644 ./Lib/test/cjkencodings/iso2022_kr-utf8.txt /home/yaroslav/Python-3.2.2/_install/lib/python3.2/test/cjkencodings
/usr/bin/install -c -m 644 ./Lib/test/cjkencodings/iso2022_kr.txt /home/yaroslav/Python-3.2.2/_install/lib/python3.2/test/cjkencodings
/usr/bin/install -c -m 644 ./Lib/test/cjkencodings/johab-utf8.txt /home/yaroslav/Python-3.2.2/_install/lib/python3.2/test/cjkencodings
/usr/bin/install -c -m 644 ./Lib/test/cjkencodings/johab.txt /home/yaroslav/Python-3.2.2/_install/lib/python3.2/test/cjkencodings
/usr/bin/install -c -m 644 ./Lib/test/cjkencodings/shift_jis-utf8.txt /home/yaroslav/Python-3.2.2/_install/lib/python3.2/test/cjkencodings
/usr/bin/install -c -m 644 ./Lib/test/cjkencodings/shift_jis.txt /home/yaroslav/Python-3.2.2/_install/lib/python3.2/test/cjkencodings
/usr/bin/install -c -m 644 ./Lib/test/cjkencodings/shift_jisx0213-utf8.txt /home/yaroslav/Python-3.2.2/_install/lib/python3.2/test/cjkencodings
/usr/bin/install -c -m 644 ./Lib/test/cjkencodings/shift_jisx0213.txt /home/yaroslav/Python-3.2.2/_install/lib/python3.2/test/cjkencodings
/usr/bin/install -c -m 644 ./Lib/test/decimaltestdata/abs.decTest /home/yaroslav/Python-3.2.2/_install/lib/python3.2/test/decimaltestdata
/usr/bin/install -c -m 644 ./Lib/test/decimaltestdata/add.decTest /home/yaroslav/Python-3.2.2/_install/lib/python3.2/test/decimaltestdata
/usr/bin/install -c -m 644 ./Lib/test/decimaltestdata/and.decTest /home/yaroslav/Python-3.2.2/_install/lib/python3.2/test/decimaltestdata
/usr/bin/install -c -m 644 ./Lib/test/decimaltestdata/base.decTest /home/yaroslav/Python-3.2.2/_install/lib/python3.2/test/decimaltestdata
/usr/bin/install -c -m 644 ./Lib/test/decimaltestdata/clamp.decTest /home/yaroslav/Python-3.2.2/_install/lib/python3.2/test/decimaltestdata
/usr/bin/install -c -m 644 ./Lib/test/decimaltestdata/class.decTest /home/yaroslav/Python-3.2.2/_install/lib/python3.2/test/decimaltestdata
/usr/bin/install -c -m 644 ./Lib/test/decimaltestdata/compare.decTest /home/yaroslav/Python-3.2.2/_install/lib/python3.2/test/decimaltestdata
/usr/bin/install -c -m 644 ./Lib/test/decimaltestdata/comparetotal.decTest /home/yaroslav/Python-3.2.2/_install/lib/python3.2/test/decimaltestdata
/usr/bin/install -c -m 644 ./Lib/test/decimaltestdata/comparetotmag.decTest /home/yaroslav/Python-3.2.2/_install/lib/python3.2/test/decimaltestdata
/usr/bin/install -c -m 644 ./Lib/test/decimaltestdata/copy.decTest /home/yaroslav/Python-3.2.2/_install/lib/python3.2/test/decimaltestdata
/usr/bin/install -c -m 644 ./Lib/test/decimaltestdata/copyabs.decTest /home/yaroslav/Python-3.2.2/_install/lib/python3.2/test/decimaltestdata
/usr/bin/install -c -m 644 ./Lib/test/decimaltestdata/copynegate.decTest /home/yaroslav/Python-3.2.2/_install/lib/python3.2/test/decimaltestdata
/usr/bin/install -c -m 644 ./Lib/test/decimaltestdata/copysign.decTest /home/yaroslav/Python-3.2.2/_install/lib/python3.2/test/decimaltestdata
/usr/bin/install -c -m 644 ./Lib/test/decimaltestdata/ddAbs.decTest /home/yaroslav/Python-3.2.2/_install/lib/python3.2/test/decimaltestdata
/usr/bin/install -c -m 644 ./Lib/test/decimaltestdata/ddAdd.decTest /home/yaroslav/Python-3.2.2/_install/lib/python3.2/test/decimaltestdata
/usr/bin/install -c -m 644 ./Lib/test/decimaltestdata/ddAnd.decTest /home/yaroslav/Python-3.2.2/_install/lib/python3.2/test/decimaltestdata
/usr/bin/install -c -m 644 ./Lib/test/decimaltestdata/ddBase.decTest /home/yaroslav/Python-3.2.2/_install/lib/python3.2/test/decimaltestdata
/usr/bin/install -c -m 644 ./Lib/test/decimaltestdata/ddCanonical.decTest /home/yaroslav/Python-3.2.2/_install/lib/python3.2/test/decimaltestdata
/usr/bin/install -c -m 644 ./Lib/test/decimaltestdata/ddClass.decTest /home/yaroslav/Python-3.2.2/_install/lib/python3.2/test/decimaltestdata
/usr/bin/install -c -m 644 ./Lib/test/decimaltestdata/ddCompare.decTest /home/yaroslav/Python-3.2.2/_install/lib/python3.2/test/decimaltestdata
/usr/bin/install -c -m 644 ./Lib/test/decimaltestdata/ddCompareSig.decTest /home/yaroslav/Python-3.2.2/_install/lib/python3.2/test/decimaltestdata
/usr/bin/install -c -m 644 ./Lib/test/decimaltestdata/ddCompareTotal.decTest /home/yaroslav/Python-3.2.2/_install/lib/python3.2/test/decimaltestdata
/usr/bin/install -c -m 644 ./Lib/test/decimaltestdata/ddCompareTotalMag.decTest /home/yaroslav/Python-3.2.2/_install/lib/python3.2/test/decimaltestdata
/usr/bin/install -c -m 644 ./Lib/test/decimaltestdata/ddCopy.decTest /home/yaroslav/Python-3.2.2/_install/lib/python3.2/test/decimaltestdata
/usr/bin/install -c -m 644 ./Lib/test/decimaltestdata/ddCopyAbs.decTest /home/yaroslav/Python-3.2.2/_install/lib/python3.2/test/decimaltestdata
/usr/bin/install -c -m 644 ./Lib/test/decimaltestdata/ddCopyNegate.decTest /home/yaroslav/Python-3.2.2/_install/lib/python3.2/test/decimaltestdata
/usr/bin/install -c -m 644 ./Lib/test/decimaltestdata/ddCopySign.decTest /home/yaroslav/Python-3.2.2/_install/lib/python3.2/test/decimaltestdata
/usr/bin/install -c -m 644 ./Lib/test/decimaltestdata/ddDivide.decTest /home/yaroslav/Python-3.2.2/_install/lib/python3.2/test/decimaltestdata
/usr/bin/install -c -m 644 ./Lib/test/decimaltestdata/ddDivideInt.decTest /home/yaroslav/Python-3.2.2/_install/lib/python3.2/test/decimaltestdata
/usr/bin/install -c -m 644 ./Lib/test/decimaltestdata/ddEncode.decTest /home/yaroslav/Python-3.2.2/_install/lib/python3.2/test/decimaltestdata
/usr/bin/install -c -m 644 ./Lib/test/decimaltestdata/ddFMA.decTest /home/yaroslav/Python-3.2.2/_install/lib/python3.2/test/decimaltestdata
/usr/bin/install -c -m 644 ./Lib/test/decimaltestdata/ddInvert.decTest /home/yaroslav/Python-3.2.2/_install/lib/python3.2/test/decimaltestdata
/usr/bin/install -c -m 644 ./Lib/test/decimaltestdata/ddLogB.decTest /home/yaroslav/Python-3.2.2/_install/lib/python3.2/test/decimaltestdata
/usr/bin/install -c -m 644 ./Lib/test/decimaltestdata/ddMax.decTest /home/yaroslav/Python-3.2.2/_install/lib/python3.2/test/decimaltestdata
/usr/bin/install -c -m 644 ./Lib/test/decimaltestdata/ddMaxMag.decTest /home/yaroslav/Python-3.2.2/_install/lib/python3.2/test/decimaltestdata
/usr/bin/install -c -m 644 ./Lib/test/decimaltestdata/ddMin.decTest /home/yaroslav/Python-3.2.2/_install/lib/python3.2/test/decimaltestdata
/usr/bin/install -c -m 644 ./Lib/test/decimaltestdata/ddMinMag.decTest /home/yaroslav/Python-3.2.2/_install/lib/python3.2/test/decimaltestdata
/usr/bin/install -c -m 644 ./Lib/test/decimaltestdata/ddMinus.decTest /home/yaroslav/Python-3.2.2/_install/lib/python3.2/test/decimaltestdata
/usr/bin/install -c -m 644 ./Lib/test/decimaltestdata/ddMultiply.decTest /home/yaroslav/Python-3.2.2/_install/lib/python3.2/test/decimaltestdata
/usr/bin/install -c -m 644 ./Lib/test/decimaltestdata/ddNextMinus.decTest /home/yaroslav/Python-3.2.2/_install/lib/python3.2/test/decimaltestdata
/usr/bin/install -c -m 644 ./Lib/test/decimaltestdata/ddNextPlus.decTest /home/yaroslav/Python-3.2.2/_install/lib/python3.2/test/decimaltestdata
/usr/bin/install -c -m 644 ./Lib/test/decimaltestdata/ddNextToward.decTest /home/yaroslav/Python-3.2.2/_install/lib/python3.2/test/decimaltestdata
/usr/bin/install -c -m 644 ./Lib/test/decimaltestdata/ddOr.decTest /home/yaroslav/Python-3.2.2/_install/lib/python3.2/test/decimaltestdata
/usr/bin/install -c -m 644 ./Lib/test/decimaltestdata/ddPlus.decTest /home/yaroslav/Python-3.2.2/_install/lib/python3.2/test/decimaltestdata
/usr/bin/install -c -m 644 ./Lib/test/decimaltestdata/ddQuantize.decTest /home/yaroslav/Python-3.2.2/_install/lib/python3.2/test/decimaltestdata
/usr/bin/install -c -m 644 ./Lib/test/decimaltestdata/ddReduce.decTest /home/yaroslav/Python-3.2.2/_install/lib/python3.2/test/decimaltestdata
/usr/bin/install -c -m 644 ./Lib/test/decimaltestdata/ddRemainder.decTest /home/yaroslav/Python-3.2.2/_install/lib/python3.2/test/decimaltestdata
/usr/bin/install -c -m 644 ./Lib/test/decimaltestdata/ddRemainderNear.decTest /home/yaroslav/Python-3.2.2/_install/lib/python3.2/test/decimaltestdata
/usr/bin/install -c -m 644 ./Lib/test/decimaltestdata/ddRotate.decTest /home/yaroslav/Python-3.2.2/_install/lib/python3.2/test/decimaltestdata
/usr/bin/install -c -m 644 ./Lib/test/decimaltestdata/ddSameQuantum.decTest /home/yaroslav/Python-3.2.2/_install/lib/python3.2/test/decimaltestdata
/usr/bin/install -c -m 644 ./Lib/test/decimaltestdata/ddScaleB.decTest /home/yaroslav/Python-3.2.2/_install/lib/python3.2/test/decimaltestdata
/usr/bin/install -c -m 644 ./Lib/test/decimaltestdata/ddShift.decTest /home/yaroslav/Python-3.2.2/_install/lib/python3.2/test/decimaltestdata
/usr/bin/install -c -m 644 ./Lib/test/decimaltestdata/ddSubtract.decTest /home/yaroslav/Python-3.2.2/_install/lib/python3.2/test/decimaltestdata
/usr/bin/install -c -m 644 ./Lib/test/decimaltestdata/ddToIntegral.decTest /home/yaroslav/Python-3.2.2/_install/lib/python3.2/test/decimaltestdata
/usr/bin/install -c -m 644 ./Lib/test/decimaltestdata/ddXor.decTest /home/yaroslav/Python-3.2.2/_install/lib/python3.2/test/decimaltestdata
/usr/bin/install -c -m 644 ./Lib/test/decimaltestdata/decDouble.decTest /home/yaroslav/Python-3.2.2/_install/lib/python3.2/test/decimaltestdata
/usr/bin/install -c -m 644 ./Lib/test/decimaltestdata/decQuad.decTest /home/yaroslav/Python-3.2.2/_install/lib/python3.2/test/decimaltestdata
/usr/bin/install -c -m 644 ./Lib/test/decimaltestdata/decSingle.decTest /home/yaroslav/Python-3.2.2/_install/lib/python3.2/test/decimaltestdata
/usr/bin/install -c -m 644 ./Lib/test/decimaltestdata/divide.decTest /home/yaroslav/Python-3.2.2/_install/lib/python3.2/test/decimaltestdata
/usr/bin/install -c -m 644 ./Lib/test/decimaltestdata/divideint.decTest /home/yaroslav/Python-3.2.2/_install/lib/python3.2/test/decimaltestdata
/usr/bin/install -c -m 644 ./Lib/test/decimaltestdata/dqAbs.decTest /home/yaroslav/Python-3.2.2/_install/lib/python3.2/test/decimaltestdata
/usr/bin/install -c -m 644 ./Lib/test/decimaltestdata/dqAdd.decTest /home/yaroslav/Python-3.2.2/_install/lib/python3.2/test/decimaltestdata
/usr/bin/install -c -m 644 ./Lib/test/decimaltestdata/dqAnd.decTest /home/yaroslav/Python-3.2.2/_install/lib/python3.2/test/decimaltestdata
/usr/bin/install -c -m 644 ./Lib/test/decimaltestdata/dqBase.decTest /home/yaroslav/Python-3.2.2/_install/lib/python3.2/test/decimaltestdata
/usr/bin/install -c -m 644 ./Lib/test/decimaltestdata/dqCanonical.decTest /home/yaroslav/Python-3.2.2/_install/lib/python3.2/test/decimaltestdata
/usr/bin/install -c -m 644 ./Lib/test/decimaltestdata/dqClass.decTest /home/yaroslav/Python-3.2.2/_install/lib/python3.2/test/decimaltestdata
/usr/bin/install -c -m 644 ./Lib/test/decimaltestdata/dqCompare.decTest /home/yaroslav/Python-3.2.2/_install/lib/python3.2/test/decimaltestdata
/usr/bin/install -c -m 644 ./Lib/test/decimaltestdata/dqCompareSig.decTest /home/yaroslav/Python-3.2.2/_install/lib/python3.2/test/decimaltestdata
/usr/bin/install -c -m 644 ./Lib/test/decimaltestdata/dqCompareTotal.decTest /home/yaroslav/Python-3.2.2/_install/lib/python3.2/test/decimaltestdata
/usr/bin/install -c -m 644 ./Lib/test/decimaltestdata/dqCompareTotalMag.decTest /home/yaroslav/Python-3.2.2/_install/lib/python3.2/test/decimaltestdata
/usr/bin/install -c -m 644 ./Lib/test/decimaltestdata/dqCopy.decTest /home/yaroslav/Python-3.2.2/_install/lib/python3.2/test/decimaltestdata
/usr/bin/install -c -m 644 ./Lib/test/decimaltestdata/dqCopyAbs.decTest /home/yaroslav/Python-3.2.2/_install/lib/python3.2/test/decimaltestdata
/usr/bin/install -c -m 644 ./Lib/test/decimaltestdata/dqCopyNegate.decTest /home/yaroslav/Python-3.2.2/_install/lib/python3.2/test/decimaltestdata
/usr/bin/install -c -m 644 ./Lib/test/decimaltestdata/dqCopySign.decTest /home/yaroslav/Python-3.2.2/_install/lib/python3.2/test/decimaltestdata
/usr/bin/install -c -m 644 ./Lib/test/decimaltestdata/dqDivide.decTest /home/yaroslav/Python-3.2.2/_install/lib/python3.2/test/decimaltestdata
/usr/bin/install -c -m 644 ./Lib/test/decimaltestdata/dqDivideInt.decTest /home/yaroslav/Python-3.2.2/_install/lib/python3.2/test/decimaltestdata
/usr/bin/install -c -m 644 ./Lib/test/decimaltestdata/dqEncode.decTest /home/yaroslav/Python-3.2.2/_install/lib/python3.2/test/decimaltestdata
/usr/bin/install -c -m 644 ./Lib/test/decimaltestdata/dqFMA.decTest /home/yaroslav/Python-3.2.2/_install/lib/python3.2/test/decimaltestdata
/usr/bin/install -c -m 644 ./Lib/test/decimaltestdata/dqInvert.decTest /home/yaroslav/Python-3.2.2/_install/lib/python3.2/test/decimaltestdata
/usr/bin/install -c -m 644 ./Lib/test/decimaltestdata/dqLogB.decTest /home/yaroslav/Python-3.2.2/_install/lib/python3.2/test/decimaltestdata
/usr/bin/install -c -m 644 ./Lib/test/decimaltestdata/dqMax.decTest /home/yaroslav/Python-3.2.2/_install/lib/python3.2/test/decimaltestdata
/usr/bin/install -c -m 644 ./Lib/test/decimaltestdata/dqMaxMag.decTest /home/yaroslav/Python-3.2.2/_install/lib/python3.2/test/decimaltestdata
/usr/bin/install -c -m 644 ./Lib/test/decimaltestdata/dqMin.decTest /home/yaroslav/Python-3.2.2/_install/lib/python3.2/test/decimaltestdata
/usr/bin/install -c -m 644 ./Lib/test/decimaltestdata/dqMinMag.decTest /home/yaroslav/Python-3.2.2/_install/lib/python3.2/test/decimaltestdata
/usr/bin/install -c -m 644 ./Lib/test/decimaltestdata/dqMinus.decTest /home/yaroslav/Python-3.2.2/_install/lib/python3.2/test/decimaltestdata
/usr/bin/install -c -m 644 ./Lib/test/decimaltestdata/dqMultiply.decTest /home/yaroslav/Python-3.2.2/_install/lib/python3.2/test/decimaltestdata
/usr/bin/install -c -m 644 ./Lib/test/decimaltestdata/dqNextMinus.decTest /home/yaroslav/Python-3.2.2/_install/lib/python3.2/test/decimaltestdata
/usr/bin/install -c -m 644 ./Lib/test/decimaltestdata/dqNextPlus.decTest /home/yaroslav/Python-3.2.2/_install/lib/python3.2/test/decimaltestdata
/usr/bin/install -c -m 644 ./Lib/test/decimaltestdata/dqNextToward.decTest /home/yaroslav/Python-3.2.2/_install/lib/python3.2/test/decimaltestdata
/usr/bin/install -c -m 644 ./Lib/test/decimaltestdata/dqOr.decTest /home/yaroslav/Python-3.2.2/_install/lib/python3.2/test/decimaltestdata
/usr/bin/install -c -m 644 ./Lib/test/decimaltestdata/dqPlus.decTest /home/yaroslav/Python-3.2.2/_install/lib/python3.2/test/decimaltestdata
/usr/bin/install -c -m 644 ./Lib/test/decimaltestdata/dqQuantize.decTest /home/yaroslav/Python-3.2.2/_install/lib/python3.2/test/decimaltestdata
/usr/bin/install -c -m 644 ./Lib/test/decimaltestdata/dqReduce.decTest /home/yaroslav/Python-3.2.2/_install/lib/python3.2/test/decimaltestdata
/usr/bin/install -c -m 644 ./Lib/test/decimaltestdata/dqRemainder.decTest /home/yaroslav/Python-3.2.2/_install/lib/python3.2/test/decimaltestdata
/usr/bin/install -c -m 644 ./Lib/test/decimaltestdata/dqRemainderNear.decTest /home/yaroslav/Python-3.2.2/_install/lib/python3.2/test/decimaltestdata
/usr/bin/install -c -m 644 ./Lib/test/decimaltestdata/dqRotate.decTest /home/yaroslav/Python-3.2.2/_install/lib/python3.2/test/decimaltestdata
/usr/bin/install -c -m 644 ./Lib/test/decimaltestdata/dqSameQuantum.decTest /home/yaroslav/Python-3.2.2/_install/lib/python3.2/test/decimaltestdata
/usr/bin/install -c -m 644 ./Lib/test/decimaltestdata/dqScaleB.decTest /home/yaroslav/Python-3.2.2/_install/lib/python3.2/test/decimaltestdata
/usr/bin/install -c -m 644 ./Lib/test/decimaltestdata/dqShift.decTest /home/yaroslav/Python-3.2.2/_install/lib/python3.2/test/decimaltestdata
/usr/bin/install -c -m 644 ./Lib/test/decimaltestdata/dqSubtract.decTest /home/yaroslav/Python-3.2.2/_install/lib/python3.2/test/decimaltestdata
/usr/bin/install -c -m 644 ./Lib/test/decimaltestdata/dqToIntegral.decTest /home/yaroslav/Python-3.2.2/_install/lib/python3.2/test/decimaltestdata
/usr/bin/install -c -m 644 ./Lib/test/decimaltestdata/dqXor.decTest /home/yaroslav/Python-3.2.2/_install/lib/python3.2/test/decimaltestdata
/usr/bin/install -c -m 644 ./Lib/test/decimaltestdata/dsBase.decTest /home/yaroslav/Python-3.2.2/_install/lib/python3.2/test/decimaltestdata
/usr/bin/install -c -m 644 ./Lib/test/decimaltestdata/dsEncode.decTest /home/yaroslav/Python-3.2.2/_install/lib/python3.2/test/decimaltestdata
/usr/bin/install -c -m 644 ./Lib/test/decimaltestdata/exp.decTest /home/yaroslav/Python-3.2.2/_install/lib/python3.2/test/decimaltestdata
/usr/bin/install -c -m 644 ./Lib/test/decimaltestdata/extra.decTest /home/yaroslav/Python-3.2.2/_install/lib/python3.2/test/decimaltestdata
/usr/bin/install -c -m 644 ./Lib/test/decimaltestdata/fma.decTest /home/yaroslav/Python-3.2.2/_install/lib/python3.2/test/decimaltestdata
/usr/bin/install -c -m 644 ./Lib/test/decimaltestdata/inexact.decTest /home/yaroslav/Python-3.2.2/_install/lib/python3.2/test/decimaltestdata
/usr/bin/install -c -m 644 ./Lib/test/decimaltestdata/invert.decTest /home/yaroslav/Python-3.2.2/_install/lib/python3.2/test/decimaltestdata
/usr/bin/install -c -m 644 ./Lib/test/decimaltestdata/ln.decTest /home/yaroslav/Python-3.2.2/_install/lib/python3.2/test/decimaltestdata
/usr/bin/install -c -m 644 ./Lib/test/decimaltestdata/log10.decTest /home/yaroslav/Python-3.2.2/_install/lib/python3.2/test/decimaltestdata
/usr/bin/install -c -m 644 ./Lib/test/decimaltestdata/logb.decTest /home/yaroslav/Python-3.2.2/_install/lib/python3.2/test/decimaltestdata
/usr/bin/install -c -m 644 ./Lib/test/decimaltestdata/max.decTest /home/yaroslav/Python-3.2.2/_install/lib/python3.2/test/decimaltestdata
/usr/bin/install -c -m 644 ./Lib/test/decimaltestdata/maxmag.decTest /home/yaroslav/Python-3.2.2/_install/lib/python3.2/test/decimaltestdata
/usr/bin/install -c -m 644 ./Lib/test/decimaltestdata/min.decTest /home/yaroslav/Python-3.2.2/_install/lib/python3.2/test/decimaltestdata
/usr/bin/install -c -m 644 ./Lib/test/decimaltestdata/minmag.decTest /home/yaroslav/Python-3.2.2/_install/lib/python3.2/test/decimaltestdata
/usr/bin/install -c -m 644 ./Lib/test/decimaltestdata/minus.decTest /home/yaroslav/Python-3.2.2/_install/lib/python3.2/test/decimaltestdata
/usr/bin/install -c -m 644 ./Lib/test/decimaltestdata/multiply.decTest /home/yaroslav/Python-3.2.2/_install/lib/python3.2/test/decimaltestdata
/usr/bin/install -c -m 644 ./Lib/test/decimaltestdata/nextminus.decTest /home/yaroslav/Python-3.2.2/_install/lib/python3.2/test/decimaltestdata
/usr/bin/install -c -m 644 ./Lib/test/decimaltestdata/nextplus.decTest /home/yaroslav/Python-3.2.2/_install/lib/python3.2/test/decimaltestdata
/usr/bin/install -c -m 644 ./Lib/test/decimaltestdata/nexttoward.decTest /home/yaroslav/Python-3.2.2/_install/lib/python3.2/test/decimaltestdata
/usr/bin/install -c -m 644 ./Lib/test/decimaltestdata/or.decTest /home/yaroslav/Python-3.2.2/_install/lib/python3.2/test/decimaltestdata
/usr/bin/install -c -m 644 ./Lib/test/decimaltestdata/plus.decTest /home/yaroslav/Python-3.2.2/_install/lib/python3.2/test/decimaltestdata
/usr/bin/install -c -m 644 ./Lib/test/decimaltestdata/power.decTest /home/yaroslav/Python-3.2.2/_install/lib/python3.2/test/decimaltestdata
/usr/bin/install -c -m 644 ./Lib/test/decimaltestdata/powersqrt.decTest /home/yaroslav/Python-3.2.2/_install/lib/python3.2/test/decimaltestdata
/usr/bin/install -c -m 644 ./Lib/test/decimaltestdata/quantize.decTest /home/yaroslav/Python-3.2.2/_install/lib/python3.2/test/decimaltestdata
/usr/bin/install -c -m 644 ./Lib/test/decimaltestdata/randomBound32.decTest /home/yaroslav/Python-3.2.2/_install/lib/python3.2/test/decimaltestdata
/usr/bin/install -c -m 644 ./Lib/test/decimaltestdata/randoms.decTest /home/yaroslav/Python-3.2.2/_install/lib/python3.2/test/decimaltestdata
/usr/bin/install -c -m 644 ./Lib/test/decimaltestdata/reduce.decTest /home/yaroslav/Python-3.2.2/_install/lib/python3.2/test/decimaltestdata
/usr/bin/install -c -m 644 ./Lib/test/decimaltestdata/remainder.decTest /home/yaroslav/Python-3.2.2/_install/lib/python3.2/test/decimaltestdata
/usr/bin/install -c -m 644 ./Lib/test/decimaltestdata/remainderNear.decTest /home/yaroslav/Python-3.2.2/_install/lib/python3.2/test/decimaltestdata
/usr/bin/install -c -m 644 ./Lib/test/decimaltestdata/rescale.decTest /home/yaroslav/Python-3.2.2/_install/lib/python3.2/test/decimaltestdata
/usr/bin/install -c -m 644 ./Lib/test/decimaltestdata/rotate.decTest /home/yaroslav/Python-3.2.2/_install/lib/python3.2/test/decimaltestdata
/usr/bin/install -c -m 644 ./Lib/test/decimaltestdata/rounding.decTest /home/yaroslav/Python-3.2.2/_install/lib/python3.2/test/decimaltestdata
/usr/bin/install -c -m 644 ./Lib/test/decimaltestdata/samequantum.decTest /home/yaroslav/Python-3.2.2/_install/lib/python3.2/test/decimaltestdata
/usr/bin/install -c -m 644 ./Lib/test/decimaltestdata/scaleb.decTest /home/yaroslav/Python-3.2.2/_install/lib/python3.2/test/decimaltestdata
/usr/bin/install -c -m 644 ./Lib/test/decimaltestdata/shift.decTest /home/yaroslav/Python-3.2.2/_install/lib/python3.2/test/decimaltestdata
/usr/bin/install -c -m 644 ./Lib/test/decimaltestdata/squareroot.decTest /home/yaroslav/Python-3.2.2/_install/lib/python3.2/test/decimaltestdata
/usr/bin/install -c -m 644 ./Lib/test/decimaltestdata/subtract.decTest /home/yaroslav/Python-3.2.2/_install/lib/python3.2/test/decimaltestdata
/usr/bin/install -c -m 644 ./Lib/test/decimaltestdata/testall.decTest /home/yaroslav/Python-3.2.2/_install/lib/python3.2/test/decimaltestdata
/usr/bin/install -c -m 644 ./Lib/test/decimaltestdata/tointegral.decTest /home/yaroslav/Python-3.2.2/_install/lib/python3.2/test/decimaltestdata
/usr/bin/install -c -m 644 ./Lib/test/decimaltestdata/tointegralx.decTest /home/yaroslav/Python-3.2.2/_install/lib/python3.2/test/decimaltestdata
/usr/bin/install -c -m 644 ./Lib/test/decimaltestdata/xor.decTest /home/yaroslav/Python-3.2.2/_install/lib/python3.2/test/decimaltestdata
/usr/bin/install -c -m 644 ./Lib/test/xmltestdata/simple-ns.xml /home/yaroslav/Python-3.2.2/_install/lib/python3.2/test/xmltestdata
/usr/bin/install -c -m 644 ./Lib/test/xmltestdata/simple.xml /home/yaroslav/Python-3.2.2/_install/lib/python3.2/test/xmltestdata
/usr/bin/install -c -m 644 ./Lib/test/xmltestdata/test.xml /home/yaroslav/Python-3.2.2/_install/lib/python3.2/test/xmltestdata
/usr/bin/install -c -m 644 ./Lib/test/xmltestdata/test.xml.out /home/yaroslav/Python-3.2.2/_install/lib/python3.2/test/xmltestdata
/usr/bin/install -c -m 644 ./Lib/test/subprocessdata/fd_status.py /home/yaroslav/Python-3.2.2/_install/lib/python3.2/test/subprocessdata
/usr/bin/install -c -m 644 ./Lib/test/subprocessdata/input_reader.py /home/yaroslav/Python-3.2.2/_install/lib/python3.2/test/subprocessdata
/usr/bin/install -c -m 644 ./Lib/test/subprocessdata/qcat.py /home/yaroslav/Python-3.2.2/_install/lib/python3.2/test/subprocessdata
/usr/bin/install -c -m 644 ./Lib/test/subprocessdata/qgrep.py /home/yaroslav/Python-3.2.2/_install/lib/python3.2/test/subprocessdata
/usr/bin/install -c -m 644 ./Lib/test/subprocessdata/sigchild_ignore.py /home/yaroslav/Python-3.2.2/_install/lib/python3.2/test/subprocessdata
/usr/bin/install -c -m 644 ./Lib/test/tracedmodules/__init__.py /home/yaroslav/Python-3.2.2/_install/lib/python3.2/test/tracedmodules
/usr/bin/install -c -m 644 ./Lib/test/tracedmodules/testmod.py /home/yaroslav/Python-3.2.2/_install/lib/python3.2/test/tracedmodules
/usr/bin/install -c -m 644 ./Lib/test/encoded_modules/__init__.py /home/yaroslav/Python-3.2.2/_install/lib/python3.2/test/encoded_modules
/usr/bin/install -c -m 644 ./Lib/test/encoded_modules/module_iso_8859_1.py /home/yaroslav/Python-3.2.2/_install/lib/python3.2/test/encoded_modules
/usr/bin/install -c -m 644 ./Lib/test/encoded_modules/module_koi8_r.py /home/yaroslav/Python-3.2.2/_install/lib/python3.2/test/encoded_modules
/usr/bin/install -c -m 644 ./Lib/concurrent/__init__.py /home/yaroslav/Python-3.2.2/_install/lib/python3.2/concurrent
/usr/bin/install -c -m 644 ./Lib/concurrent/futures/__init__.py /home/yaroslav/Python-3.2.2/_install/lib/python3.2/concurrent/futures
/usr/bin/install -c -m 644 ./Lib/concurrent/futures/_base.py /home/yaroslav/Python-3.2.2/_install/lib/python3.2/concurrent/futures
/usr/bin/install -c -m 644 ./Lib/concurrent/futures/process.py /home/yaroslav/Python-3.2.2/_install/lib/python3.2/concurrent/futures
/usr/bin/install -c -m 644 ./Lib/concurrent/futures/thread.py /home/yaroslav/Python-3.2.2/_install/lib/python3.2/concurrent/futures
/usr/bin/install -c -m 644 ./Lib/encodings/__init__.py /home/yaroslav/Python-3.2.2/_install/lib/python3.2/encodings
/usr/bin/install -c -m 644 ./Lib/encodings/aliases.py /home/yaroslav/Python-3.2.2/_install/lib/python3.2/encodings
/usr/bin/install -c -m 644 ./Lib/encodings/ascii.py /home/yaroslav/Python-3.2.2/_install/lib/python3.2/encodings
/usr/bin/install -c -m 644 ./Lib/encodings/base64_codec.py /home/yaroslav/Python-3.2.2/_install/lib/python3.2/encodings
/usr/bin/install -c -m 644 ./Lib/encodings/big5.py /home/yaroslav/Python-3.2.2/_install/lib/python3.2/encodings
/usr/bin/install -c -m 644 ./Lib/encodings/big5hkscs.py /home/yaroslav/Python-3.2.2/_install/lib/python3.2/encodings
/usr/bin/install -c -m 644 ./Lib/encodings/bz2_codec.py /home/yaroslav/Python-3.2.2/_install/lib/python3.2/encodings
/usr/bin/install -c -m 644 ./Lib/encodings/charmap.py /home/yaroslav/Python-3.2.2/_install/lib/python3.2/encodings
/usr/bin/install -c -m 644 ./Lib/encodings/cp037.py /home/yaroslav/Python-3.2.2/_install/lib/python3.2/encodings
/usr/bin/install -c -m 644 ./Lib/encodings/cp1006.py /home/yaroslav/Python-3.2.2/_install/lib/python3.2/encodings
/usr/bin/install -c -m 644 ./Lib/encodings/cp1026.py /home/yaroslav/Python-3.2.2/_install/lib/python3.2/encodings
/usr/bin/install -c -m 644 ./Lib/encodings/cp1140.py /home/yaroslav/Python-3.2.2/_install/lib/python3.2/encodings
/usr/bin/install -c -m 644 ./Lib/encodings/cp1250.py /home/yaroslav/Python-3.2.2/_install/lib/python3.2/encodings
/usr/bin/install -c -m 644 ./Lib/encodings/cp1251.py /home/yaroslav/Python-3.2.2/_install/lib/python3.2/encodings
/usr/bin/install -c -m 644 ./Lib/encodings/cp1252.py /home/yaroslav/Python-3.2.2/_install/lib/python3.2/encodings
/usr/bin/install -c -m 644 ./Lib/encodings/cp1253.py /home/yaroslav/Python-3.2.2/_install/lib/python3.2/encodings
/usr/bin/install -c -m 644 ./Lib/encodings/cp1254.py /home/yaroslav/Python-3.2.2/_install/lib/python3.2/encodings
/usr/bin/install -c -m 644 ./Lib/encodings/cp1255.py /home/yaroslav/Python-3.2.2/_install/lib/python3.2/encodings
/usr/bin/install -c -m 644 ./Lib/encodings/cp1256.py /home/yaroslav/Python-3.2.2/_install/lib/python3.2/encodings
/usr/bin/install -c -m 644 ./Lib/encodings/cp1257.py /home/yaroslav/Python-3.2.2/_install/lib/python3.2/encodings
/usr/bin/install -c -m 644 ./Lib/encodings/cp1258.py /home/yaroslav/Python-3.2.2/_install/lib/python3.2/encodings
/usr/bin/install -c -m 644 ./Lib/encodings/cp424.py /home/yaroslav/Python-3.2.2/_install/lib/python3.2/encodings
/usr/bin/install -c -m 644 ./Lib/encodings/cp437.py /home/yaroslav/Python-3.2.2/_install/lib/python3.2/encodings
/usr/bin/install -c -m 644 ./Lib/encodings/cp500.py /home/yaroslav/Python-3.2.2/_install/lib/python3.2/encodings
/usr/bin/install -c -m 644 ./Lib/encodings/cp720.py /home/yaroslav/Python-3.2.2/_install/lib/python3.2/encodings
/usr/bin/install -c -m 644 ./Lib/encodings/cp737.py /home/yaroslav/Python-3.2.2/_install/lib/python3.2/encodings
/usr/bin/install -c -m 644 ./Lib/encodings/cp775.py /home/yaroslav/Python-3.2.2/_install/lib/python3.2/encodings
/usr/bin/install -c -m 644 ./Lib/encodings/cp850.py /home/yaroslav/Python-3.2.2/_install/lib/python3.2/encodings
/usr/bin/install -c -m 644 ./Lib/encodings/cp852.py /home/yaroslav/Python-3.2.2/_install/lib/python3.2/encodings
/usr/bin/install -c -m 644 ./Lib/encodings/cp855.py /home/yaroslav/Python-3.2.2/_install/lib/python3.2/encodings
/usr/bin/install -c -m 644 ./Lib/encodings/cp856.py /home/yaroslav/Python-3.2.2/_install/lib/python3.2/encodings
/usr/bin/install -c -m 644 ./Lib/encodings/cp857.py /home/yaroslav/Python-3.2.2/_install/lib/python3.2/encodings
/usr/bin/install -c -m 644 ./Lib/encodings/cp858.py /home/yaroslav/Python-3.2.2/_install/lib/python3.2/encodings
/usr/bin/install -c -m 644 ./Lib/encodings/cp860.py /home/yaroslav/Python-3.2.2/_install/lib/python3.2/encodings
/usr/bin/install -c -m 644 ./Lib/encodings/cp861.py /home/yaroslav/Python-3.2.2/_install/lib/python3.2/encodings
/usr/bin/install -c -m 644 ./Lib/encodings/cp862.py /home/yaroslav/Python-3.2.2/_install/lib/python3.2/encodings
/usr/bin/install -c -m 644 ./Lib/encodings/cp863.py /home/yaroslav/Python-3.2.2/_install/lib/python3.2/encodings
/usr/bin/install -c -m 644 ./Lib/encodings/cp864.py /home/yaroslav/Python-3.2.2/_install/lib/python3.2/encodings
/usr/bin/install -c -m 644 ./Lib/encodings/cp865.py /home/yaroslav/Python-3.2.2/_install/lib/python3.2/encodings
/usr/bin/install -c -m 644 ./Lib/encodings/cp866.py /home/yaroslav/Python-3.2.2/_install/lib/python3.2/encodings
/usr/bin/install -c -m 644 ./Lib/encodings/cp869.py /home/yaroslav/Python-3.2.2/_install/lib/python3.2/encodings
/usr/bin/install -c -m 644 ./Lib/encodings/cp874.py /home/yaroslav/Python-3.2.2/_install/lib/python3.2/encodings
/usr/bin/install -c -m 644 ./Lib/encodings/cp875.py /home/yaroslav/Python-3.2.2/_install/lib/python3.2/encodings
/usr/bin/install -c -m 644 ./Lib/encodings/cp932.py /home/yaroslav/Python-3.2.2/_install/lib/python3.2/encodings
/usr/bin/install -c -m 644 ./Lib/encodings/cp949.py /home/yaroslav/Python-3.2.2/_install/lib/python3.2/encodings
/usr/bin/install -c -m 644 ./Lib/encodings/cp950.py /home/yaroslav/Python-3.2.2/_install/lib/python3.2/encodings
/usr/bin/install -c -m 644 ./Lib/encodings/euc_jis_2004.py /home/yaroslav/Python-3.2.2/_install/lib/python3.2/encodings
/usr/bin/install -c -m 644 ./Lib/encodings/euc_jisx0213.py /home/yaroslav/Python-3.2.2/_install/lib/python3.2/encodings
/usr/bin/install -c -m 644 ./Lib/encodings/euc_jp.py /home/yaroslav/Python-3.2.2/_install/lib/python3.2/encodings
/usr/bin/install -c -m 644 ./Lib/encodings/euc_kr.py /home/yaroslav/Python-3.2.2/_install/lib/python3.2/encodings
/usr/bin/install -c -m 644 ./Lib/encodings/gb18030.py /home/yaroslav/Python-3.2.2/_install/lib/python3.2/encodings
/usr/bin/install -c -m 644 ./Lib/encodings/gb2312.py /home/yaroslav/Python-3.2.2/_install/lib/python3.2/encodings
/usr/bin/install -c -m 644 ./Lib/encodings/gbk.py /home/yaroslav/Python-3.2.2/_install/lib/python3.2/encodings
/usr/bin/install -c -m 644 ./Lib/encodings/hex_codec.py /home/yaroslav/Python-3.2.2/_install/lib/python3.2/encodings
/usr/bin/install -c -m 644 ./Lib/encodings/hp_roman8.py /home/yaroslav/Python-3.2.2/_install/lib/python3.2/encodings
/usr/bin/install -c -m 644 ./Lib/encodings/hz.py /home/yaroslav/Python-3.2.2/_install/lib/python3.2/encodings
/usr/bin/install -c -m 644 ./Lib/encodings/idna.py /home/yaroslav/Python-3.2.2/_install/lib/python3.2/encodings
/usr/bin/install -c -m 644 ./Lib/encodings/iso2022_jp.py /home/yaroslav/Python-3.2.2/_install/lib/python3.2/encodings
/usr/bin/install -c -m 644 ./Lib/encodings/iso2022_jp_1.py /home/yaroslav/Python-3.2.2/_install/lib/python3.2/encodings
/usr/bin/install -c -m 644 ./Lib/encodings/iso2022_jp_2.py /home/yaroslav/Python-3.2.2/_install/lib/python3.2/encodings
/usr/bin/install -c -m 644 ./Lib/encodings/iso2022_jp_2004.py /home/yaroslav/Python-3.2.2/_install/lib/python3.2/encodings
/usr/bin/install -c -m 644 ./Lib/encodings/iso2022_jp_3.py /home/yaroslav/Python-3.2.2/_install/lib/python3.2/encodings
/usr/bin/install -c -m 644 ./Lib/encodings/iso2022_jp_ext.py /home/yaroslav/Python-3.2.2/_install/lib/python3.2/encodings
/usr/bin/install -c -m 644 ./Lib/encodings/iso2022_kr.py /home/yaroslav/Python-3.2.2/_install/lib/python3.2/encodings
/usr/bin/install -c -m 644 ./Lib/encodings/iso8859_1.py /home/yaroslav/Python-3.2.2/_install/lib/python3.2/encodings
/usr/bin/install -c -m 644 ./Lib/encodings/iso8859_10.py /home/yaroslav/Python-3.2.2/_install/lib/python3.2/encodings
/usr/bin/install -c -m 644 ./Lib/encodings/iso8859_11.py /home/yaroslav/Python-3.2.2/_install/lib/python3.2/encodings
/usr/bin/install -c -m 644 ./Lib/encodings/iso8859_13.py /home/yaroslav/Python-3.2.2/_install/lib/python3.2/encodings
/usr/bin/install -c -m 644 ./Lib/encodings/iso8859_14.py /home/yaroslav/Python-3.2.2/_install/lib/python3.2/encodings
/usr/bin/install -c -m 644 ./Lib/encodings/iso8859_15.py /home/yaroslav/Python-3.2.2/_install/lib/python3.2/encodings
/usr/bin/install -c -m 644 ./Lib/encodings/iso8859_16.py /home/yaroslav/Python-3.2.2/_install/lib/python3.2/encodings
/usr/bin/install -c -m 644 ./Lib/encodings/iso8859_2.py /home/yaroslav/Python-3.2.2/_install/lib/python3.2/encodings
/usr/bin/install -c -m 644 ./Lib/encodings/iso8859_3.py /home/yaroslav/Python-3.2.2/_install/lib/python3.2/encodings
/usr/bin/install -c -m 644 ./Lib/encodings/iso8859_4.py /home/yaroslav/Python-3.2.2/_install/lib/python3.2/encodings
/usr/bin/install -c -m 644 ./Lib/encodings/iso8859_5.py /home/yaroslav/Python-3.2.2/_install/lib/python3.2/encodings
/usr/bin/install -c -m 644 ./Lib/encodings/iso8859_6.py /home/yaroslav/Python-3.2.2/_install/lib/python3.2/encodings
/usr/bin/install -c -m 644 ./Lib/encodings/iso8859_7.py /home/yaroslav/Python-3.2.2/_install/lib/python3.2/encodings
/usr/bin/install -c -m 644 ./Lib/encodings/iso8859_8.py /home/yaroslav/Python-3.2.2/_install/lib/python3.2/encodings
/usr/bin/install -c -m 644 ./Lib/encodings/iso8859_9.py /home/yaroslav/Python-3.2.2/_install/lib/python3.2/encodings
/usr/bin/install -c -m 644 ./Lib/encodings/johab.py /home/yaroslav/Python-3.2.2/_install/lib/python3.2/encodings
/usr/bin/install -c -m 644 ./Lib/encodings/koi8_r.py /home/yaroslav/Python-3.2.2/_install/lib/python3.2/encodings
/usr/bin/install -c -m 644 ./Lib/encodings/koi8_u.py /home/yaroslav/Python-3.2.2/_install/lib/python3.2/encodings
/usr/bin/install -c -m 644 ./Lib/encodings/latin_1.py /home/yaroslav/Python-3.2.2/_install/lib/python3.2/encodings
/usr/bin/install -c -m 644 ./Lib/encodings/mac_arabic.py /home/yaroslav/Python-3.2.2/_install/lib/python3.2/encodings
/usr/bin/install -c -m 644 ./Lib/encodings/mac_centeuro.py /home/yaroslav/Python-3.2.2/_install/lib/python3.2/encodings
/usr/bin/install -c -m 644 ./Lib/encodings/mac_croatian.py /home/yaroslav/Python-3.2.2/_install/lib/python3.2/encodings
/usr/bin/install -c -m 644 ./Lib/encodings/mac_cyrillic.py /home/yaroslav/Python-3.2.2/_install/lib/python3.2/encodings
/usr/bin/install -c -m 644 ./Lib/encodings/mac_farsi.py /home/yaroslav/Python-3.2.2/_install/lib/python3.2/encodings
/usr/bin/install -c -m 644 ./Lib/encodings/mac_greek.py /home/yaroslav/Python-3.2.2/_install/lib/python3.2/encodings
/usr/bin/install -c -m 644 ./Lib/encodings/mac_iceland.py /home/yaroslav/Python-3.2.2/_install/lib/python3.2/encodings
/usr/bin/install -c -m 644 ./Lib/encodings/mac_latin2.py /home/yaroslav/Python-3.2.2/_install/lib/python3.2/encodings
/usr/bin/install -c -m 644 ./Lib/encodings/mac_roman.py /home/yaroslav/Python-3.2.2/_install/lib/python3.2/encodings
/usr/bin/install -c -m 644 ./Lib/encodings/mac_romanian.py /home/yaroslav/Python-3.2.2/_install/lib/python3.2/encodings
/usr/bin/install -c -m 644 ./Lib/encodings/mac_turkish.py /home/yaroslav/Python-3.2.2/_install/lib/python3.2/encodings
/usr/bin/install -c -m 644 ./Lib/encodings/mbcs.py /home/yaroslav/Python-3.2.2/_install/lib/python3.2/encodings
/usr/bin/install -c -m 644 ./Lib/encodings/palmos.py /home/yaroslav/Python-3.2.2/_install/lib/python3.2/encodings
/usr/bin/install -c -m 644 ./Lib/encodings/ptcp154.py /home/yaroslav/Python-3.2.2/_install/lib/python3.2/encodings
/usr/bin/install -c -m 644 ./Lib/encodings/punycode.py /home/yaroslav/Python-3.2.2/_install/lib/python3.2/encodings
/usr/bin/install -c -m 644 ./Lib/encodings/quopri_codec.py /home/yaroslav/Python-3.2.2/_install/lib/python3.2/encodings
/usr/bin/install -c -m 644 ./Lib/encodings/raw_unicode_escape.py /home/yaroslav/Python-3.2.2/_install/lib/python3.2/encodings
/usr/bin/install -c ./Lib/encodings/rot_13.py /home/yaroslav/Python-3.2.2/_install/lib/python3.2/encodings
/usr/bin/install -c -m 644 ./Lib/encodings/shift_jis.py /home/yaroslav/Python-3.2.2/_install/lib/python3.2/encodings
/usr/bin/install -c -m 644 ./Lib/encodings/shift_jis_2004.py /home/yaroslav/Python-3.2.2/_install/lib/python3.2/encodings
/usr/bin/install -c -m 644 ./Lib/encodings/shift_jisx0213.py /home/yaroslav/Python-3.2.2/_install/lib/python3.2/encodings
/usr/bin/install -c -m 644 ./Lib/encodings/tis_620.py /home/yaroslav/Python-3.2.2/_install/lib/python3.2/encodings
/usr/bin/install -c -m 644 ./Lib/encodings/undefined.py /home/yaroslav/Python-3.2.2/_install/lib/python3.2/encodings
/usr/bin/install -c -m 644 ./Lib/encodings/unicode_escape.py /home/yaroslav/Python-3.2.2/_install/lib/python3.2/encodings
/usr/bin/install -c -m 644 ./Lib/encodings/unicode_internal.py /home/yaroslav/Python-3.2.2/_install/lib/python3.2/encodings
/usr/bin/install -c -m 644 ./Lib/encodings/utf_16.py /home/yaroslav/Python-3.2.2/_install/lib/python3.2/encodings
/usr/bin/install -c -m 644 ./Lib/encodings/utf_16_be.py /home/yaroslav/Python-3.2.2/_install/lib/python3.2/encodings
/usr/bin/install -c -m 644 ./Lib/encodings/utf_16_le.py /home/yaroslav/Python-3.2.2/_install/lib/python3.2/encodings
/usr/bin/install -c -m 644 ./Lib/encodings/utf_32.py /home/yaroslav/Python-3.2.2/_install/lib/python3.2/encodings
/usr/bin/install -c -m 644 ./Lib/encodings/utf_32_be.py /home/yaroslav/Python-3.2.2/_install/lib/python3.2/encodings
/usr/bin/install -c -m 644 ./Lib/encodings/utf_32_le.py /home/yaroslav/Python-3.2.2/_install/lib/python3.2/encodings
/usr/bin/install -c -m 644 ./Lib/encodings/utf_7.py /home/yaroslav/Python-3.2.2/_install/lib/python3.2/encodings
/usr/bin/install -c -m 644 ./Lib/encodings/utf_8.py /home/yaroslav/Python-3.2.2/_install/lib/python3.2/encodings
/usr/bin/install -c -m 644 ./Lib/encodings/utf_8_sig.py /home/yaroslav/Python-3.2.2/_install/lib/python3.2/encodings
/usr/bin/install -c -m 644 ./Lib/encodings/uu_codec.py /home/yaroslav/Python-3.2.2/_install/lib/python3.2/encodings
/usr/bin/install -c -m 644 ./Lib/encodings/zlib_codec.py /home/yaroslav/Python-3.2.2/_install/lib/python3.2/encodings
/usr/bin/install -c -m 644 ./Lib/email/__init__.py /home/yaroslav/Python-3.2.2/_install/lib/python3.2/email
/usr/bin/install -c -m 644 ./Lib/email/_parseaddr.py /home/yaroslav/Python-3.2.2/_install/lib/python3.2/email
/usr/bin/install -c -m 644 ./Lib/email/base64mime.py /home/yaroslav/Python-3.2.2/_install/lib/python3.2/email
/usr/bin/install -c -m 644 ./Lib/email/charset.py /home/yaroslav/Python-3.2.2/_install/lib/python3.2/email
/usr/bin/install -c -m 644 ./Lib/email/encoders.py /home/yaroslav/Python-3.2.2/_install/lib/python3.2/email
/usr/bin/install -c -m 644 ./Lib/email/errors.py /home/yaroslav/Python-3.2.2/_install/lib/python3.2/email
/usr/bin/install -c -m 644 ./Lib/email/feedparser.py /home/yaroslav/Python-3.2.2/_install/lib/python3.2/email
/usr/bin/install -c -m 644 ./Lib/email/generator.py /home/yaroslav/Python-3.2.2/_install/lib/python3.2/email
/usr/bin/install -c -m 644 ./Lib/email/header.py /home/yaroslav/Python-3.2.2/_install/lib/python3.2/email
/usr/bin/install -c -m 644 ./Lib/email/iterators.py /home/yaroslav/Python-3.2.2/_install/lib/python3.2/email
/usr/bin/install -c -m 644 ./Lib/email/message.py /home/yaroslav/Python-3.2.2/_install/lib/python3.2/email
/usr/bin/install -c -m 644 ./Lib/email/parser.py /home/yaroslav/Python-3.2.2/_install/lib/python3.2/email
/usr/bin/install -c -m 644 ./Lib/email/quoprimime.py /home/yaroslav/Python-3.2.2/_install/lib/python3.2/email
/usr/bin/install -c -m 644 ./Lib/email/utils.py /home/yaroslav/Python-3.2.2/_install/lib/python3.2/email
/usr/bin/install -c -m 644 ./Lib/email/mime/__init__.py /home/yaroslav/Python-3.2.2/_install/lib/python3.2/email/mime
/usr/bin/install -c -m 644 ./Lib/email/mime/application.py /home/yaroslav/Python-3.2.2/_install/lib/python3.2/email/mime
/usr/bin/install -c -m 644 ./Lib/email/mime/audio.py /home/yaroslav/Python-3.2.2/_install/lib/python3.2/email/mime
/usr/bin/install -c -m 644 ./Lib/email/mime/base.py /home/yaroslav/Python-3.2.2/_install/lib/python3.2/email/mime
/usr/bin/install -c -m 644 ./Lib/email/mime/image.py /home/yaroslav/Python-3.2.2/_install/lib/python3.2/email/mime
/usr/bin/install -c -m 644 ./Lib/email/mime/message.py /home/yaroslav/Python-3.2.2/_install/lib/python3.2/email/mime
/usr/bin/install -c -m 644 ./Lib/email/mime/multipart.py /home/yaroslav/Python-3.2.2/_install/lib/python3.2/email/mime
/usr/bin/install -c -m 644 ./Lib/email/mime/nonmultipart.py /home/yaroslav/Python-3.2.2/_install/lib/python3.2/email/mime
/usr/bin/install -c -m 644 ./Lib/email/mime/text.py /home/yaroslav/Python-3.2.2/_install/lib/python3.2/email/mime
/usr/bin/install -c -m 644 ./Lib/email/test/__init__.py /home/yaroslav/Python-3.2.2/_install/lib/python3.2/email/test
/usr/bin/install -c -m 644 ./Lib/email/test/test_email.py /home/yaroslav/Python-3.2.2/_install/lib/python3.2/email/test
/usr/bin/install -c -m 644 ./Lib/email/test/test_email_codecs.py /home/yaroslav/Python-3.2.2/_install/lib/python3.2/email/test
/usr/bin/install -c -m 644 ./Lib/email/test/test_email_torture.py /home/yaroslav/Python-3.2.2/_install/lib/python3.2/email/test
/usr/bin/install -c -m 644 ./Lib/email/test/data/PyBanner048.gif /home/yaroslav/Python-3.2.2/_install/lib/python3.2/email/test/data
/usr/bin/install -c -m 644 ./Lib/email/test/data/audiotest.au /home/yaroslav/Python-3.2.2/_install/lib/python3.2/email/test/data
/usr/bin/install -c -m 644 ./Lib/email/test/data/msg_01.txt /home/yaroslav/Python-3.2.2/_install/lib/python3.2/email/test/data
/usr/bin/install -c -m 644 ./Lib/email/test/data/msg_02.txt /home/yaroslav/Python-3.2.2/_install/lib/python3.2/email/test/data
/usr/bin/install -c -m 644 ./Lib/email/test/data/msg_03.txt /home/yaroslav/Python-3.2.2/_install/lib/python3.2/email/test/data
/usr/bin/install -c -m 644 ./Lib/email/test/data/msg_04.txt /home/yaroslav/Python-3.2.2/_install/lib/python3.2/email/test/data
/usr/bin/install -c -m 644 ./Lib/email/test/data/msg_05.txt /home/yaroslav/Python-3.2.2/_install/lib/python3.2/email/test/data
/usr/bin/install -c -m 644 ./Lib/email/test/data/msg_06.txt /home/yaroslav/Python-3.2.2/_install/lib/python3.2/email/test/data
/usr/bin/install -c -m 644 ./Lib/email/test/data/msg_07.txt /home/yaroslav/Python-3.2.2/_install/lib/python3.2/email/test/data
/usr/bin/install -c -m 644 ./Lib/email/test/data/msg_08.txt /home/yaroslav/Python-3.2.2/_install/lib/python3.2/email/test/data
/usr/bin/install -c -m 644 ./Lib/email/test/data/msg_09.txt /home/yaroslav/Python-3.2.2/_install/lib/python3.2/email/test/data
/usr/bin/install -c -m 644 ./Lib/email/test/data/msg_10.txt /home/yaroslav/Python-3.2.2/_install/lib/python3.2/email/test/data
/usr/bin/install -c -m 644 ./Lib/email/test/data/msg_11.txt /home/yaroslav/Python-3.2.2/_install/lib/python3.2/email/test/data
/usr/bin/install -c -m 644 ./Lib/email/test/data/msg_12.txt /home/yaroslav/Python-3.2.2/_install/lib/python3.2/email/test/data
/usr/bin/install -c -m 644 ./Lib/email/test/data/msg_12a.txt /home/yaroslav/Python-3.2.2/_install/lib/python3.2/email/test/data
/usr/bin/install -c -m 644 ./Lib/email/test/data/msg_13.txt /home/yaroslav/Python-3.2.2/_install/lib/python3.2/email/test/data
/usr/bin/install -c -m 644 ./Lib/email/test/data/msg_14.txt /home/yaroslav/Python-3.2.2/_install/lib/python3.2/email/test/data
/usr/bin/install -c -m 644 ./Lib/email/test/data/msg_15.txt /home/yaroslav/Python-3.2.2/_install/lib/python3.2/email/test/data
/usr/bin/install -c -m 644 ./Lib/email/test/data/msg_16.txt /home/yaroslav/Python-3.2.2/_install/lib/python3.2/email/test/data
/usr/bin/install -c -m 644 ./Lib/email/test/data/msg_17.txt /home/yaroslav/Python-3.2.2/_install/lib/python3.2/email/test/data
/usr/bin/install -c -m 644 ./Lib/email/test/data/msg_18.txt /home/yaroslav/Python-3.2.2/_install/lib/python3.2/email/test/data
/usr/bin/install -c -m 644 ./Lib/email/test/data/msg_19.txt /home/yaroslav/Python-3.2.2/_install/lib/python3.2/email/test/data
/usr/bin/install -c -m 644 ./Lib/email/test/data/msg_20.txt /home/yaroslav/Python-3.2.2/_install/lib/python3.2/email/test/data
/usr/bin/install -c -m 644 ./Lib/email/test/data/msg_21.txt /home/yaroslav/Python-3.2.2/_install/lib/python3.2/email/test/data
/usr/bin/install -c -m 644 ./Lib/email/test/data/msg_22.txt /home/yaroslav/Python-3.2.2/_install/lib/python3.2/email/test/data
/usr/bin/install -c -m 644 ./Lib/email/test/data/msg_23.txt /home/yaroslav/Python-3.2.2/_install/lib/python3.2/email/test/data
/usr/bin/install -c -m 644 ./Lib/email/test/data/msg_24.txt /home/yaroslav/Python-3.2.2/_install/lib/python3.2/email/test/data
/usr/bin/install -c -m 644 ./Lib/email/test/data/msg_25.txt /home/yaroslav/Python-3.2.2/_install/lib/python3.2/email/test/data
/usr/bin/install -c -m 644 ./Lib/email/test/data/msg_26.txt /home/yaroslav/Python-3.2.2/_install/lib/python3.2/email/test/data
/usr/bin/install -c -m 644 ./Lib/email/test/data/msg_27.txt /home/yaroslav/Python-3.2.2/_install/lib/python3.2/email/test/data
/usr/bin/install -c -m 644 ./Lib/email/test/data/msg_28.txt /home/yaroslav/Python-3.2.2/_install/lib/python3.2/email/test/data
/usr/bin/install -c -m 644 ./Lib/email/test/data/msg_29.txt /home/yaroslav/Python-3.2.2/_install/lib/python3.2/email/test/data
/usr/bin/install -c -m 644 ./Lib/email/test/data/msg_30.txt /home/yaroslav/Python-3.2.2/_install/lib/python3.2/email/test/data
/usr/bin/install -c -m 644 ./Lib/email/test/data/msg_31.txt /home/yaroslav/Python-3.2.2/_install/lib/python3.2/email/test/data
/usr/bin/install -c -m 644 ./Lib/email/test/data/msg_32.txt /home/yaroslav/Python-3.2.2/_install/lib/python3.2/email/test/data
/usr/bin/install -c -m 644 ./Lib/email/test/data/msg_33.txt /home/yaroslav/Python-3.2.2/_install/lib/python3.2/email/test/data
/usr/bin/install -c -m 644 ./Lib/email/test/data/msg_34.txt /home/yaroslav/Python-3.2.2/_install/lib/python3.2/email/test/data
/usr/bin/install -c -m 644 ./Lib/email/test/data/msg_35.txt /home/yaroslav/Python-3.2.2/_install/lib/python3.2/email/test/data
/usr/bin/install -c -m 644 ./Lib/email/test/data/msg_36.txt /home/yaroslav/Python-3.2.2/_install/lib/python3.2/email/test/data
/usr/bin/install -c -m 644 ./Lib/email/test/data/msg_37.txt /home/yaroslav/Python-3.2.2/_install/lib/python3.2/email/test/data
/usr/bin/install -c -m 644 ./Lib/email/test/data/msg_38.txt /home/yaroslav/Python-3.2.2/_install/lib/python3.2/email/test/data
/usr/bin/install -c -m 644 ./Lib/email/test/data/msg_39.txt /home/yaroslav/Python-3.2.2/_install/lib/python3.2/email/test/data
/usr/bin/install -c -m 644 ./Lib/email/test/data/msg_40.txt /home/yaroslav/Python-3.2.2/_install/lib/python3.2/email/test/data
/usr/bin/install -c -m 644 ./Lib/email/test/data/msg_41.txt /home/yaroslav/Python-3.2.2/_install/lib/python3.2/email/test/data
/usr/bin/install -c -m 644 ./Lib/email/test/data/msg_42.txt /home/yaroslav/Python-3.2.2/_install/lib/python3.2/email/test/data
/usr/bin/install -c -m 644 ./Lib/email/test/data/msg_43.txt /home/yaroslav/Python-3.2.2/_install/lib/python3.2/email/test/data
/usr/bin/install -c -m 644 ./Lib/email/test/data/msg_44.txt /home/yaroslav/Python-3.2.2/_install/lib/python3.2/email/test/data
/usr/bin/install -c -m 644 ./Lib/email/test/data/msg_45.txt /home/yaroslav/Python-3.2.2/_install/lib/python3.2/email/test/data
/usr/bin/install -c -m 644 ./Lib/email/test/data/msg_46.txt /home/yaroslav/Python-3.2.2/_install/lib/python3.2/email/test/data
/usr/bin/install -c -m 644 ./Lib/html/__init__.py /home/yaroslav/Python-3.2.2/_install/lib/python3.2/html
/usr/bin/install -c -m 644 ./Lib/html/entities.py /home/yaroslav/Python-3.2.2/_install/lib/python3.2/html
/usr/bin/install -c -m 644 ./Lib/html/parser.py /home/yaroslav/Python-3.2.2/_install/lib/python3.2/html
/usr/bin/install -c -m 644 ./Lib/json/__init__.py /home/yaroslav/Python-3.2.2/_install/lib/python3.2/json
/usr/bin/install -c -m 644 ./Lib/json/decoder.py /home/yaroslav/Python-3.2.2/_install/lib/python3.2/json
/usr/bin/install -c -m 644 ./Lib/json/encoder.py /home/yaroslav/Python-3.2.2/_install/lib/python3.2/json
/usr/bin/install -c -m 644 ./Lib/json/scanner.py /home/yaroslav/Python-3.2.2/_install/lib/python3.2/json
/usr/bin/install -c -m 644 ./Lib/json/tool.py /home/yaroslav/Python-3.2.2/_install/lib/python3.2/json
/usr/bin/install -c -m 644 ./Lib/test/json_tests/__init__.py /home/yaroslav/Python-3.2.2/_install/lib/python3.2/test/json_tests
/usr/bin/install -c -m 644 ./Lib/test/json_tests/test_decode.py /home/yaroslav/Python-3.2.2/_install/lib/python3.2/test/json_tests
/usr/bin/install -c -m 644 ./Lib/test/json_tests/test_default.py /home/yaroslav/Python-3.2.2/_install/lib/python3.2/test/json_tests
/usr/bin/install -c -m 644 ./Lib/test/json_tests/test_dump.py /home/yaroslav/Python-3.2.2/_install/lib/python3.2/test/json_tests
/usr/bin/install -c -m 644 ./Lib/test/json_tests/test_encode_basestring_ascii.py /home/yaroslav/Python-3.2.2/_install/lib/python3.2/test/json_tests
/usr/bin/install -c -m 644 ./Lib/test/json_tests/test_fail.py /home/yaroslav/Python-3.2.2/_install/lib/python3.2/test/json_tests
/usr/bin/install -c -m 644 ./Lib/test/json_tests/test_float.py /home/yaroslav/Python-3.2.2/_install/lib/python3.2/test/json_tests
/usr/bin/install -c -m 644 ./Lib/test/json_tests/test_indent.py /home/yaroslav/Python-3.2.2/_install/lib/python3.2/test/json_tests
/usr/bin/install -c -m 644 ./Lib/test/json_tests/test_pass1.py /home/yaroslav/Python-3.2.2/_install/lib/python3.2/test/json_tests
/usr/bin/install -c -m 644 ./Lib/test/json_tests/test_pass2.py /home/yaroslav/Python-3.2.2/_install/lib/python3.2/test/json_tests
/usr/bin/install -c -m 644 ./Lib/test/json_tests/test_pass3.py /home/yaroslav/Python-3.2.2/_install/lib/python3.2/test/json_tests
/usr/bin/install -c -m 644 ./Lib/test/json_tests/test_recursion.py /home/yaroslav/Python-3.2.2/_install/lib/python3.2/test/json_tests
/usr/bin/install -c -m 644 ./Lib/test/json_tests/test_scanstring.py /home/yaroslav/Python-3.2.2/_install/lib/python3.2/test/json_tests
/usr/bin/install -c -m 644 ./Lib/test/json_tests/test_separators.py /home/yaroslav/Python-3.2.2/_install/lib/python3.2/test/json_tests
/usr/bin/install -c -m 644 ./Lib/test/json_tests/test_speedups.py /home/yaroslav/Python-3.2.2/_install/lib/python3.2/test/json_tests
/usr/bin/install -c -m 644 ./Lib/test/json_tests/test_unicode.py /home/yaroslav/Python-3.2.2/_install/lib/python3.2/test/json_tests
/usr/bin/install -c -m 644 ./Lib/http/__init__.py /home/yaroslav/Python-3.2.2/_install/lib/python3.2/http
/usr/bin/install -c -m 644 ./Lib/http/client.py /home/yaroslav/Python-3.2.2/_install/lib/python3.2/http
/usr/bin/install -c -m 644 ./Lib/http/cookiejar.py /home/yaroslav/Python-3.2.2/_install/lib/python3.2/http
/usr/bin/install -c -m 644 ./Lib/http/cookies.py /home/yaroslav/Python-3.2.2/_install/lib/python3.2/http
/usr/bin/install -c -m 644 ./Lib/http/server.py /home/yaroslav/Python-3.2.2/_install/lib/python3.2/http
/usr/bin/install -c -m 644 ./Lib/dbm/__init__.py /home/yaroslav/Python-3.2.2/_install/lib/python3.2/dbm
/usr/bin/install -c -m 644 ./Lib/dbm/dumb.py /home/yaroslav/Python-3.2.2/_install/lib/python3.2/dbm
/usr/bin/install -c -m 644 ./Lib/dbm/gnu.py /home/yaroslav/Python-3.2.2/_install/lib/python3.2/dbm
/usr/bin/install -c -m 644 ./Lib/dbm/ndbm.py /home/yaroslav/Python-3.2.2/_install/lib/python3.2/dbm
/usr/bin/install -c -m 644 ./Lib/xmlrpc/__init__.py /home/yaroslav/Python-3.2.2/_install/lib/python3.2/xmlrpc
/usr/bin/install -c -m 644 ./Lib/xmlrpc/client.py /home/yaroslav/Python-3.2.2/_install/lib/python3.2/xmlrpc
/usr/bin/install -c -m 644 ./Lib/xmlrpc/server.py /home/yaroslav/Python-3.2.2/_install/lib/python3.2/xmlrpc
/usr/bin/install -c -m 644 ./Lib/sqlite3/__init__.py /home/yaroslav/Python-3.2.2/_install/lib/python3.2/sqlite3
/usr/bin/install -c -m 644 ./Lib/sqlite3/dbapi2.py /home/yaroslav/Python-3.2.2/_install/lib/python3.2/sqlite3
/usr/bin/install -c -m 644 ./Lib/sqlite3/dump.py /home/yaroslav/Python-3.2.2/_install/lib/python3.2/sqlite3
/usr/bin/install -c -m 644 ./Lib/sqlite3/test/__init__.py /home/yaroslav/Python-3.2.2/_install/lib/python3.2/sqlite3/test
/usr/bin/install -c -m 644 ./Lib/sqlite3/test/dbapi.py /home/yaroslav/Python-3.2.2/_install/lib/python3.2/sqlite3/test
/usr/bin/install -c -m 644 ./Lib/sqlite3/test/dump.py /home/yaroslav/Python-3.2.2/_install/lib/python3.2/sqlite3/test
/usr/bin/install -c -m 644 ./Lib/sqlite3/test/factory.py /home/yaroslav/Python-3.2.2/_install/lib/python3.2/sqlite3/test
/usr/bin/install -c -m 644 ./Lib/sqlite3/test/hooks.py /home/yaroslav/Python-3.2.2/_install/lib/python3.2/sqlite3/test
/usr/bin/install -c -m 644 ./Lib/sqlite3/test/regression.py /home/yaroslav/Python-3.2.2/_install/lib/python3.2/sqlite3/test
/usr/bin/install -c -m 644 ./Lib/sqlite3/test/transactions.py /home/yaroslav/Python-3.2.2/_install/lib/python3.2/sqlite3/test
/usr/bin/install -c -m 644 ./Lib/sqlite3/test/types.py /home/yaroslav/Python-3.2.2/_install/lib/python3.2/sqlite3/test
/usr/bin/install -c -m 644 ./Lib/sqlite3/test/userfunctions.py /home/yaroslav/Python-3.2.2/_install/lib/python3.2/sqlite3/test
/usr/bin/install -c -m 644 ./Lib/logging/__init__.py /home/yaroslav/Python-3.2.2/_install/lib/python3.2/logging
/usr/bin/install -c -m 644 ./Lib/logging/config.py /home/yaroslav/Python-3.2.2/_install/lib/python3.2/logging
/usr/bin/install -c -m 644 ./Lib/logging/handlers.py /home/yaroslav/Python-3.2.2/_install/lib/python3.2/logging
/usr/bin/install -c -m 644 ./Lib/wsgiref/__init__.py /home/yaroslav/Python-3.2.2/_install/lib/python3.2/wsgiref
/usr/bin/install -c -m 644 ./Lib/wsgiref/handlers.py /home/yaroslav/Python-3.2.2/_install/lib/python3.2/wsgiref
/usr/bin/install -c -m 644 ./Lib/wsgiref/headers.py /home/yaroslav/Python-3.2.2/_install/lib/python3.2/wsgiref
/usr/bin/install -c -m 644 ./Lib/wsgiref/simple_server.py /home/yaroslav/Python-3.2.2/_install/lib/python3.2/wsgiref
/usr/bin/install -c -m 644 ./Lib/wsgiref/util.py /home/yaroslav/Python-3.2.2/_install/lib/python3.2/wsgiref
/usr/bin/install -c -m 644 ./Lib/wsgiref/validate.py /home/yaroslav/Python-3.2.2/_install/lib/python3.2/wsgiref
/usr/bin/install -c -m 644 ./Lib/urllib/__init__.py /home/yaroslav/Python-3.2.2/_install/lib/python3.2/urllib
/usr/bin/install -c -m 644 ./Lib/urllib/error.py /home/yaroslav/Python-3.2.2/_install/lib/python3.2/urllib
/usr/bin/install -c -m 644 ./Lib/urllib/parse.py /home/yaroslav/Python-3.2.2/_install/lib/python3.2/urllib
/usr/bin/install -c -m 644 ./Lib/urllib/request.py /home/yaroslav/Python-3.2.2/_install/lib/python3.2/urllib
/usr/bin/install -c -m 644 ./Lib/urllib/response.py /home/yaroslav/Python-3.2.2/_install/lib/python3.2/urllib
/usr/bin/install -c -m 644 ./Lib/urllib/robotparser.py /home/yaroslav/Python-3.2.2/_install/lib/python3.2/urllib
/usr/bin/install -c -m 644 ./Lib/lib2to3/Grammar.txt /home/yaroslav/Python-3.2.2/_install/lib/python3.2/lib2to3
/usr/bin/install -c -m 644 ./Lib/lib2to3/PatternGrammar.txt /home/yaroslav/Python-3.2.2/_install/lib/python3.2/lib2to3
/usr/bin/install -c -m 644 ./Lib/lib2to3/__init__.py /home/yaroslav/Python-3.2.2/_install/lib/python3.2/lib2to3
/usr/bin/install -c -m 644 ./Lib/lib2to3/btm_matcher.py /home/yaroslav/Python-3.2.2/_install/lib/python3.2/lib2to3
/usr/bin/install -c -m 644 ./Lib/lib2to3/btm_utils.py /home/yaroslav/Python-3.2.2/_install/lib/python3.2/lib2to3
/usr/bin/install -c -m 644 ./Lib/lib2to3/fixer_base.py /home/yaroslav/Python-3.2.2/_install/lib/python3.2/lib2to3
/usr/bin/install -c -m 644 ./Lib/lib2to3/fixer_util.py /home/yaroslav/Python-3.2.2/_install/lib/python3.2/lib2to3
/usr/bin/install -c -m 644 ./Lib/lib2to3/main.py /home/yaroslav/Python-3.2.2/_install/lib/python3.2/lib2to3
/usr/bin/install -c -m 644 ./Lib/lib2to3/patcomp.py /home/yaroslav/Python-3.2.2/_install/lib/python3.2/lib2to3
/usr/bin/install -c -m 644 ./Lib/lib2to3/pygram.py /home/yaroslav/Python-3.2.2/_install/lib/python3.2/lib2to3
/usr/bin/install -c -m 644 ./Lib/lib2to3/pytree.py /home/yaroslav/Python-3.2.2/_install/lib/python3.2/lib2to3
/usr/bin/install -c -m 644 ./Lib/lib2to3/refactor.py /home/yaroslav/Python-3.2.2/_install/lib/python3.2/lib2to3
/usr/bin/install -c -m 644 ./Lib/lib2to3/fixes/__init__.py /home/yaroslav/Python-3.2.2/_install/lib/python3.2/lib2to3/fixes
/usr/bin/install -c -m 644 ./Lib/lib2to3/fixes/fix_apply.py /home/yaroslav/Python-3.2.2/_install/lib/python3.2/lib2to3/fixes
/usr/bin/install -c -m 644 ./Lib/lib2to3/fixes/fix_basestring.py /home/yaroslav/Python-3.2.2/_install/lib/python3.2/lib2to3/fixes
/usr/bin/install -c -m 644 ./Lib/lib2to3/fixes/fix_buffer.py /home/yaroslav/Python-3.2.2/_install/lib/python3.2/lib2to3/fixes
/usr/bin/install -c -m 644 ./Lib/lib2to3/fixes/fix_callable.py /home/yaroslav/Python-3.2.2/_install/lib/python3.2/lib2to3/fixes
/usr/bin/install -c -m 644 ./Lib/lib2to3/fixes/fix_dict.py /home/yaroslav/Python-3.2.2/_install/lib/python3.2/lib2to3/fixes
/usr/bin/install -c -m 644 ./Lib/lib2to3/fixes/fix_except.py /home/yaroslav/Python-3.2.2/_install/lib/python3.2/lib2to3/fixes
/usr/bin/install -c -m 644 ./Lib/lib2to3/fixes/fix_exec.py /home/yaroslav/Python-3.2.2/_install/lib/python3.2/lib2to3/fixes
/usr/bin/install -c -m 644 ./Lib/lib2to3/fixes/fix_execfile.py /home/yaroslav/Python-3.2.2/_install/lib/python3.2/lib2to3/fixes
/usr/bin/install -c -m 644 ./Lib/lib2to3/fixes/fix_exitfunc.py /home/yaroslav/Python-3.2.2/_install/lib/python3.2/lib2to3/fixes
/usr/bin/install -c -m 644 ./Lib/lib2to3/fixes/fix_filter.py /home/yaroslav/Python-3.2.2/_install/lib/python3.2/lib2to3/fixes
/usr/bin/install -c -m 644 ./Lib/lib2to3/fixes/fix_funcattrs.py /home/yaroslav/Python-3.2.2/_install/lib/python3.2/lib2to3/fixes
/usr/bin/install -c -m 644 ./Lib/lib2to3/fixes/fix_future.py /home/yaroslav/Python-3.2.2/_install/lib/python3.2/lib2to3/fixes
/usr/bin/install -c -m 644 ./Lib/lib2to3/fixes/fix_getcwdu.py /home/yaroslav/Python-3.2.2/_install/lib/python3.2/lib2to3/fixes
/usr/bin/install -c -m 644 ./Lib/lib2to3/fixes/fix_has_key.py /home/yaroslav/Python-3.2.2/_install/lib/python3.2/lib2to3/fixes
/usr/bin/install -c -m 644 ./Lib/lib2to3/fixes/fix_idioms.py /home/yaroslav/Python-3.2.2/_install/lib/python3.2/lib2to3/fixes
/usr/bin/install -c -m 644 ./Lib/lib2to3/fixes/fix_import.py /home/yaroslav/Python-3.2.2/_install/lib/python3.2/lib2to3/fixes
/usr/bin/install -c -m 644 ./Lib/lib2to3/fixes/fix_imports.py /home/yaroslav/Python-3.2.2/_install/lib/python3.2/lib2to3/fixes
/usr/bin/install -c -m 644 ./Lib/lib2to3/fixes/fix_imports2.py /home/yaroslav/Python-3.2.2/_install/lib/python3.2/lib2to3/fixes
/usr/bin/install -c -m 644 ./Lib/lib2to3/fixes/fix_input.py /home/yaroslav/Python-3.2.2/_install/lib/python3.2/lib2to3/fixes
/usr/bin/install -c -m 644 ./Lib/lib2to3/fixes/fix_intern.py /home/yaroslav/Python-3.2.2/_install/lib/python3.2/lib2to3/fixes
/usr/bin/install -c -m 644 ./Lib/lib2to3/fixes/fix_isinstance.py /home/yaroslav/Python-3.2.2/_install/lib/python3.2/lib2to3/fixes
/usr/bin/install -c -m 644 ./Lib/lib2to3/fixes/fix_itertools.py /home/yaroslav/Python-3.2.2/_install/lib/python3.2/lib2to3/fixes
/usr/bin/install -c -m 644 ./Lib/lib2to3/fixes/fix_itertools_imports.py /home/yaroslav/Python-3.2.2/_install/lib/python3.2/lib2to3/fixes
/usr/bin/install -c -m 644 ./Lib/lib2to3/fixes/fix_long.py /home/yaroslav/Python-3.2.2/_install/lib/python3.2/lib2to3/fixes
/usr/bin/install -c -m 644 ./Lib/lib2to3/fixes/fix_map.py /home/yaroslav/Python-3.2.2/_install/lib/python3.2/lib2to3/fixes
/usr/bin/install -c -m 644 ./Lib/lib2to3/fixes/fix_metaclass.py /home/yaroslav/Python-3.2.2/_install/lib/python3.2/lib2to3/fixes
/usr/bin/install -c -m 644 ./Lib/lib2to3/fixes/fix_methodattrs.py /home/yaroslav/Python-3.2.2/_install/lib/python3.2/lib2to3/fixes
/usr/bin/install -c -m 644 ./Lib/lib2to3/fixes/fix_ne.py /home/yaroslav/Python-3.2.2/_install/lib/python3.2/lib2to3/fixes
/usr/bin/install -c -m 644 ./Lib/lib2to3/fixes/fix_next.py /home/yaroslav/Python-3.2.2/_install/lib/python3.2/lib2to3/fixes
/usr/bin/install -c -m 644 ./Lib/lib2to3/fixes/fix_nonzero.py /home/yaroslav/Python-3.2.2/_install/lib/python3.2/lib2to3/fixes
/usr/bin/install -c -m 644 ./Lib/lib2to3/fixes/fix_numliterals.py /home/yaroslav/Python-3.2.2/_install/lib/python3.2/lib2to3/fixes
/usr/bin/install -c -m 644 ./Lib/lib2to3/fixes/fix_operator.py /home/yaroslav/Python-3.2.2/_install/lib/python3.2/lib2to3/fixes
/usr/bin/install -c -m 644 ./Lib/lib2to3/fixes/fix_paren.py /home/yaroslav/Python-3.2.2/_install/lib/python3.2/lib2to3/fixes
/usr/bin/install -c -m 644 ./Lib/lib2to3/fixes/fix_print.py /home/yaroslav/Python-3.2.2/_install/lib/python3.2/lib2to3/fixes
/usr/bin/install -c -m 644 ./Lib/lib2to3/fixes/fix_raise.py /home/yaroslav/Python-3.2.2/_install/lib/python3.2/lib2to3/fixes
/usr/bin/install -c -m 644 ./Lib/lib2to3/fixes/fix_raw_input.py /home/yaroslav/Python-3.2.2/_install/lib/python3.2/lib2to3/fixes
/usr/bin/install -c -m 644 ./Lib/lib2to3/fixes/fix_reduce.py /home/yaroslav/Python-3.2.2/_install/lib/python3.2/lib2to3/fixes
/usr/bin/install -c -m 644 ./Lib/lib2to3/fixes/fix_renames.py /home/yaroslav/Python-3.2.2/_install/lib/python3.2/lib2to3/fixes
/usr/bin/install -c -m 644 ./Lib/lib2to3/fixes/fix_repr.py /home/yaroslav/Python-3.2.2/_install/lib/python3.2/lib2to3/fixes
/usr/bin/install -c -m 644 ./Lib/lib2to3/fixes/fix_set_literal.py /home/yaroslav/Python-3.2.2/_install/lib/python3.2/lib2to3/fixes
/usr/bin/install -c -m 644 ./Lib/lib2to3/fixes/fix_standarderror.py /home/yaroslav/Python-3.2.2/_install/lib/python3.2/lib2to3/fixes
/usr/bin/install -c -m 644 ./Lib/lib2to3/fixes/fix_sys_exc.py /home/yaroslav/Python-3.2.2/_install/lib/python3.2/lib2to3/fixes
/usr/bin/install -c -m 644 ./Lib/lib2to3/fixes/fix_throw.py /home/yaroslav/Python-3.2.2/_install/lib/python3.2/lib2to3/fixes
/usr/bin/install -c -m 644 ./Lib/lib2to3/fixes/fix_tuple_params.py /home/yaroslav/Python-3.2.2/_install/lib/python3.2/lib2to3/fixes
/usr/bin/install -c -m 644 ./Lib/lib2to3/fixes/fix_types.py /home/yaroslav/Python-3.2.2/_install/lib/python3.2/lib2to3/fixes
/usr/bin/install -c -m 644 ./Lib/lib2to3/fixes/fix_unicode.py /home/yaroslav/Python-3.2.2/_install/lib/python3.2/lib2to3/fixes
/usr/bin/install -c -m 644 ./Lib/lib2to3/fixes/fix_urllib.py /home/yaroslav/Python-3.2.2/_install/lib/python3.2/lib2to3/fixes
/usr/bin/install -c -m 644 ./Lib/lib2to3/fixes/fix_ws_comma.py /home/yaroslav/Python-3.2.2/_install/lib/python3.2/lib2to3/fixes
/usr/bin/install -c -m 644 ./Lib/lib2to3/fixes/fix_xrange.py /home/yaroslav/Python-3.2.2/_install/lib/python3.2/lib2to3/fixes
/usr/bin/install -c -m 644 ./Lib/lib2to3/fixes/fix_xreadlines.py /home/yaroslav/Python-3.2.2/_install/lib/python3.2/lib2to3/fixes
/usr/bin/install -c -m 644 ./Lib/lib2to3/fixes/fix_zip.py /home/yaroslav/Python-3.2.2/_install/lib/python3.2/lib2to3/fixes
/usr/bin/install -c -m 644 ./Lib/lib2to3/pgen2/__init__.py /home/yaroslav/Python-3.2.2/_install/lib/python3.2/lib2to3/pgen2
/usr/bin/install -c -m 644 ./Lib/lib2to3/pgen2/conv.py /home/yaroslav/Python-3.2.2/_install/lib/python3.2/lib2to3/pgen2
/usr/bin/install -c -m 644 ./Lib/lib2to3/pgen2/driver.py /home/yaroslav/Python-3.2.2/_install/lib/python3.2/lib2to3/pgen2
/usr/bin/install -c -m 644 ./Lib/lib2to3/pgen2/grammar.py /home/yaroslav/Python-3.2.2/_install/lib/python3.2/lib2to3/pgen2
/usr/bin/install -c -m 644 ./Lib/lib2to3/pgen2/literals.py /home/yaroslav/Python-3.2.2/_install/lib/python3.2/lib2to3/pgen2
/usr/bin/install -c -m 644 ./Lib/lib2to3/pgen2/parse.py /home/yaroslav/Python-3.2.2/_install/lib/python3.2/lib2to3/pgen2
/usr/bin/install -c -m 644 ./Lib/lib2to3/pgen2/pgen.py /home/yaroslav/Python-3.2.2/_install/lib/python3.2/lib2to3/pgen2
/usr/bin/install -c ./Lib/lib2to3/pgen2/token.py /home/yaroslav/Python-3.2.2/_install/lib/python3.2/lib2to3/pgen2
/usr/bin/install -c -m 644 ./Lib/lib2to3/pgen2/tokenize.py /home/yaroslav/Python-3.2.2/_install/lib/python3.2/lib2to3/pgen2
/usr/bin/install -c -m 644 ./Lib/lib2to3/tests/__init__.py /home/yaroslav/Python-3.2.2/_install/lib/python3.2/lib2to3/tests
/usr/bin/install -c ./Lib/lib2to3/tests/pytree_idempotency.py /home/yaroslav/Python-3.2.2/_install/lib/python3.2/lib2to3/tests
/usr/bin/install -c -m 644 ./Lib/lib2to3/tests/support.py /home/yaroslav/Python-3.2.2/_install/lib/python3.2/lib2to3/tests
/usr/bin/install -c -m 644 ./Lib/lib2to3/tests/test_all_fixers.py /home/yaroslav/Python-3.2.2/_install/lib/python3.2/lib2to3/tests
/usr/bin/install -c -m 644 ./Lib/lib2to3/tests/test_fixers.py /home/yaroslav/Python-3.2.2/_install/lib/python3.2/lib2to3/tests
/usr/bin/install -c -m 644 ./Lib/lib2to3/tests/test_main.py /home/yaroslav/Python-3.2.2/_install/lib/python3.2/lib2to3/tests
/usr/bin/install -c -m 644 ./Lib/lib2to3/tests/test_parser.py /home/yaroslav/Python-3.2.2/_install/lib/python3.2/lib2to3/tests
/usr/bin/install -c -m 644 ./Lib/lib2to3/tests/test_pytree.py /home/yaroslav/Python-3.2.2/_install/lib/python3.2/lib2to3/tests
/usr/bin/install -c -m 644 ./Lib/lib2to3/tests/test_refactor.py /home/yaroslav/Python-3.2.2/_install/lib/python3.2/lib2to3/tests
/usr/bin/install -c -m 644 ./Lib/lib2to3/tests/test_util.py /home/yaroslav/Python-3.2.2/_install/lib/python3.2/lib2to3/tests
/usr/bin/install -c -m 644 ./Lib/lib2to3/tests/data/README /home/yaroslav/Python-3.2.2/_install/lib/python3.2/lib2to3/tests/data
/usr/bin/install -c -m 644 ./Lib/lib2to3/tests/data/bom.py /home/yaroslav/Python-3.2.2/_install/lib/python3.2/lib2to3/tests/data
/usr/bin/install -c -m 644 ./Lib/lib2to3/tests/data/crlf.py /home/yaroslav/Python-3.2.2/_install/lib/python3.2/lib2to3/tests/data
/usr/bin/install -c -m 644 ./Lib/lib2to3/tests/data/different_encoding.py /home/yaroslav/Python-3.2.2/_install/lib/python3.2/lib2to3/tests/data
/usr/bin/install -c -m 644 ./Lib/lib2to3/tests/data/infinite_recursion.py /home/yaroslav/Python-3.2.2/_install/lib/python3.2/lib2to3/tests/data
/usr/bin/install -c -m 644 ./Lib/lib2to3/tests/data/py2_test_grammar.py /home/yaroslav/Python-3.2.2/_install/lib/python3.2/lib2to3/tests/data
/usr/bin/install -c -m 644 ./Lib/lib2to3/tests/data/py3_test_grammar.py /home/yaroslav/Python-3.2.2/_install/lib/python3.2/lib2to3/tests/data
/usr/bin/install -c -m 644 ./Lib/lib2to3/tests/data/fixers/bad_order.py /home/yaroslav/Python-3.2.2/_install/lib/python3.2/lib2to3/tests/data/fixers
/usr/bin/install -c -m 644 ./Lib/lib2to3/tests/data/fixers/no_fixer_cls.py /home/yaroslav/Python-3.2.2/_install/lib/python3.2/lib2to3/tests/data/fixers
/usr/bin/install -c -m 644 ./Lib/lib2to3/tests/data/fixers/parrot_example.py /home/yaroslav/Python-3.2.2/_install/lib/python3.2/lib2to3/tests/data/fixers
/usr/bin/install -c -m 644 ./Lib/lib2to3/tests/data/fixers/myfixes/__init__.py /home/yaroslav/Python-3.2.2/_install/lib/python3.2/lib2to3/tests/data/fixers/myfixes
/usr/bin/install -c -m 644 ./Lib/lib2to3/tests/data/fixers/myfixes/fix_explicit.py /home/yaroslav/Python-3.2.2/_install/lib/python3.2/lib2to3/tests/data/fixers/myfixes
/usr/bin/install -c -m 644 ./Lib/lib2to3/tests/data/fixers/myfixes/fix_first.py /home/yaroslav/Python-3.2.2/_install/lib/python3.2/lib2to3/tests/data/fixers/myfixes
/usr/bin/install -c -m 644 ./Lib/lib2to3/tests/data/fixers/myfixes/fix_last.py /home/yaroslav/Python-3.2.2/_install/lib/python3.2/lib2to3/tests/data/fixers/myfixes
/usr/bin/install -c -m 644 ./Lib/lib2to3/tests/data/fixers/myfixes/fix_parrot.py /home/yaroslav/Python-3.2.2/_install/lib/python3.2/lib2to3/tests/data/fixers/myfixes
/usr/bin/install -c -m 644 ./Lib/lib2to3/tests/data/fixers/myfixes/fix_preorder.py /home/yaroslav/Python-3.2.2/_install/lib/python3.2/lib2to3/tests/data/fixers/myfixes
/usr/bin/install -c -m 644 ./Lib/ctypes/__init__.py /home/yaroslav/Python-3.2.2/_install/lib/python3.2/ctypes
/usr/bin/install -c -m 644 ./Lib/ctypes/_endian.py /home/yaroslav/Python-3.2.2/_install/lib/python3.2/ctypes
/usr/bin/install -c -m 644 ./Lib/ctypes/util.py /home/yaroslav/Python-3.2.2/_install/lib/python3.2/ctypes
/usr/bin/install -c -m 644 ./Lib/ctypes/wintypes.py /home/yaroslav/Python-3.2.2/_install/lib/python3.2/ctypes
/usr/bin/install -c -m 644 ./Lib/ctypes/test/__init__.py /home/yaroslav/Python-3.2.2/_install/lib/python3.2/ctypes/test
/usr/bin/install -c -m 644 ./Lib/ctypes/test/runtests.py /home/yaroslav/Python-3.2.2/_install/lib/python3.2/ctypes/test
/usr/bin/install -c -m 644 ./Lib/ctypes/test/test_anon.py /home/yaroslav/Python-3.2.2/_install/lib/python3.2/ctypes/test
/usr/bin/install -c -m 644 ./Lib/ctypes/test/test_array_in_pointer.py /home/yaroslav/Python-3.2.2/_install/lib/python3.2/ctypes/test
/usr/bin/install -c -m 644 ./Lib/ctypes/test/test_arrays.py /home/yaroslav/Python-3.2.2/_install/lib/python3.2/ctypes/test
/usr/bin/install -c -m 644 ./Lib/ctypes/test/test_as_parameter.py /home/yaroslav/Python-3.2.2/_install/lib/python3.2/ctypes/test
/usr/bin/install -c -m 644 ./Lib/ctypes/test/test_bitfields.py /home/yaroslav/Python-3.2.2/_install/lib/python3.2/ctypes/test
/usr/bin/install -c -m 644 ./Lib/ctypes/test/test_buffers.py /home/yaroslav/Python-3.2.2/_install/lib/python3.2/ctypes/test
/usr/bin/install -c -m 644 ./Lib/ctypes/test/test_bytes.py /home/yaroslav/Python-3.2.2/_install/lib/python3.2/ctypes/test
/usr/bin/install -c -m 644 ./Lib/ctypes/test/test_byteswap.py /home/yaroslav/Python-3.2.2/_install/lib/python3.2/ctypes/test
/usr/bin/install -c -m 644 ./Lib/ctypes/test/test_callbacks.py /home/yaroslav/Python-3.2.2/_install/lib/python3.2/ctypes/test
/usr/bin/install -c -m 644 ./Lib/ctypes/test/test_cast.py /home/yaroslav/Python-3.2.2/_install/lib/python3.2/ctypes/test
/usr/bin/install -c -m 644 ./Lib/ctypes/test/test_cfuncs.py /home/yaroslav/Python-3.2.2/_install/lib/python3.2/ctypes/test
/usr/bin/install -c -m 644 ./Lib/ctypes/test/test_checkretval.py /home/yaroslav/Python-3.2.2/_install/lib/python3.2/ctypes/test
/usr/bin/install -c -m 644 ./Lib/ctypes/test/test_delattr.py /home/yaroslav/Python-3.2.2/_install/lib/python3.2/ctypes/test
/usr/bin/install -c -m 644 ./Lib/ctypes/test/test_errcheck.py /home/yaroslav/Python-3.2.2/_install/lib/python3.2/ctypes/test
/usr/bin/install -c -m 644 ./Lib/ctypes/test/test_errno.py /home/yaroslav/Python-3.2.2/_install/lib/python3.2/ctypes/test
/usr/bin/install -c -m 644 ./Lib/ctypes/test/test_find.py /home/yaroslav/Python-3.2.2/_install/lib/python3.2/ctypes/test
/usr/bin/install -c -m 644 ./Lib/ctypes/test/test_frombuffer.py /home/yaroslav/Python-3.2.2/_install/lib/python3.2/ctypes/test
/usr/bin/install -c -m 644 ./Lib/ctypes/test/test_funcptr.py /home/yaroslav/Python-3.2.2/_install/lib/python3.2/ctypes/test
/usr/bin/install -c -m 644 ./Lib/ctypes/test/test_functions.py /home/yaroslav/Python-3.2.2/_install/lib/python3.2/ctypes/test
/usr/bin/install -c -m 644 ./Lib/ctypes/test/test_incomplete.py /home/yaroslav/Python-3.2.2/_install/lib/python3.2/ctypes/test
/usr/bin/install -c -m 644 ./Lib/ctypes/test/test_init.py /home/yaroslav/Python-3.2.2/_install/lib/python3.2/ctypes/test
/usr/bin/install -c -m 644 ./Lib/ctypes/test/test_integers.py /home/yaroslav/Python-3.2.2/_install/lib/python3.2/ctypes/test
/usr/bin/install -c -m 644 ./Lib/ctypes/test/test_internals.py /home/yaroslav/Python-3.2.2/_install/lib/python3.2/ctypes/test
/usr/bin/install -c -m 644 ./Lib/ctypes/test/test_keeprefs.py /home/yaroslav/Python-3.2.2/_install/lib/python3.2/ctypes/test
/usr/bin/install -c -m 644 ./Lib/ctypes/test/test_libc.py /home/yaroslav/Python-3.2.2/_install/lib/python3.2/ctypes/test
/usr/bin/install -c -m 644 ./Lib/ctypes/test/test_loading.py /home/yaroslav/Python-3.2.2/_install/lib/python3.2/ctypes/test
/usr/bin/install -c -m 644 ./Lib/ctypes/test/test_macholib.py /home/yaroslav/Python-3.2.2/_install/lib/python3.2/ctypes/test
/usr/bin/install -c -m 644 ./Lib/ctypes/test/test_memfunctions.py /home/yaroslav/Python-3.2.2/_install/lib/python3.2/ctypes/test
/usr/bin/install -c -m 644 ./Lib/ctypes/test/test_numbers.py /home/yaroslav/Python-3.2.2/_install/lib/python3.2/ctypes/test
/usr/bin/install -c -m 644 ./Lib/ctypes/test/test_objects.py /home/yaroslav/Python-3.2.2/_install/lib/python3.2/ctypes/test
/usr/bin/install -c -m 644 ./Lib/ctypes/test/test_parameters.py /home/yaroslav/Python-3.2.2/_install/lib/python3.2/ctypes/test
/usr/bin/install -c -m 644 ./Lib/ctypes/test/test_pep3118.py /home/yaroslav/Python-3.2.2/_install/lib/python3.2/ctypes/test
/usr/bin/install -c -m 644 ./Lib/ctypes/test/test_pickling.py /home/yaroslav/Python-3.2.2/_install/lib/python3.2/ctypes/test
/usr/bin/install -c -m 644 ./Lib/ctypes/test/test_pointers.py /home/yaroslav/Python-3.2.2/_install/lib/python3.2/ctypes/test
/usr/bin/install -c -m 644 ./Lib/ctypes/test/test_prototypes.py /home/yaroslav/Python-3.2.2/_install/lib/python3.2/ctypes/test
/usr/bin/install -c -m 644 ./Lib/ctypes/test/test_python_api.py /home/yaroslav/Python-3.2.2/_install/lib/python3.2/ctypes/test
/usr/bin/install -c -m 644 ./Lib/ctypes/test/test_random_things.py /home/yaroslav/Python-3.2.2/_install/lib/python3.2/ctypes/test
/usr/bin/install -c -m 644 ./Lib/ctypes/test/test_refcounts.py /home/yaroslav/Python-3.2.2/_install/lib/python3.2/ctypes/test
/usr/bin/install -c -m 644 ./Lib/ctypes/test/test_repr.py /home/yaroslav/Python-3.2.2/_install/lib/python3.2/ctypes/test
/usr/bin/install -c -m 644 ./Lib/ctypes/test/test_returnfuncptrs.py /home/yaroslav/Python-3.2.2/_install/lib/python3.2/ctypes/test
/usr/bin/install -c -m 644 ./Lib/ctypes/test/test_simplesubclasses.py /home/yaroslav/Python-3.2.2/_install/lib/python3.2/ctypes/test
/usr/bin/install -c -m 644 ./Lib/ctypes/test/test_sizes.py /home/yaroslav/Python-3.2.2/_install/lib/python3.2/ctypes/test
/usr/bin/install -c -m 644 ./Lib/ctypes/test/test_slicing.py /home/yaroslav/Python-3.2.2/_install/lib/python3.2/ctypes/test
/usr/bin/install -c -m 644 ./Lib/ctypes/test/test_stringptr.py /home/yaroslav/Python-3.2.2/_install/lib/python3.2/ctypes/test
/usr/bin/install -c -m 644 ./Lib/ctypes/test/test_strings.py /home/yaroslav/Python-3.2.2/_install/lib/python3.2/ctypes/test
/usr/bin/install -c -m 644 ./Lib/ctypes/test/test_struct_fields.py /home/yaroslav/Python-3.2.2/_install/lib/python3.2/ctypes/test
/usr/bin/install -c -m 644 ./Lib/ctypes/test/test_structures.py /home/yaroslav/Python-3.2.2/_install/lib/python3.2/ctypes/test
/usr/bin/install -c -m 644 ./Lib/ctypes/test/test_unaligned_structures.py /home/yaroslav/Python-3.2.2/_install/lib/python3.2/ctypes/test
/usr/bin/install -c -m 644 ./Lib/ctypes/test/test_unicode.py /home/yaroslav/Python-3.2.2/_install/lib/python3.2/ctypes/test
/usr/bin/install -c -m 644 ./Lib/ctypes/test/test_values.py /home/yaroslav/Python-3.2.2/_install/lib/python3.2/ctypes/test
/usr/bin/install -c -m 644 ./Lib/ctypes/test/test_varsize_struct.py /home/yaroslav/Python-3.2.2/_install/lib/python3.2/ctypes/test
/usr/bin/install -c -m 644 ./Lib/ctypes/test/test_win32.py /home/yaroslav/Python-3.2.2/_install/lib/python3.2/ctypes/test
/usr/bin/install -c -m 644 ./Lib/ctypes/macholib/README.ctypes /home/yaroslav/Python-3.2.2/_install/lib/python3.2/ctypes/macholib
/usr/bin/install -c -m 644 ./Lib/ctypes/macholib/__init__.py /home/yaroslav/Python-3.2.2/_install/lib/python3.2/ctypes/macholib
/usr/bin/install -c -m 644 ./Lib/ctypes/macholib/dyld.py /home/yaroslav/Python-3.2.2/_install/lib/python3.2/ctypes/macholib
/usr/bin/install -c -m 644 ./Lib/ctypes/macholib/dylib.py /home/yaroslav/Python-3.2.2/_install/lib/python3.2/ctypes/macholib
/usr/bin/install -c ./Lib/ctypes/macholib/fetch_macholib /home/yaroslav/Python-3.2.2/_install/lib/python3.2/ctypes/macholib
/usr/bin/install -c -m 644 ./Lib/ctypes/macholib/fetch_macholib.bat /home/yaroslav/Python-3.2.2/_install/lib/python3.2/ctypes/macholib
/usr/bin/install -c -m 644 ./Lib/ctypes/macholib/framework.py /home/yaroslav/Python-3.2.2/_install/lib/python3.2/ctypes/macholib
/usr/bin/install -c -m 644 ./Lib/idlelib/AutoComplete.py /home/yaroslav/Python-3.2.2/_install/lib/python3.2/idlelib
/usr/bin/install -c -m 644 ./Lib/idlelib/AutoCompleteWindow.py /home/yaroslav/Python-3.2.2/_install/lib/python3.2/idlelib
/usr/bin/install -c -m 644 ./Lib/idlelib/AutoExpand.py /home/yaroslav/Python-3.2.2/_install/lib/python3.2/idlelib
/usr/bin/install -c -m 644 ./Lib/idlelib/Bindings.py /home/yaroslav/Python-3.2.2/_install/lib/python3.2/idlelib
/usr/bin/install -c -m 644 ./Lib/idlelib/CREDITS.txt /home/yaroslav/Python-3.2.2/_install/lib/python3.2/idlelib
/usr/bin/install -c -m 644 ./Lib/idlelib/CallTipWindow.py /home/yaroslav/Python-3.2.2/_install/lib/python3.2/idlelib
/usr/bin/install -c -m 644 ./Lib/idlelib/CallTips.py /home/yaroslav/Python-3.2.2/_install/lib/python3.2/idlelib
/usr/bin/install -c -m 644 ./Lib/idlelib/ChangeLog /home/yaroslav/Python-3.2.2/_install/lib/python3.2/idlelib
/usr/bin/install -c -m 644 ./Lib/idlelib/ClassBrowser.py /home/yaroslav/Python-3.2.2/_install/lib/python3.2/idlelib
/usr/bin/install -c -m 644 ./Lib/idlelib/CodeContext.py /home/yaroslav/Python-3.2.2/_install/lib/python3.2/idlelib
/usr/bin/install -c -m 644 ./Lib/idlelib/ColorDelegator.py /home/yaroslav/Python-3.2.2/_install/lib/python3.2/idlelib
/usr/bin/install -c -m 644 ./Lib/idlelib/Debugger.py /home/yaroslav/Python-3.2.2/_install/lib/python3.2/idlelib
/usr/bin/install -c -m 644 ./Lib/idlelib/Delegator.py /home/yaroslav/Python-3.2.2/_install/lib/python3.2/idlelib
/usr/bin/install -c -m 644 ./Lib/idlelib/EditorWindow.py /home/yaroslav/Python-3.2.2/_install/lib/python3.2/idlelib
/usr/bin/install -c -m 644 ./Lib/idlelib/FileList.py /home/yaroslav/Python-3.2.2/_install/lib/python3.2/idlelib
/usr/bin/install -c -m 644 ./Lib/idlelib/FormatParagraph.py /home/yaroslav/Python-3.2.2/_install/lib/python3.2/idlelib
/usr/bin/install -c -m 644 ./Lib/idlelib/GrepDialog.py /home/yaroslav/Python-3.2.2/_install/lib/python3.2/idlelib
/usr/bin/install -c -m 644 ./Lib/idlelib/HISTORY.txt /home/yaroslav/Python-3.2.2/_install/lib/python3.2/idlelib
/usr/bin/install -c -m 644 ./Lib/idlelib/HyperParser.py /home/yaroslav/Python-3.2.2/_install/lib/python3.2/idlelib
/usr/bin/install -c -m 644 ./Lib/idlelib/IOBinding.py /home/yaroslav/Python-3.2.2/_install/lib/python3.2/idlelib
/usr/bin/install -c -m 644 ./Lib/idlelib/IdleHistory.py /home/yaroslav/Python-3.2.2/_install/lib/python3.2/idlelib
/usr/bin/install -c -m 644 ./Lib/idlelib/MultiCall.py /home/yaroslav/Python-3.2.2/_install/lib/python3.2/idlelib
/usr/bin/install -c -m 644 ./Lib/idlelib/MultiStatusBar.py /home/yaroslav/Python-3.2.2/_install/lib/python3.2/idlelib
/usr/bin/install -c -m 644 ./Lib/idlelib/NEWS.txt /home/yaroslav/Python-3.2.2/_install/lib/python3.2/idlelib
/usr/bin/install -c -m 644 ./Lib/idlelib/ObjectBrowser.py /home/yaroslav/Python-3.2.2/_install/lib/python3.2/idlelib
/usr/bin/install -c -m 644 ./Lib/idlelib/OutputWindow.py /home/yaroslav/Python-3.2.2/_install/lib/python3.2/idlelib
/usr/bin/install -c -m 644 ./Lib/idlelib/ParenMatch.py /home/yaroslav/Python-3.2.2/_install/lib/python3.2/idlelib
/usr/bin/install -c -m 644 ./Lib/idlelib/PathBrowser.py /home/yaroslav/Python-3.2.2/_install/lib/python3.2/idlelib
/usr/bin/install -c -m 644 ./Lib/idlelib/Percolator.py /home/yaroslav/Python-3.2.2/_install/lib/python3.2/idlelib
/usr/bin/install -c -m 644 ./Lib/idlelib/PyParse.py /home/yaroslav/Python-3.2.2/_install/lib/python3.2/idlelib
/usr/bin/install -c -m 644 ./Lib/idlelib/PyShell.py /home/yaroslav/Python-3.2.2/_install/lib/python3.2/idlelib
/usr/bin/install -c -m 644 ./Lib/idlelib/README.txt /home/yaroslav/Python-3.2.2/_install/lib/python3.2/idlelib
/usr/bin/install -c -m 644 ./Lib/idlelib/RemoteDebugger.py /home/yaroslav/Python-3.2.2/_install/lib/python3.2/idlelib
/usr/bin/install -c -m 644 ./Lib/idlelib/RemoteObjectBrowser.py /home/yaroslav/Python-3.2.2/_install/lib/python3.2/idlelib
/usr/bin/install -c -m 644 ./Lib/idlelib/ReplaceDialog.py /home/yaroslav/Python-3.2.2/_install/lib/python3.2/idlelib
/usr/bin/install -c -m 644 ./Lib/idlelib/RstripExtension.py /home/yaroslav/Python-3.2.2/_install/lib/python3.2/idlelib
/usr/bin/install -c -m 644 ./Lib/idlelib/ScriptBinding.py /home/yaroslav/Python-3.2.2/_install/lib/python3.2/idlelib
/usr/bin/install -c -m 644 ./Lib/idlelib/ScrolledList.py /home/yaroslav/Python-3.2.2/_install/lib/python3.2/idlelib
/usr/bin/install -c -m 644 ./Lib/idlelib/SearchDialog.py /home/yaroslav/Python-3.2.2/_install/lib/python3.2/idlelib
/usr/bin/install -c -m 644 ./Lib/idlelib/SearchDialogBase.py /home/yaroslav/Python-3.2.2/_install/lib/python3.2/idlelib
/usr/bin/install -c -m 644 ./Lib/idlelib/SearchEngine.py /home/yaroslav/Python-3.2.2/_install/lib/python3.2/idlelib
/usr/bin/install -c -m 644 ./Lib/idlelib/StackViewer.py /home/yaroslav/Python-3.2.2/_install/lib/python3.2/idlelib
/usr/bin/install -c -m 644 ./Lib/idlelib/TODO.txt /home/yaroslav/Python-3.2.2/_install/lib/python3.2/idlelib
/usr/bin/install -c -m 644 ./Lib/idlelib/ToolTip.py /home/yaroslav/Python-3.2.2/_install/lib/python3.2/idlelib
/usr/bin/install -c -m 644 ./Lib/idlelib/TreeWidget.py /home/yaroslav/Python-3.2.2/_install/lib/python3.2/idlelib
/usr/bin/install -c -m 644 ./Lib/idlelib/UndoDelegator.py /home/yaroslav/Python-3.2.2/_install/lib/python3.2/idlelib
/usr/bin/install -c -m 644 ./Lib/idlelib/WidgetRedirector.py /home/yaroslav/Python-3.2.2/_install/lib/python3.2/idlelib
/usr/bin/install -c -m 644 ./Lib/idlelib/WindowList.py /home/yaroslav/Python-3.2.2/_install/lib/python3.2/idlelib
/usr/bin/install -c -m 644 ./Lib/idlelib/ZoomHeight.py /home/yaroslav/Python-3.2.2/_install/lib/python3.2/idlelib
/usr/bin/install -c -m 644 ./Lib/idlelib/__init__.py /home/yaroslav/Python-3.2.2/_install/lib/python3.2/idlelib
/usr/bin/install -c -m 644 ./Lib/idlelib/aboutDialog.py /home/yaroslav/Python-3.2.2/_install/lib/python3.2/idlelib
/usr/bin/install -c -m 644 ./Lib/idlelib/config-extensions.def /home/yaroslav/Python-3.2.2/_install/lib/python3.2/idlelib
/usr/bin/install -c -m 644 ./Lib/idlelib/config-highlight.def /home/yaroslav/Python-3.2.2/_install/lib/python3.2/idlelib
/usr/bin/install -c -m 644 ./Lib/idlelib/config-keys.def /home/yaroslav/Python-3.2.2/_install/lib/python3.2/idlelib
/usr/bin/install -c -m 644 ./Lib/idlelib/config-main.def /home/yaroslav/Python-3.2.2/_install/lib/python3.2/idlelib
/usr/bin/install -c -m 644 ./Lib/idlelib/configDialog.py /home/yaroslav/Python-3.2.2/_install/lib/python3.2/idlelib
/usr/bin/install -c -m 644 ./Lib/idlelib/configHandler.py /home/yaroslav/Python-3.2.2/_install/lib/python3.2/idlelib
/usr/bin/install -c -m 644 ./Lib/idlelib/configHelpSourceEdit.py /home/yaroslav/Python-3.2.2/_install/lib/python3.2/idlelib
/usr/bin/install -c -m 644 ./Lib/idlelib/configSectionNameDialog.py /home/yaroslav/Python-3.2.2/_install/lib/python3.2/idlelib
/usr/bin/install -c -m 644 ./Lib/idlelib/dynOptionMenuWidget.py /home/yaroslav/Python-3.2.2/_install/lib/python3.2/idlelib
/usr/bin/install -c -m 644 ./Lib/idlelib/extend.txt /home/yaroslav/Python-3.2.2/_install/lib/python3.2/idlelib
/usr/bin/install -c -m 644 ./Lib/idlelib/help.txt /home/yaroslav/Python-3.2.2/_install/lib/python3.2/idlelib
/usr/bin/install -c ./Lib/idlelib/idle.bat /home/yaroslav/Python-3.2.2/_install/lib/python3.2/idlelib
/usr/bin/install -c -m 644 ./Lib/idlelib/idle.py /home/yaroslav/Python-3.2.2/_install/lib/python3.2/idlelib
/usr/bin/install -c -m 644 ./Lib/idlelib/idle.pyw /home/yaroslav/Python-3.2.2/_install/lib/python3.2/idlelib
/usr/bin/install -c -m 644 ./Lib/idlelib/idlever.py /home/yaroslav/Python-3.2.2/_install/lib/python3.2/idlelib
/usr/bin/install -c -m 644 ./Lib/idlelib/keybindingDialog.py /home/yaroslav/Python-3.2.2/_install/lib/python3.2/idlelib
/usr/bin/install -c -m 644 ./Lib/idlelib/macosxSupport.py /home/yaroslav/Python-3.2.2/_install/lib/python3.2/idlelib
/usr/bin/install -c -m 644 ./Lib/idlelib/rpc.py /home/yaroslav/Python-3.2.2/_install/lib/python3.2/idlelib
/usr/bin/install -c -m 644 ./Lib/idlelib/run.py /home/yaroslav/Python-3.2.2/_install/lib/python3.2/idlelib
/usr/bin/install -c -m 644 ./Lib/idlelib/tabbedpages.py /home/yaroslav/Python-3.2.2/_install/lib/python3.2/idlelib
/usr/bin/install -c -m 644 ./Lib/idlelib/testcode.py /home/yaroslav/Python-3.2.2/_install/lib/python3.2/idlelib
/usr/bin/install -c -m 644 ./Lib/idlelib/textView.py /home/yaroslav/Python-3.2.2/_install/lib/python3.2/idlelib
/usr/bin/install -c -m 644 ./Lib/idlelib/Icons/folder.gif /home/yaroslav/Python-3.2.2/_install/lib/python3.2/idlelib/Icons
/usr/bin/install -c -m 644 ./Lib/idlelib/Icons/idle.icns /home/yaroslav/Python-3.2.2/_install/lib/python3.2/idlelib/Icons
/usr/bin/install -c -m 644 ./Lib/idlelib/Icons/minusnode.gif /home/yaroslav/Python-3.2.2/_install/lib/python3.2/idlelib/Icons
/usr/bin/install -c -m 644 ./Lib/idlelib/Icons/openfolder.gif /home/yaroslav/Python-3.2.2/_install/lib/python3.2/idlelib/Icons
/usr/bin/install -c -m 644 ./Lib/idlelib/Icons/plusnode.gif /home/yaroslav/Python-3.2.2/_install/lib/python3.2/idlelib/Icons
/usr/bin/install -c -m 644 ./Lib/idlelib/Icons/python.gif /home/yaroslav/Python-3.2.2/_install/lib/python3.2/idlelib/Icons
/usr/bin/install -c -m 644 ./Lib/idlelib/Icons/tk.gif /home/yaroslav/Python-3.2.2/_install/lib/python3.2/idlelib/Icons
/usr/bin/install -c -m 644 ./Lib/distutils/README /home/yaroslav/Python-3.2.2/_install/lib/python3.2/distutils
/usr/bin/install -c -m 644 ./Lib/distutils/__init__.py /home/yaroslav/Python-3.2.2/_install/lib/python3.2/distutils
/usr/bin/install -c -m 644 ./Lib/distutils/archive_util.py /home/yaroslav/Python-3.2.2/_install/lib/python3.2/distutils
/usr/bin/install -c -m 644 ./Lib/distutils/bcppcompiler.py /home/yaroslav/Python-3.2.2/_install/lib/python3.2/distutils
/usr/bin/install -c -m 644 ./Lib/distutils/ccompiler.py /home/yaroslav/Python-3.2.2/_install/lib/python3.2/distutils
/usr/bin/install -c -m 644 ./Lib/distutils/cmd.py /home/yaroslav/Python-3.2.2/_install/lib/python3.2/distutils
/usr/bin/install -c -m 644 ./Lib/distutils/config.py /home/yaroslav/Python-3.2.2/_install/lib/python3.2/distutils
/usr/bin/install -c -m 644 ./Lib/distutils/core.py /home/yaroslav/Python-3.2.2/_install/lib/python3.2/distutils
/usr/bin/install -c -m 644 ./Lib/distutils/cygwinccompiler.py /home/yaroslav/Python-3.2.2/_install/lib/python3.2/distutils
/usr/bin/install -c -m 644 ./Lib/distutils/debug.py /home/yaroslav/Python-3.2.2/_install/lib/python3.2/distutils
/usr/bin/install -c -m 644 ./Lib/distutils/dep_util.py /home/yaroslav/Python-3.2.2/_install/lib/python3.2/distutils
/usr/bin/install -c -m 644 ./Lib/distutils/dir_util.py /home/yaroslav/Python-3.2.2/_install/lib/python3.2/distutils
/usr/bin/install -c -m 644 ./Lib/distutils/dist.py /home/yaroslav/Python-3.2.2/_install/lib/python3.2/distutils
/usr/bin/install -c -m 644 ./Lib/distutils/emxccompiler.py /home/yaroslav/Python-3.2.2/_install/lib/python3.2/distutils
/usr/bin/install -c -m 644 ./Lib/distutils/errors.py /home/yaroslav/Python-3.2.2/_install/lib/python3.2/distutils
/usr/bin/install -c -m 644 ./Lib/distutils/extension.py /home/yaroslav/Python-3.2.2/_install/lib/python3.2/distutils
/usr/bin/install -c -m 644 ./Lib/distutils/fancy_getopt.py /home/yaroslav/Python-3.2.2/_install/lib/python3.2/distutils
/usr/bin/install -c -m 644 ./Lib/distutils/file_util.py /home/yaroslav/Python-3.2.2/_install/lib/python3.2/distutils
/usr/bin/install -c -m 644 ./Lib/distutils/filelist.py /home/yaroslav/Python-3.2.2/_install/lib/python3.2/distutils
/usr/bin/install -c -m 644 ./Lib/distutils/log.py /home/yaroslav/Python-3.2.2/_install/lib/python3.2/distutils
/usr/bin/install -c -m 644 ./Lib/distutils/msvc9compiler.py /home/yaroslav/Python-3.2.2/_install/lib/python3.2/distutils
/usr/bin/install -c -m 644 ./Lib/distutils/msvccompiler.py /home/yaroslav/Python-3.2.2/_install/lib/python3.2/distutils
/usr/bin/install -c -m 644 ./Lib/distutils/spawn.py /home/yaroslav/Python-3.2.2/_install/lib/python3.2/distutils
/usr/bin/install -c -m 644 ./Lib/distutils/sysconfig.py /home/yaroslav/Python-3.2.2/_install/lib/python3.2/distutils
/usr/bin/install -c -m 644 ./Lib/distutils/text_file.py /home/yaroslav/Python-3.2.2/_install/lib/python3.2/distutils
/usr/bin/install -c -m 644 ./Lib/distutils/unixccompiler.py /home/yaroslav/Python-3.2.2/_install/lib/python3.2/distutils
/usr/bin/install -c -m 644 ./Lib/distutils/util.py /home/yaroslav/Python-3.2.2/_install/lib/python3.2/distutils
/usr/bin/install -c -m 644 ./Lib/distutils/version.py /home/yaroslav/Python-3.2.2/_install/lib/python3.2/distutils
/usr/bin/install -c -m 644 ./Lib/distutils/versionpredicate.py /home/yaroslav/Python-3.2.2/_install/lib/python3.2/distutils
/usr/bin/install -c -m 644 ./Lib/distutils/command/__init__.py /home/yaroslav/Python-3.2.2/_install/lib/python3.2/distutils/command
/usr/bin/install -c -m 644 ./Lib/distutils/command/bdist.py /home/yaroslav/Python-3.2.2/_install/lib/python3.2/distutils/command
/usr/bin/install -c -m 644 ./Lib/distutils/command/bdist_dumb.py /home/yaroslav/Python-3.2.2/_install/lib/python3.2/distutils/command
/usr/bin/install -c -m 644 ./Lib/distutils/command/bdist_msi.py /home/yaroslav/Python-3.2.2/_install/lib/python3.2/distutils/command
/usr/bin/install -c -m 644 ./Lib/distutils/command/bdist_rpm.py /home/yaroslav/Python-3.2.2/_install/lib/python3.2/distutils/command
/usr/bin/install -c -m 644 ./Lib/distutils/command/bdist_wininst.py /home/yaroslav/Python-3.2.2/_install/lib/python3.2/distutils/command
/usr/bin/install -c -m 644 ./Lib/distutils/command/build.py /home/yaroslav/Python-3.2.2/_install/lib/python3.2/distutils/command
/usr/bin/install -c -m 644 ./Lib/distutils/command/build_clib.py /home/yaroslav/Python-3.2.2/_install/lib/python3.2/distutils/command
/usr/bin/install -c -m 644 ./Lib/distutils/command/build_ext.py /home/yaroslav/Python-3.2.2/_install/lib/python3.2/distutils/command
/usr/bin/install -c -m 644 ./Lib/distutils/command/build_py.py /home/yaroslav/Python-3.2.2/_install/lib/python3.2/distutils/command
/usr/bin/install -c -m 644 ./Lib/distutils/command/build_scripts.py /home/yaroslav/Python-3.2.2/_install/lib/python3.2/distutils/command
/usr/bin/install -c -m 644 ./Lib/distutils/command/check.py /home/yaroslav/Python-3.2.2/_install/lib/python3.2/distutils/command
/usr/bin/install -c -m 644 ./Lib/distutils/command/clean.py /home/yaroslav/Python-3.2.2/_install/lib/python3.2/distutils/command
/usr/bin/install -c -m 644 ./Lib/distutils/command/command_template /home/yaroslav/Python-3.2.2/_install/lib/python3.2/distutils/command
/usr/bin/install -c -m 644 ./Lib/distutils/command/config.py /home/yaroslav/Python-3.2.2/_install/lib/python3.2/distutils/command
/usr/bin/install -c -m 644 ./Lib/distutils/command/install.py /home/yaroslav/Python-3.2.2/_install/lib/python3.2/distutils/command
/usr/bin/install -c -m 644 ./Lib/distutils/command/install_data.py /home/yaroslav/Python-3.2.2/_install/lib/python3.2/distutils/command
/usr/bin/install -c -m 644 ./Lib/distutils/command/install_egg_info.py /home/yaroslav/Python-3.2.2/_install/lib/python3.2/distutils/command
/usr/bin/install -c -m 644 ./Lib/distutils/command/install_headers.py /home/yaroslav/Python-3.2.2/_install/lib/python3.2/distutils/command
/usr/bin/install -c -m 644 ./Lib/distutils/command/install_lib.py /home/yaroslav/Python-3.2.2/_install/lib/python3.2/distutils/command
/usr/bin/install -c -m 644 ./Lib/distutils/command/install_scripts.py /home/yaroslav/Python-3.2.2/_install/lib/python3.2/distutils/command
/usr/bin/install -c -m 644 ./Lib/distutils/command/register.py /home/yaroslav/Python-3.2.2/_install/lib/python3.2/distutils/command
/usr/bin/install -c -m 644 ./Lib/distutils/command/sdist.py /home/yaroslav/Python-3.2.2/_install/lib/python3.2/distutils/command
/usr/bin/install -c -m 644 ./Lib/distutils/command/upload.py /home/yaroslav/Python-3.2.2/_install/lib/python3.2/distutils/command
/usr/bin/install -c -m 644 ./Lib/distutils/command/wininst-6.0.exe /home/yaroslav/Python-3.2.2/_install/lib/python3.2/distutils/command
/usr/bin/install -c -m 644 ./Lib/distutils/command/wininst-7.1.exe /home/yaroslav/Python-3.2.2/_install/lib/python3.2/distutils/command
/usr/bin/install -c -m 644 ./Lib/distutils/command/wininst-8.0.exe /home/yaroslav/Python-3.2.2/_install/lib/python3.2/distutils/command
/usr/bin/install -c -m 644 ./Lib/distutils/command/wininst-9.0-amd64.exe /home/yaroslav/Python-3.2.2/_install/lib/python3.2/distutils/command
/usr/bin/install -c -m 644 ./Lib/distutils/command/wininst-9.0.exe /home/yaroslav/Python-3.2.2/_install/lib/python3.2/distutils/command
/usr/bin/install -c -m 644 ./Lib/distutils/tests/Setup.sample /home/yaroslav/Python-3.2.2/_install/lib/python3.2/distutils/tests
/usr/bin/install -c -m 644 ./Lib/distutils/tests/__init__.py /home/yaroslav/Python-3.2.2/_install/lib/python3.2/distutils/tests
/usr/bin/install -c -m 644 ./Lib/distutils/tests/support.py /home/yaroslav/Python-3.2.2/_install/lib/python3.2/distutils/tests
/usr/bin/install -c -m 644 ./Lib/distutils/tests/test_archive_util.py /home/yaroslav/Python-3.2.2/_install/lib/python3.2/distutils/tests
/usr/bin/install -c -m 644 ./Lib/distutils/tests/test_bdist.py /home/yaroslav/Python-3.2.2/_install/lib/python3.2/distutils/tests
/usr/bin/install -c -m 644 ./Lib/distutils/tests/test_bdist_dumb.py /home/yaroslav/Python-3.2.2/_install/lib/python3.2/distutils/tests
/usr/bin/install -c -m 644 ./Lib/distutils/tests/test_bdist_msi.py /home/yaroslav/Python-3.2.2/_install/lib/python3.2/distutils/tests
/usr/bin/install -c -m 644 ./Lib/distutils/tests/test_bdist_rpm.py /home/yaroslav/Python-3.2.2/_install/lib/python3.2/distutils/tests
/usr/bin/install -c -m 644 ./Lib/distutils/tests/test_bdist_wininst.py /home/yaroslav/Python-3.2.2/_install/lib/python3.2/distutils/tests
/usr/bin/install -c -m 644 ./Lib/distutils/tests/test_build.py /home/yaroslav/Python-3.2.2/_install/lib/python3.2/distutils/tests
/usr/bin/install -c -m 644 ./Lib/distutils/tests/test_build_clib.py /home/yaroslav/Python-3.2.2/_install/lib/python3.2/distutils/tests
/usr/bin/install -c -m 644 ./Lib/distutils/tests/test_build_ext.py /home/yaroslav/Python-3.2.2/_install/lib/python3.2/distutils/tests
/usr/bin/install -c -m 644 ./Lib/distutils/tests/test_build_py.py /home/yaroslav/Python-3.2.2/_install/lib/python3.2/distutils/tests
/usr/bin/install -c -m 644 ./Lib/distutils/tests/test_build_scripts.py /home/yaroslav/Python-3.2.2/_install/lib/python3.2/distutils/tests
/usr/bin/install -c -m 644 ./Lib/distutils/tests/test_check.py /home/yaroslav/Python-3.2.2/_install/lib/python3.2/distutils/tests
/usr/bin/install -c -m 644 ./Lib/distutils/tests/test_clean.py /home/yaroslav/Python-3.2.2/_install/lib/python3.2/distutils/tests
/usr/bin/install -c -m 644 ./Lib/distutils/tests/test_cmd.py /home/yaroslav/Python-3.2.2/_install/lib/python3.2/distutils/tests
/usr/bin/install -c -m 644 ./Lib/distutils/tests/test_config.py /home/yaroslav/Python-3.2.2/_install/lib/python3.2/distutils/tests
/usr/bin/install -c -m 644 ./Lib/distutils/tests/test_config_cmd.py /home/yaroslav/Python-3.2.2/_install/lib/python3.2/distutils/tests
/usr/bin/install -c -m 644 ./Lib/distutils/tests/test_core.py /home/yaroslav/Python-3.2.2/_install/lib/python3.2/distutils/tests
/usr/bin/install -c -m 644 ./Lib/distutils/tests/test_cygwinccompiler.py /home/yaroslav/Python-3.2.2/_install/lib/python3.2/distutils/tests
/usr/bin/install -c -m 644 ./Lib/distutils/tests/test_dep_util.py /home/yaroslav/Python-3.2.2/_install/lib/python3.2/distutils/tests
/usr/bin/install -c -m 644 ./Lib/distutils/tests/test_dir_util.py /home/yaroslav/Python-3.2.2/_install/lib/python3.2/distutils/tests
/usr/bin/install -c -m 644 ./Lib/distutils/tests/test_dist.py /home/yaroslav/Python-3.2.2/_install/lib/python3.2/distutils/tests
/usr/bin/install -c -m 644 ./Lib/distutils/tests/test_extension.py /home/yaroslav/Python-3.2.2/_install/lib/python3.2/distutils/tests
/usr/bin/install -c -m 644 ./Lib/distutils/tests/test_file_util.py /home/yaroslav/Python-3.2.2/_install/lib/python3.2/distutils/tests
/usr/bin/install -c -m 644 ./Lib/distutils/tests/test_filelist.py /home/yaroslav/Python-3.2.2/_install/lib/python3.2/distutils/tests
/usr/bin/install -c -m 644 ./Lib/distutils/tests/test_install.py /home/yaroslav/Python-3.2.2/_install/lib/python3.2/distutils/tests
/usr/bin/install -c -m 644 ./Lib/distutils/tests/test_install_data.py /home/yaroslav/Python-3.2.2/_install/lib/python3.2/distutils/tests
/usr/bin/install -c -m 644 ./Lib/distutils/tests/test_install_headers.py /home/yaroslav/Python-3.2.2/_install/lib/python3.2/distutils/tests
/usr/bin/install -c -m 644 ./Lib/distutils/tests/test_install_lib.py /home/yaroslav/Python-3.2.2/_install/lib/python3.2/distutils/tests
/usr/bin/install -c -m 644 ./Lib/distutils/tests/test_install_scripts.py /home/yaroslav/Python-3.2.2/_install/lib/python3.2/distutils/tests
/usr/bin/install -c -m 644 ./Lib/distutils/tests/test_log.py /home/yaroslav/Python-3.2.2/_install/lib/python3.2/distutils/tests
/usr/bin/install -c -m 644 ./Lib/distutils/tests/test_msvc9compiler.py /home/yaroslav/Python-3.2.2/_install/lib/python3.2/distutils/tests
/usr/bin/install -c -m 644 ./Lib/distutils/tests/test_register.py /home/yaroslav/Python-3.2.2/_install/lib/python3.2/distutils/tests
/usr/bin/install -c -m 644 ./Lib/distutils/tests/test_sdist.py /home/yaroslav/Python-3.2.2/_install/lib/python3.2/distutils/tests
/usr/bin/install -c -m 644 ./Lib/distutils/tests/test_spawn.py /home/yaroslav/Python-3.2.2/_install/lib/python3.2/distutils/tests
/usr/bin/install -c -m 644 ./Lib/distutils/tests/test_sysconfig.py /home/yaroslav/Python-3.2.2/_install/lib/python3.2/distutils/tests
/usr/bin/install -c -m 644 ./Lib/distutils/tests/test_text_file.py /home/yaroslav/Python-3.2.2/_install/lib/python3.2/distutils/tests
/usr/bin/install -c -m 644 ./Lib/distutils/tests/test_unixccompiler.py /home/yaroslav/Python-3.2.2/_install/lib/python3.2/distutils/tests
/usr/bin/install -c -m 644 ./Lib/distutils/tests/test_upload.py /home/yaroslav/Python-3.2.2/_install/lib/python3.2/distutils/tests
/usr/bin/install -c -m 644 ./Lib/distutils/tests/test_util.py /home/yaroslav/Python-3.2.2/_install/lib/python3.2/distutils/tests
/usr/bin/install -c -m 644 ./Lib/distutils/tests/test_version.py /home/yaroslav/Python-3.2.2/_install/lib/python3.2/distutils/tests
/usr/bin/install -c -m 644 ./Lib/distutils/tests/test_versionpredicate.py /home/yaroslav/Python-3.2.2/_install/lib/python3.2/distutils/tests
/usr/bin/install -c -m 644 ./Lib/xml/__init__.py /home/yaroslav/Python-3.2.2/_install/lib/python3.2/xml
/usr/bin/install -c -m 644 ./Lib/xml/dom/NodeFilter.py /home/yaroslav/Python-3.2.2/_install/lib/python3.2/xml/dom
/usr/bin/install -c -m 644 ./Lib/xml/dom/__init__.py /home/yaroslav/Python-3.2.2/_install/lib/python3.2/xml/dom
/usr/bin/install -c -m 644 ./Lib/xml/dom/domreg.py /home/yaroslav/Python-3.2.2/_install/lib/python3.2/xml/dom
/usr/bin/install -c -m 644 ./Lib/xml/dom/expatbuilder.py /home/yaroslav/Python-3.2.2/_install/lib/python3.2/xml/dom
/usr/bin/install -c -m 644 ./Lib/xml/dom/minicompat.py /home/yaroslav/Python-3.2.2/_install/lib/python3.2/xml/dom
/usr/bin/install -c -m 644 ./Lib/xml/dom/minidom.py /home/yaroslav/Python-3.2.2/_install/lib/python3.2/xml/dom
/usr/bin/install -c -m 644 ./Lib/xml/dom/pulldom.py /home/yaroslav/Python-3.2.2/_install/lib/python3.2/xml/dom
/usr/bin/install -c -m 644 ./Lib/xml/dom/xmlbuilder.py /home/yaroslav/Python-3.2.2/_install/lib/python3.2/xml/dom
/usr/bin/install -c -m 644 ./Lib/xml/etree/ElementInclude.py /home/yaroslav/Python-3.2.2/_install/lib/python3.2/xml/etree
/usr/bin/install -c -m 644 ./Lib/xml/etree/ElementPath.py /home/yaroslav/Python-3.2.2/_install/lib/python3.2/xml/etree
/usr/bin/install -c -m 644 ./Lib/xml/etree/ElementTree.py /home/yaroslav/Python-3.2.2/_install/lib/python3.2/xml/etree
/usr/bin/install -c -m 644 ./Lib/xml/etree/__init__.py /home/yaroslav/Python-3.2.2/_install/lib/python3.2/xml/etree
/usr/bin/install -c -m 644 ./Lib/xml/etree/cElementTree.py /home/yaroslav/Python-3.2.2/_install/lib/python3.2/xml/etree
/usr/bin/install -c -m 644 ./Lib/xml/parsers/__init__.py /home/yaroslav/Python-3.2.2/_install/lib/python3.2/xml/parsers
/usr/bin/install -c -m 644 ./Lib/xml/parsers/expat.py /home/yaroslav/Python-3.2.2/_install/lib/python3.2/xml/parsers
/usr/bin/install -c -m 644 ./Lib/xml/sax/__init__.py /home/yaroslav/Python-3.2.2/_install/lib/python3.2/xml/sax
/usr/bin/install -c -m 644 ./Lib/xml/sax/_exceptions.py /home/yaroslav/Python-3.2.2/_install/lib/python3.2/xml/sax
/usr/bin/install -c -m 644 ./Lib/xml/sax/expatreader.py /home/yaroslav/Python-3.2.2/_install/lib/python3.2/xml/sax
/usr/bin/install -c -m 644 ./Lib/xml/sax/handler.py /home/yaroslav/Python-3.2.2/_install/lib/python3.2/xml/sax
/usr/bin/install -c -m 644 ./Lib/xml/sax/saxutils.py /home/yaroslav/Python-3.2.2/_install/lib/python3.2/xml/sax
/usr/bin/install -c -m 644 ./Lib/xml/sax/xmlreader.py /home/yaroslav/Python-3.2.2/_install/lib/python3.2/xml/sax
/usr/bin/install -c -m 644 ./Lib/importlib/__init__.py /home/yaroslav/Python-3.2.2/_install/lib/python3.2/importlib
/usr/bin/install -c -m 644 ./Lib/importlib/_bootstrap.py /home/yaroslav/Python-3.2.2/_install/lib/python3.2/importlib
/usr/bin/install -c -m 644 ./Lib/importlib/abc.py /home/yaroslav/Python-3.2.2/_install/lib/python3.2/importlib
/usr/bin/install -c -m 644 ./Lib/importlib/machinery.py /home/yaroslav/Python-3.2.2/_install/lib/python3.2/importlib
/usr/bin/install -c -m 644 ./Lib/importlib/util.py /home/yaroslav/Python-3.2.2/_install/lib/python3.2/importlib
/usr/bin/install -c -m 644 ./Lib/importlib/test/__init__.py /home/yaroslav/Python-3.2.2/_install/lib/python3.2/importlib/test
/usr/bin/install -c -m 644 ./Lib/importlib/test/__main__.py /home/yaroslav/Python-3.2.2/_install/lib/python3.2/importlib/test
/usr/bin/install -c -m 644 ./Lib/importlib/test/abc.py /home/yaroslav/Python-3.2.2/_install/lib/python3.2/importlib/test
/usr/bin/install -c -m 644 ./Lib/importlib/test/benchmark.py /home/yaroslav/Python-3.2.2/_install/lib/python3.2/importlib/test
/usr/bin/install -c -m 644 ./Lib/importlib/test/regrtest.py /home/yaroslav/Python-3.2.2/_install/lib/python3.2/importlib/test
/usr/bin/install -c -m 644 ./Lib/importlib/test/test_abc.py /home/yaroslav/Python-3.2.2/_install/lib/python3.2/importlib/test
/usr/bin/install -c -m 644 ./Lib/importlib/test/test_api.py /home/yaroslav/Python-3.2.2/_install/lib/python3.2/importlib/test
/usr/bin/install -c -m 644 ./Lib/importlib/test/test_util.py /home/yaroslav/Python-3.2.2/_install/lib/python3.2/importlib/test
/usr/bin/install -c -m 644 ./Lib/importlib/test/util.py /home/yaroslav/Python-3.2.2/_install/lib/python3.2/importlib/test
/usr/bin/install -c -m 644 ./Lib/importlib/test/builtin/__init__.py /home/yaroslav/Python-3.2.2/_install/lib/python3.2/importlib/test/builtin
/usr/bin/install -c -m 644 ./Lib/importlib/test/builtin/test_finder.py /home/yaroslav/Python-3.2.2/_install/lib/python3.2/importlib/test/builtin
/usr/bin/install -c -m 644 ./Lib/importlib/test/builtin/test_loader.py /home/yaroslav/Python-3.2.2/_install/lib/python3.2/importlib/test/builtin
/usr/bin/install -c -m 644 ./Lib/importlib/test/builtin/util.py /home/yaroslav/Python-3.2.2/_install/lib/python3.2/importlib/test/builtin
/usr/bin/install -c -m 644 ./Lib/importlib/test/extension/__init__.py /home/yaroslav/Python-3.2.2/_install/lib/python3.2/importlib/test/extension
/usr/bin/install -c -m 644 ./Lib/importlib/test/extension/test_case_sensitivity.py /home/yaroslav/Python-3.2.2/_install/lib/python3.2/importlib/test/extension
/usr/bin/install -c -m 644 ./Lib/importlib/test/extension/test_finder.py /home/yaroslav/Python-3.2.2/_install/lib/python3.2/importlib/test/extension
/usr/bin/install -c -m 644 ./Lib/importlib/test/extension/test_loader.py /home/yaroslav/Python-3.2.2/_install/lib/python3.2/importlib/test/extension
/usr/bin/install -c -m 644 ./Lib/importlib/test/extension/test_path_hook.py /home/yaroslav/Python-3.2.2/_install/lib/python3.2/importlib/test/extension
/usr/bin/install -c -m 644 ./Lib/importlib/test/extension/util.py /home/yaroslav/Python-3.2.2/_install/lib/python3.2/importlib/test/extension
/usr/bin/install -c -m 644 ./Lib/importlib/test/frozen/__init__.py /home/yaroslav/Python-3.2.2/_install/lib/python3.2/importlib/test/frozen
/usr/bin/install -c -m 644 ./Lib/importlib/test/frozen/test_finder.py /home/yaroslav/Python-3.2.2/_install/lib/python3.2/importlib/test/frozen
/usr/bin/install -c -m 644 ./Lib/importlib/test/frozen/test_loader.py /home/yaroslav/Python-3.2.2/_install/lib/python3.2/importlib/test/frozen
/usr/bin/install -c -m 644 ./Lib/importlib/test/import_/__init__.py /home/yaroslav/Python-3.2.2/_install/lib/python3.2/importlib/test/import_
/usr/bin/install -c -m 644 ./Lib/importlib/test/import_/test___package__.py /home/yaroslav/Python-3.2.2/_install/lib/python3.2/importlib/test/import_
/usr/bin/install -c -m 644 ./Lib/importlib/test/import_/test_api.py /home/yaroslav/Python-3.2.2/_install/lib/python3.2/importlib/test/import_
/usr/bin/install -c -m 644 ./Lib/importlib/test/import_/test_caching.py /home/yaroslav/Python-3.2.2/_install/lib/python3.2/importlib/test/import_
/usr/bin/install -c -m 644 ./Lib/importlib/test/import_/test_fromlist.py /home/yaroslav/Python-3.2.2/_install/lib/python3.2/importlib/test/import_
/usr/bin/install -c -m 644 ./Lib/importlib/test/import_/test_meta_path.py /home/yaroslav/Python-3.2.2/_install/lib/python3.2/importlib/test/import_
/usr/bin/install -c -m 644 ./Lib/importlib/test/import_/test_packages.py /home/yaroslav/Python-3.2.2/_install/lib/python3.2/importlib/test/import_
/usr/bin/install -c -m 644 ./Lib/importlib/test/import_/test_path.py /home/yaroslav/Python-3.2.2/_install/lib/python3.2/importlib/test/import_
/usr/bin/install -c -m 644 ./Lib/importlib/test/import_/test_relative_imports.py /home/yaroslav/Python-3.2.2/_install/lib/python3.2/importlib/test/import_
/usr/bin/install -c -m 644 ./Lib/importlib/test/import_/util.py /home/yaroslav/Python-3.2.2/_install/lib/python3.2/importlib/test/import_
/usr/bin/install -c -m 644 ./Lib/importlib/test/source/__init__.py /home/yaroslav/Python-3.2.2/_install/lib/python3.2/importlib/test/source
/usr/bin/install -c -m 644 ./Lib/importlib/test/source/test_abc_loader.py /home/yaroslav/Python-3.2.2/_install/lib/python3.2/importlib/test/source
/usr/bin/install -c -m 644 ./Lib/importlib/test/source/test_case_sensitivity.py /home/yaroslav/Python-3.2.2/_install/lib/python3.2/importlib/test/source
/usr/bin/install -c -m 644 ./Lib/importlib/test/source/test_file_loader.py /home/yaroslav/Python-3.2.2/_install/lib/python3.2/importlib/test/source
/usr/bin/install -c -m 644 ./Lib/importlib/test/source/test_finder.py /home/yaroslav/Python-3.2.2/_install/lib/python3.2/importlib/test/source
/usr/bin/install -c -m 644 ./Lib/importlib/test/source/test_path_hook.py /home/yaroslav/Python-3.2.2/_install/lib/python3.2/importlib/test/source
/usr/bin/install -c -m 644 ./Lib/importlib/test/source/test_source_encoding.py /home/yaroslav/Python-3.2.2/_install/lib/python3.2/importlib/test/source
/usr/bin/install -c -m 644 ./Lib/importlib/test/source/util.py /home/yaroslav/Python-3.2.2/_install/lib/python3.2/importlib/test/source
/usr/bin/install -c -m 644 ./Lib/turtledemo/__init__.py /home/yaroslav/Python-3.2.2/_install/lib/python3.2/turtledemo
/usr/bin/install -c ./Lib/turtledemo/__main__.py /home/yaroslav/Python-3.2.2/_install/lib/python3.2/turtledemo
/usr/bin/install -c -m 644 ./Lib/turtledemo/about_turtle.txt /home/yaroslav/Python-3.2.2/_install/lib/python3.2/turtledemo
/usr/bin/install -c -m 644 ./Lib/turtledemo/about_turtledemo.txt /home/yaroslav/Python-3.2.2/_install/lib/python3.2/turtledemo
/usr/bin/install -c -m 644 ./Lib/turtledemo/bytedesign.py /home/yaroslav/Python-3.2.2/_install/lib/python3.2/turtledemo
/usr/bin/install -c -m 644 ./Lib/turtledemo/chaos.py /home/yaroslav/Python-3.2.2/_install/lib/python3.2/turtledemo
/usr/bin/install -c -m 644 ./Lib/turtledemo/clock.py /home/yaroslav/Python-3.2.2/_install/lib/python3.2/turtledemo
/usr/bin/install -c -m 644 ./Lib/turtledemo/colormixer.py /home/yaroslav/Python-3.2.2/_install/lib/python3.2/turtledemo
/usr/bin/install -c -m 644 ./Lib/turtledemo/demohelp.txt /home/yaroslav/Python-3.2.2/_install/lib/python3.2/turtledemo
/usr/bin/install -c -m 644 ./Lib/turtledemo/forest.py /home/yaroslav/Python-3.2.2/_install/lib/python3.2/turtledemo
/usr/bin/install -c -m 644 ./Lib/turtledemo/fractalcurves.py /home/yaroslav/Python-3.2.2/_install/lib/python3.2/turtledemo
/usr/bin/install -c -m 644 ./Lib/turtledemo/lindenmayer.py /home/yaroslav/Python-3.2.2/_install/lib/python3.2/turtledemo
/usr/bin/install -c -m 644 ./Lib/turtledemo/minimal_hanoi.py /home/yaroslav/Python-3.2.2/_install/lib/python3.2/turtledemo
/usr/bin/install -c -m 644 ./Lib/turtledemo/nim.py /home/yaroslav/Python-3.2.2/_install/lib/python3.2/turtledemo
/usr/bin/install -c -m 644 ./Lib/turtledemo/paint.py /home/yaroslav/Python-3.2.2/_install/lib/python3.2/turtledemo
/usr/bin/install -c -m 644 ./Lib/turtledemo/peace.py /home/yaroslav/Python-3.2.2/_install/lib/python3.2/turtledemo
/usr/bin/install -c -m 644 ./Lib/turtledemo/penrose.py /home/yaroslav/Python-3.2.2/_install/lib/python3.2/turtledemo
/usr/bin/install -c -m 644 ./Lib/turtledemo/planet_and_moon.py /home/yaroslav/Python-3.2.2/_install/lib/python3.2/turtledemo
/usr/bin/install -c -m 644 ./Lib/turtledemo/round_dance.py /home/yaroslav/Python-3.2.2/_install/lib/python3.2/turtledemo
/usr/bin/install -c -m 644 ./Lib/turtledemo/tree.py /home/yaroslav/Python-3.2.2/_install/lib/python3.2/turtledemo
/usr/bin/install -c -m 644 ./Lib/turtledemo/turtle.cfg /home/yaroslav/Python-3.2.2/_install/lib/python3.2/turtledemo
/usr/bin/install -c -m 644 ./Lib/turtledemo/two_canvases.py /home/yaroslav/Python-3.2.2/_install/lib/python3.2/turtledemo
/usr/bin/install -c -m 644 ./Lib/turtledemo/wikipedia.py /home/yaroslav/Python-3.2.2/_install/lib/python3.2/turtledemo
/usr/bin/install -c -m 644 ./Lib/turtledemo/yinyang.py /home/yaroslav/Python-3.2.2/_install/lib/python3.2/turtledemo
/usr/bin/install -c -m 644 ./Lib/multiprocessing/__init__.py /home/yaroslav/Python-3.2.2/_install/lib/python3.2/multiprocessing
/usr/bin/install -c -m 644 ./Lib/multiprocessing/connection.py /home/yaroslav/Python-3.2.2/_install/lib/python3.2/multiprocessing
/usr/bin/install -c -m 644 ./Lib/multiprocessing/forking.py /home/yaroslav/Python-3.2.2/_install/lib/python3.2/multiprocessing
/usr/bin/install -c -m 644 ./Lib/multiprocessing/heap.py /home/yaroslav/Python-3.2.2/_install/lib/python3.2/multiprocessing
/usr/bin/install -c -m 644 ./Lib/multiprocessing/managers.py /home/yaroslav/Python-3.2.2/_install/lib/python3.2/multiprocessing
/usr/bin/install -c -m 644 ./Lib/multiprocessing/pool.py /home/yaroslav/Python-3.2.2/_install/lib/python3.2/multiprocessing
/usr/bin/install -c -m 644 ./Lib/multiprocessing/process.py /home/yaroslav/Python-3.2.2/_install/lib/python3.2/multiprocessing
/usr/bin/install -c -m 644 ./Lib/multiprocessing/queues.py /home/yaroslav/Python-3.2.2/_install/lib/python3.2/multiprocessing
/usr/bin/install -c -m 644 ./Lib/multiprocessing/reduction.py /home/yaroslav/Python-3.2.2/_install/lib/python3.2/multiprocessing
/usr/bin/install -c -m 644 ./Lib/multiprocessing/sharedctypes.py /home/yaroslav/Python-3.2.2/_install/lib/python3.2/multiprocessing
/usr/bin/install -c -m 644 ./Lib/multiprocessing/synchronize.py /home/yaroslav/Python-3.2.2/_install/lib/python3.2/multiprocessing
/usr/bin/install -c -m 644 ./Lib/multiprocessing/util.py /home/yaroslav/Python-3.2.2/_install/lib/python3.2/multiprocessing
/usr/bin/install -c -m 644 ./Lib/multiprocessing/dummy/__init__.py /home/yaroslav/Python-3.2.2/_install/lib/python3.2/multiprocessing/dummy
/usr/bin/install -c -m 644 ./Lib/multiprocessing/dummy/connection.py /home/yaroslav/Python-3.2.2/_install/lib/python3.2/multiprocessing/dummy
/usr/bin/install -c -m 644 ./Lib/unittest/__init__.py /home/yaroslav/Python-3.2.2/_install/lib/python3.2/unittest
/usr/bin/install -c -m 644 ./Lib/unittest/__main__.py /home/yaroslav/Python-3.2.2/_install/lib/python3.2/unittest
/usr/bin/install -c -m 644 ./Lib/unittest/case.py /home/yaroslav/Python-3.2.2/_install/lib/python3.2/unittest
/usr/bin/install -c -m 644 ./Lib/unittest/loader.py /home/yaroslav/Python-3.2.2/_install/lib/python3.2/unittest
/usr/bin/install -c -m 644 ./Lib/unittest/main.py /home/yaroslav/Python-3.2.2/_install/lib/python3.2/unittest
/usr/bin/install -c -m 644 ./Lib/unittest/result.py /home/yaroslav/Python-3.2.2/_install/lib/python3.2/unittest
/usr/bin/install -c -m 644 ./Lib/unittest/runner.py /home/yaroslav/Python-3.2.2/_install/lib/python3.2/unittest
/usr/bin/install -c -m 644 ./Lib/unittest/signals.py /home/yaroslav/Python-3.2.2/_install/lib/python3.2/unittest
/usr/bin/install -c -m 644 ./Lib/unittest/suite.py /home/yaroslav/Python-3.2.2/_install/lib/python3.2/unittest
/usr/bin/install -c -m 644 ./Lib/unittest/util.py /home/yaroslav/Python-3.2.2/_install/lib/python3.2/unittest
/usr/bin/install -c -m 644 ./Lib/unittest/test/__init__.py /home/yaroslav/Python-3.2.2/_install/lib/python3.2/unittest/test
/usr/bin/install -c -m 644 ./Lib/unittest/test/_test_warnings.py /home/yaroslav/Python-3.2.2/_install/lib/python3.2/unittest/test
/usr/bin/install -c -m 644 ./Lib/unittest/test/dummy.py /home/yaroslav/Python-3.2.2/_install/lib/python3.2/unittest/test
/usr/bin/install -c -m 644 ./Lib/unittest/test/support.py /home/yaroslav/Python-3.2.2/_install/lib/python3.2/unittest/test
/usr/bin/install -c -m 644 ./Lib/unittest/test/test_assertions.py /home/yaroslav/Python-3.2.2/_install/lib/python3.2/unittest/test
/usr/bin/install -c -m 644 ./Lib/unittest/test/test_break.py /home/yaroslav/Python-3.2.2/_install/lib/python3.2/unittest/test
/usr/bin/install -c -m 644 ./Lib/unittest/test/test_case.py /home/yaroslav/Python-3.2.2/_install/lib/python3.2/unittest/test
/usr/bin/install -c -m 644 ./Lib/unittest/test/test_discovery.py /home/yaroslav/Python-3.2.2/_install/lib/python3.2/unittest/test
/usr/bin/install -c -m 644 ./Lib/unittest/test/test_functiontestcase.py /home/yaroslav/Python-3.2.2/_install/lib/python3.2/unittest/test
/usr/bin/install -c -m 644 ./Lib/unittest/test/test_loader.py /home/yaroslav/Python-3.2.2/_install/lib/python3.2/unittest/test
/usr/bin/install -c -m 644 ./Lib/unittest/test/test_program.py /home/yaroslav/Python-3.2.2/_install/lib/python3.2/unittest/test
/usr/bin/install -c -m 644 ./Lib/unittest/test/test_result.py /home/yaroslav/Python-3.2.2/_install/lib/python3.2/unittest/test
/usr/bin/install -c -m 644 ./Lib/unittest/test/test_runner.py /home/yaroslav/Python-3.2.2/_install/lib/python3.2/unittest/test
/usr/bin/install -c -m 644 ./Lib/unittest/test/test_setups.py /home/yaroslav/Python-3.2.2/_install/lib/python3.2/unittest/test
/usr/bin/install -c -m 644 ./Lib/unittest/test/test_skipping.py /home/yaroslav/Python-3.2.2/_install/lib/python3.2/unittest/test
/usr/bin/install -c -m 644 ./Lib/unittest/test/test_suite.py /home/yaroslav/Python-3.2.2/_install/lib/python3.2/unittest/test
/usr/bin/install -c -m 644 ./Lib/curses/__init__.py /home/yaroslav/Python-3.2.2/_install/lib/python3.2/curses
/usr/bin/install -c -m 644 ./Lib/curses/ascii.py /home/yaroslav/Python-3.2.2/_install/lib/python3.2/curses
/usr/bin/install -c -m 644 ./Lib/curses/has_key.py /home/yaroslav/Python-3.2.2/_install/lib/python3.2/curses
/usr/bin/install -c -m 644 ./Lib/curses/panel.py /home/yaroslav/Python-3.2.2/_install/lib/python3.2/curses
/usr/bin/install -c -m 644 ./Lib/curses/textpad.py /home/yaroslav/Python-3.2.2/_install/lib/python3.2/curses
/usr/bin/install -c -m 644 ./Lib/curses/wrapper.py /home/yaroslav/Python-3.2.2/_install/lib/python3.2/curses
/usr/bin/install -c -m 644 ./Lib/pydoc_data/__init__.py /home/yaroslav/Python-3.2.2/_install/lib/python3.2/pydoc_data
/usr/bin/install -c -m 644 ./Lib/pydoc_data/_pydoc.css /home/yaroslav/Python-3.2.2/_install/lib/python3.2/pydoc_data
/usr/bin/install -c -m 644 ./Lib/pydoc_data/topics.py /home/yaroslav/Python-3.2.2/_install/lib/python3.2/pydoc_data
/usr/bin/install -c -m 644 ./Lib/plat-linux2/CDROM.py /home/yaroslav/Python-3.2.2/_install/lib/python3.2/plat-linux2
/usr/bin/install -c -m 644 ./Lib/plat-linux2/DLFCN.py /home/yaroslav/Python-3.2.2/_install/lib/python3.2/plat-linux2
/usr/bin/install -c -m 644 ./Lib/plat-linux2/IN.py /home/yaroslav/Python-3.2.2/_install/lib/python3.2/plat-linux2
/usr/bin/install -c -m 644 ./Lib/plat-linux2/TYPES.py /home/yaroslav/Python-3.2.2/_install/lib/python3.2/plat-linux2
/usr/bin/install -c ./Lib/plat-linux2/regen /home/yaroslav/Python-3.2.2/_install/lib/python3.2/plat-linux2
/usr/bin/install -c -m 644 ./LICENSE ~/Python-3.2.2/_install/lib/python3.2/LICENSE.txt
if test -d ~/Python-3.2.2/_install/lib/python3.2/distutils/tests; then \
		/usr/bin/install -c -m 644 ./Modules/xxmodule.c \
			~/Python-3.2.2/_install/lib/python3.2/distutils/tests ; \
	fi
PYTHONPATH=~/Python-3.2.2/_install/lib/python3.2   \
		./python -Wi ~/Python-3.2.2/_install/lib/python3.2/compileall.py \
		-d ~/Python-3.2.2/_install/lib/python3.2 -f \
		-x 'bad_coding|badsyntax|site-packages|lib2to3/tests/data' \
		~/Python-3.2.2/_install/lib/python3.2
PYTHONPATH=~/Python-3.2.2/_install/lib/python3.2  \
		./python -Wi -O ~/Python-3.2.2/_install/lib/python3.2/compileall.py \
		-d ~/Python-3.2.2/_install/lib/python3.2 -f \
		-x 'bad_coding|badsyntax|site-packages|lib2to3/tests/data' \
		~/Python-3.2.2/_install/lib/python3.2
PYTHONPATH=~/Python-3.2.2/_install/lib/python3.2   \
		./python -Wi ~/Python-3.2.2/_install/lib/python3.2/compileall.py \
		-d ~/Python-3.2.2/_install/lib/python3.2/site-packages -f \
		-x badsyntax ~/Python-3.2.2/_install/lib/python3.2/site-packages
PYTHONPATH=~/Python-3.2.2/_install/lib/python3.2  \
		./python -Wi -O ~/Python-3.2.2/_install/lib/python3.2/compileall.py \
		-d ~/Python-3.2.2/_install/lib/python3.2/site-packages -f \
		-x badsyntax ~/Python-3.2.2/_install/lib/python3.2/site-packages
PYTHONPATH=~/Python-3.2.2/_install/lib/python3.2  \
		./python -Wi -c "import lib2to3.pygram, lib2to3.patcomp;lib2to3.patcomp.PatternCompiler()"
/usr/bin/install -c -m 644 ./Include/Python-ast.h /home/yaroslav/Python-3.2.2/_install/include/python3.2m
/usr/bin/install -c -m 644 ./Include/Python.h /home/yaroslav/Python-3.2.2/_install/include/python3.2m
/usr/bin/install -c -m 644 ./Include/abstract.h /home/yaroslav/Python-3.2.2/_install/include/python3.2m
/usr/bin/install -c -m 644 ./Include/asdl.h /home/yaroslav/Python-3.2.2/_install/include/python3.2m
/usr/bin/install -c -m 644 ./Include/ast.h /home/yaroslav/Python-3.2.2/_install/include/python3.2m
/usr/bin/install -c -m 644 ./Include/bitset.h /home/yaroslav/Python-3.2.2/_install/include/python3.2m
/usr/bin/install -c -m 644 ./Include/bltinmodule.h /home/yaroslav/Python-3.2.2/_install/include/python3.2m
/usr/bin/install -c -m 644 ./Include/boolobject.h /home/yaroslav/Python-3.2.2/_install/include/python3.2m
/usr/bin/install -c -m 644 ./Include/bytearrayobject.h /home/yaroslav/Python-3.2.2/_install/include/python3.2m
/usr/bin/install -c -m 644 ./Include/bytes_methods.h /home/yaroslav/Python-3.2.2/_install/include/python3.2m
/usr/bin/install -c -m 644 ./Include/bytesobject.h /home/yaroslav/Python-3.2.2/_install/include/python3.2m
/usr/bin/install -c -m 644 ./Include/cellobject.h /home/yaroslav/Python-3.2.2/_install/include/python3.2m
/usr/bin/install -c -m 644 ./Include/ceval.h /home/yaroslav/Python-3.2.2/_install/include/python3.2m
/usr/bin/install -c -m 644 ./Include/classobject.h /home/yaroslav/Python-3.2.2/_install/include/python3.2m
/usr/bin/install -c -m 644 ./Include/code.h /home/yaroslav/Python-3.2.2/_install/include/python3.2m
/usr/bin/install -c -m 644 ./Include/codecs.h /home/yaroslav/Python-3.2.2/_install/include/python3.2m
/usr/bin/install -c -m 644 ./Include/compile.h /home/yaroslav/Python-3.2.2/_install/include/python3.2m
/usr/bin/install -c -m 644 ./Include/complexobject.h /home/yaroslav/Python-3.2.2/_install/include/python3.2m
/usr/bin/install -c -m 644 ./Include/datetime.h /home/yaroslav/Python-3.2.2/_install/include/python3.2m
/usr/bin/install -c -m 644 ./Include/descrobject.h /home/yaroslav/Python-3.2.2/_install/include/python3.2m
/usr/bin/install -c -m 644 ./Include/dictobject.h /home/yaroslav/Python-3.2.2/_install/include/python3.2m
/usr/bin/install -c -m 644 ./Include/dtoa.h /home/yaroslav/Python-3.2.2/_install/include/python3.2m
/usr/bin/install -c -m 644 ./Include/dynamic_annotations.h /home/yaroslav/Python-3.2.2/_install/include/python3.2m
/usr/bin/install -c -m 644 ./Include/enumobject.h /home/yaroslav/Python-3.2.2/_install/include/python3.2m
/usr/bin/install -c -m 644 ./Include/errcode.h /home/yaroslav/Python-3.2.2/_install/include/python3.2m
/usr/bin/install -c -m 644 ./Include/eval.h /home/yaroslav/Python-3.2.2/_install/include/python3.2m
/usr/bin/install -c -m 644 ./Include/fileobject.h /home/yaroslav/Python-3.2.2/_install/include/python3.2m
/usr/bin/install -c -m 644 ./Include/fileutils.h /home/yaroslav/Python-3.2.2/_install/include/python3.2m
/usr/bin/install -c -m 644 ./Include/floatobject.h /home/yaroslav/Python-3.2.2/_install/include/python3.2m
/usr/bin/install -c -m 644 ./Include/frameobject.h /home/yaroslav/Python-3.2.2/_install/include/python3.2m
/usr/bin/install -c -m 644 ./Include/funcobject.h /home/yaroslav/Python-3.2.2/_install/include/python3.2m
/usr/bin/install -c -m 644 ./Include/genobject.h /home/yaroslav/Python-3.2.2/_install/include/python3.2m
/usr/bin/install -c -m 644 ./Include/graminit.h /home/yaroslav/Python-3.2.2/_install/include/python3.2m
/usr/bin/install -c -m 644 ./Include/grammar.h /home/yaroslav/Python-3.2.2/_install/include/python3.2m
/usr/bin/install -c -m 644 ./Include/import.h /home/yaroslav/Python-3.2.2/_install/include/python3.2m
/usr/bin/install -c -m 644 ./Include/intrcheck.h /home/yaroslav/Python-3.2.2/_install/include/python3.2m
/usr/bin/install -c -m 644 ./Include/iterobject.h /home/yaroslav/Python-3.2.2/_install/include/python3.2m
/usr/bin/install -c -m 644 ./Include/listobject.h /home/yaroslav/Python-3.2.2/_install/include/python3.2m
/usr/bin/install -c -m 644 ./Include/longintrepr.h /home/yaroslav/Python-3.2.2/_install/include/python3.2m
/usr/bin/install -c -m 644 ./Include/longobject.h /home/yaroslav/Python-3.2.2/_install/include/python3.2m
/usr/bin/install -c -m 644 ./Include/marshal.h /home/yaroslav/Python-3.2.2/_install/include/python3.2m
/usr/bin/install -c -m 644 ./Include/memoryobject.h /home/yaroslav/Python-3.2.2/_install/include/python3.2m
/usr/bin/install -c -m 644 ./Include/metagrammar.h /home/yaroslav/Python-3.2.2/_install/include/python3.2m
/usr/bin/install -c -m 644 ./Include/methodobject.h /home/yaroslav/Python-3.2.2/_install/include/python3.2m
/usr/bin/install -c -m 644 ./Include/modsupport.h /home/yaroslav/Python-3.2.2/_install/include/python3.2m
/usr/bin/install -c -m 644 ./Include/moduleobject.h /home/yaroslav/Python-3.2.2/_install/include/python3.2m
/usr/bin/install -c -m 644 ./Include/node.h /home/yaroslav/Python-3.2.2/_install/include/python3.2m
/usr/bin/install -c -m 644 ./Include/object.h /home/yaroslav/Python-3.2.2/_install/include/python3.2m
/usr/bin/install -c -m 644 ./Include/objimpl.h /home/yaroslav/Python-3.2.2/_install/include/python3.2m
/usr/bin/install -c -m 644 ./Include/opcode.h /home/yaroslav/Python-3.2.2/_install/include/python3.2m
/usr/bin/install -c -m 644 ./Include/osdefs.h /home/yaroslav/Python-3.2.2/_install/include/python3.2m
/usr/bin/install -c -m 644 ./Include/parsetok.h /home/yaroslav/Python-3.2.2/_install/include/python3.2m
/usr/bin/install -c -m 644 ./Include/patchlevel.h /home/yaroslav/Python-3.2.2/_install/include/python3.2m
/usr/bin/install -c -m 644 ./Include/pgen.h /home/yaroslav/Python-3.2.2/_install/include/python3.2m
/usr/bin/install -c -m 644 ./Include/pgenheaders.h /home/yaroslav/Python-3.2.2/_install/include/python3.2m
/usr/bin/install -c -m 644 ./Include/py_curses.h /home/yaroslav/Python-3.2.2/_install/include/python3.2m
/usr/bin/install -c -m 644 ./Include/pyarena.h /home/yaroslav/Python-3.2.2/_install/include/python3.2m
/usr/bin/install -c -m 644 ./Include/pyatomic.h /home/yaroslav/Python-3.2.2/_install/include/python3.2m
/usr/bin/install -c -m 644 ./Include/pycapsule.h /home/yaroslav/Python-3.2.2/_install/include/python3.2m
/usr/bin/install -c -m 644 ./Include/pyctype.h /home/yaroslav/Python-3.2.2/_install/include/python3.2m
/usr/bin/install -c -m 644 ./Include/pydebug.h /home/yaroslav/Python-3.2.2/_install/include/python3.2m
/usr/bin/install -c -m 644 ./Include/pyerrors.h /home/yaroslav/Python-3.2.2/_install/include/python3.2m
/usr/bin/install -c -m 644 ./Include/pyexpat.h /home/yaroslav/Python-3.2.2/_install/include/python3.2m
/usr/bin/install -c -m 644 ./Include/pyfpe.h /home/yaroslav/Python-3.2.2/_install/include/python3.2m
/usr/bin/install -c -m 644 ./Include/pygetopt.h /home/yaroslav/Python-3.2.2/_install/include/python3.2m
/usr/bin/install -c -m 644 ./Include/pymacconfig.h /home/yaroslav/Python-3.2.2/_install/include/python3.2m
/usr/bin/install -c -m 644 ./Include/pymath.h /home/yaroslav/Python-3.2.2/_install/include/python3.2m
/usr/bin/install -c -m 644 ./Include/pymem.h /home/yaroslav/Python-3.2.2/_install/include/python3.2m
/usr/bin/install -c -m 644 ./Include/pyport.h /home/yaroslav/Python-3.2.2/_install/include/python3.2m
/usr/bin/install -c -m 644 ./Include/pystate.h /home/yaroslav/Python-3.2.2/_install/include/python3.2m
/usr/bin/install -c -m 644 ./Include/pystrcmp.h /home/yaroslav/Python-3.2.2/_install/include/python3.2m
/usr/bin/install -c -m 644 ./Include/pystrtod.h /home/yaroslav/Python-3.2.2/_install/include/python3.2m
/usr/bin/install -c -m 644 ./Include/pythonrun.h /home/yaroslav/Python-3.2.2/_install/include/python3.2m
/usr/bin/install -c -m 644 ./Include/pythread.h /home/yaroslav/Python-3.2.2/_install/include/python3.2m
/usr/bin/install -c -m 644 ./Include/pytime.h /home/yaroslav/Python-3.2.2/_install/include/python3.2m
/usr/bin/install -c -m 644 ./Include/rangeobject.h /home/yaroslav/Python-3.2.2/_install/include/python3.2m
/usr/bin/install -c -m 644 ./Include/setobject.h /home/yaroslav/Python-3.2.2/_install/include/python3.2m
/usr/bin/install -c -m 644 ./Include/sliceobject.h /home/yaroslav/Python-3.2.2/_install/include/python3.2m
/usr/bin/install -c -m 644 ./Include/structmember.h /home/yaroslav/Python-3.2.2/_install/include/python3.2m
/usr/bin/install -c -m 644 ./Include/structseq.h /home/yaroslav/Python-3.2.2/_install/include/python3.2m
/usr/bin/install -c -m 644 ./Include/symtable.h /home/yaroslav/Python-3.2.2/_install/include/python3.2m
/usr/bin/install -c -m 644 ./Include/sysmodule.h /home/yaroslav/Python-3.2.2/_install/include/python3.2m
/usr/bin/install -c -m 644 ./Include/timefuncs.h /home/yaroslav/Python-3.2.2/_install/include/python3.2m
/usr/bin/install -c -m 644 ./Include/token.h /home/yaroslav/Python-3.2.2/_install/include/python3.2m
/usr/bin/install -c -m 644 ./Include/traceback.h /home/yaroslav/Python-3.2.2/_install/include/python3.2m
/usr/bin/install -c -m 644 ./Include/tupleobject.h /home/yaroslav/Python-3.2.2/_install/include/python3.2m
/usr/bin/install -c -m 644 ./Include/typeslots.h /home/yaroslav/Python-3.2.2/_install/include/python3.2m
/usr/bin/install -c -m 644 ./Include/ucnhash.h /home/yaroslav/Python-3.2.2/_install/include/python3.2m
/usr/bin/install -c -m 644 ./Include/unicodeobject.h /home/yaroslav/Python-3.2.2/_install/include/python3.2m
/usr/bin/install -c -m 644 ./Include/warnings.h /home/yaroslav/Python-3.2.2/_install/include/python3.2m
/usr/bin/install -c -m 644 ./Include/weakrefobject.h /home/yaroslav/Python-3.2.2/_install/include/python3.2m
/usr/bin/install -c -m 644 pyconfig.h ~/Python-3.2.2/_install/include/python3.2m/pyconfig.h
# Substitution happens here, as the completely-expanded BINDIR
# is not available in configure
sed -e "s,@EXENAME@,~/Python-3.2.2/_install/bin/python3.2m," < ./Misc/python-config.in >python-config
/usr/bin/install -c -m 644 Modules/config.c ~/Python-3.2.2/_install/lib/python3.2/config-3.2m/config.c
/usr/bin/install -c -m 644 Modules/python.o ~/Python-3.2.2/_install/lib/python3.2/config-3.2m/python.o
/usr/bin/install -c -m 644 ./Modules/config.c.in ~/Python-3.2.2/_install/lib/python3.2/config-3.2m/config.c.in
/usr/bin/install -c -m 644 Makefile ~/Python-3.2.2/_install/lib/python3.2/config-3.2m/Makefile
/usr/bin/install -c -m 644 Modules/Setup ~/Python-3.2.2/_install/lib/python3.2/config-3.2m/Setup
/usr/bin/install -c -m 644 Modules/Setup.local ~/Python-3.2.2/_install/lib/python3.2/config-3.2m/Setup.local
/usr/bin/install -c -m 644 Modules/Setup.config ~/Python-3.2.2/_install/lib/python3.2/config-3.2m/Setup.config
/usr/bin/install -c -m 644 Misc/python.pc ~/Python-3.2.2/_install/lib/pkgconfig/python-3.2.pc
/usr/bin/install -c ./Modules/makesetup ~/Python-3.2.2/_install/lib/python3.2/config-3.2m/makesetup
/usr/bin/install -c ./install-sh ~/Python-3.2.2/_install/lib/python3.2/config-3.2m/install-sh
/usr/bin/install -c python-config ~/Python-3.2.2/_install/bin/python3.2m-config
rm python-config
CC='x86_64-nacl-gcc' LDSHARED='x86_64-nacl-gcc -shared -s -static -static-libgcc ' LDFLAGS='' OPT='-DNDEBUG -g -fwrapv -O3 -Wall -Wstrict-prototypes' CROSS_COMPILE='ppc_6xx-' \
	 ././hostpython -E ./setup.py install \
	   	--prefix=~/Python-3.2.2/_install \
		--install-scripts=~/Python-3.2.2/_install/bin \
		--install-platlib=~/Python-3.2.2/_install/lib/python3.2/lib-dynload \
		--root=/
running install
running build
running build_ext
INFO: Can't locate Tcl/Tk libs and/or headers
building '_struct' extension
x86_64-nacl-gcc -fPIC -DNDEBUG -g -fwrapv -O3 -Wall -Wstrict-prototypes -D__NACL__ -I/home/yaroslav/git/zrt/lib -IInclude -I. -I./Include -I/usr/include/x86_64-linux-gnu -I/usr/local/include -I/home/yaroslav/git/cpython_for_zrt/Python-3.2.2 -c /home/yaroslav/git/cpython_for_zrt/Python-3.2.2/Modules/_struct.c -o build/temp.linux-x86_64-3.2/home/yaroslav/git/cpython_for_zrt/Python-3.2.2/Modules/_struct.o
x86_64-nacl-gcc -shared -s -static -static-libgcc build/temp.linux-x86_64-3.2/home/yaroslav/git/cpython_for_zrt/Python-3.2.2/Modules/_struct.o -L/usr/lib/x86_64-linux-gnu -L/usr/local/lib -o build/lib.linux-x86_64-3.2/_struct.cpython-32m.so
building '_ctypes_test' extension
x86_64-nacl-gcc -fPIC -DNDEBUG -g -fwrapv -O3 -Wall -Wstrict-prototypes -D__NACL__ -I/home/yaroslav/git/zrt/lib -IInclude -I. -I./Include -I/usr/include/x86_64-linux-gnu -I/usr/local/include -I/home/yaroslav/git/cpython_for_zrt/Python-3.2.2 -c /home/yaroslav/git/cpython_for_zrt/Python-3.2.2/Modules/_ctypes/_ctypes_test.c -o build/temp.linux-x86_64-3.2/home/yaroslav/git/cpython_for_zrt/Python-3.2.2/Modules/_ctypes/_ctypes_test.o
x86_64-nacl-gcc -shared -s -static -static-libgcc build/temp.linux-x86_64-3.2/home/yaroslav/git/cpython_for_zrt/Python-3.2.2/Modules/_ctypes/_ctypes_test.o -L/usr/lib/x86_64-linux-gnu -L/usr/local/lib -o build/lib.linux-x86_64-3.2/_ctypes_test.cpython-32m.so
building 'array' extension
x86_64-nacl-gcc -fPIC -DNDEBUG -g -fwrapv -O3 -Wall -Wstrict-prototypes -D__NACL__ -I/home/yaroslav/git/zrt/lib -IInclude -I. -I./Include -I/usr/include/x86_64-linux-gnu -I/usr/local/include -I/home/yaroslav/git/cpython_for_zrt/Python-3.2.2 -c /home/yaroslav/git/cpython_for_zrt/Python-3.2.2/Modules/arraymodule.c -o build/temp.linux-x86_64-3.2/home/yaroslav/git/cpython_for_zrt/Python-3.2.2/Modules/arraymodule.o
x86_64-nacl-gcc -shared -s -static -static-libgcc build/temp.linux-x86_64-3.2/home/yaroslav/git/cpython_for_zrt/Python-3.2.2/Modules/arraymodule.o -L/usr/lib/x86_64-linux-gnu -L/usr/local/lib -o build/lib.linux-x86_64-3.2/array.cpython-32m.so
building 'cmath' extension
x86_64-nacl-gcc -fPIC -DNDEBUG -g -fwrapv -O3 -Wall -Wstrict-prototypes -D__NACL__ -I/home/yaroslav/git/zrt/lib -IInclude -I. -I./Include -I/usr/include/x86_64-linux-gnu -I/usr/local/include -I/home/yaroslav/git/cpython_for_zrt/Python-3.2.2 -c /home/yaroslav/git/cpython_for_zrt/Python-3.2.2/Modules/cmathmodule.c -o build/temp.linux-x86_64-3.2/home/yaroslav/git/cpython_for_zrt/Python-3.2.2/Modules/cmathmodule.o
x86_64-nacl-gcc -fPIC -DNDEBUG -g -fwrapv -O3 -Wall -Wstrict-prototypes -D__NACL__ -I/home/yaroslav/git/zrt/lib -IInclude -I. -I./Include -I/usr/include/x86_64-linux-gnu -I/usr/local/include -I/home/yaroslav/git/cpython_for_zrt/Python-3.2.2 -c /home/yaroslav/git/cpython_for_zrt/Python-3.2.2/Modules/_math.c -o build/temp.linux-x86_64-3.2/home/yaroslav/git/cpython_for_zrt/Python-3.2.2/Modules/_math.o
x86_64-nacl-gcc -shared -s -static -static-libgcc build/temp.linux-x86_64-3.2/home/yaroslav/git/cpython_for_zrt/Python-3.2.2/Modules/cmathmodule.o build/temp.linux-x86_64-3.2/home/yaroslav/git/cpython_for_zrt/Python-3.2.2/Modules/_math.o -L/usr/lib/x86_64-linux-gnu -L/usr/local/lib -lm -o build/lib.linux-x86_64-3.2/cmath.cpython-32m.so
building 'math' extension
x86_64-nacl-gcc -fPIC -DNDEBUG -g -fwrapv -O3 -Wall -Wstrict-prototypes -D__NACL__ -I/home/yaroslav/git/zrt/lib -IInclude -I. -I./Include -I/usr/include/x86_64-linux-gnu -I/usr/local/include -I/home/yaroslav/git/cpython_for_zrt/Python-3.2.2 -c /home/yaroslav/git/cpython_for_zrt/Python-3.2.2/Modules/mathmodule.c -o build/temp.linux-x86_64-3.2/home/yaroslav/git/cpython_for_zrt/Python-3.2.2/Modules/mathmodule.o
x86_64-nacl-gcc -fPIC -DNDEBUG -g -fwrapv -O3 -Wall -Wstrict-prototypes -D__NACL__ -I/home/yaroslav/git/zrt/lib -IInclude -I. -I./Include -I/usr/include/x86_64-linux-gnu -I/usr/local/include -I/home/yaroslav/git/cpython_for_zrt/Python-3.2.2 -c /home/yaroslav/git/cpython_for_zrt/Python-3.2.2/Modules/_math.c -o build/temp.linux-x86_64-3.2/home/yaroslav/git/cpython_for_zrt/Python-3.2.2/Modules/_math.o
x86_64-nacl-gcc -shared -s -static -static-libgcc build/temp.linux-x86_64-3.2/home/yaroslav/git/cpython_for_zrt/Python-3.2.2/Modules/mathmodule.o build/temp.linux-x86_64-3.2/home/yaroslav/git/cpython_for_zrt/Python-3.2.2/Modules/_math.o -L/usr/lib/x86_64-linux-gnu -L/usr/local/lib -lm -o build/lib.linux-x86_64-3.2/math.cpython-32m.so
building 'time' extension
x86_64-nacl-gcc -fPIC -DNDEBUG -g -fwrapv -O3 -Wall -Wstrict-prototypes -D__NACL__ -I/home/yaroslav/git/zrt/lib -IInclude -I. -I./Include -I/usr/include/x86_64-linux-gnu -I/usr/local/include -I/home/yaroslav/git/cpython_for_zrt/Python-3.2.2 -c /home/yaroslav/git/cpython_for_zrt/Python-3.2.2/Modules/timemodule.c -o build/temp.linux-x86_64-3.2/home/yaroslav/git/cpython_for_zrt/Python-3.2.2/Modules/timemodule.o
building '_datetime' extension
x86_64-nacl-gcc -fPIC -DNDEBUG -g -fwrapv -O3 -Wall -Wstrict-prototypes -D__NACL__ -I/home/yaroslav/git/zrt/lib -IInclude -I. -I./Include -I/usr/include/x86_64-linux-gnu -I/usr/local/include -I/home/yaroslav/git/cpython_for_zrt/Python-3.2.2 -c /home/yaroslav/git/cpython_for_zrt/Python-3.2.2/Modules/_datetimemodule.c -o build/temp.linux-x86_64-3.2/home/yaroslav/git/cpython_for_zrt/Python-3.2.2/Modules/_datetimemodule.o
x86_64-nacl-gcc -fPIC -DNDEBUG -g -fwrapv -O3 -Wall -Wstrict-prototypes -D__NACL__ -I/home/yaroslav/git/zrt/lib -IInclude -I. -I./Include -I/usr/include/x86_64-linux-gnu -I/usr/local/include -I/home/yaroslav/git/cpython_for_zrt/Python-3.2.2 -c /home/yaroslav/git/cpython_for_zrt/Python-3.2.2/Modules/_time.c -o build/temp.linux-x86_64-3.2/home/yaroslav/git/cpython_for_zrt/Python-3.2.2/Modules/_time.o
x86_64-nacl-gcc -shared -s -static -static-libgcc build/temp.linux-x86_64-3.2/home/yaroslav/git/cpython_for_zrt/Python-3.2.2/Modules/_datetimemodule.o build/temp.linux-x86_64-3.2/home/yaroslav/git/cpython_for_zrt/Python-3.2.2/Modules/_time.o -L/usr/lib/x86_64-linux-gnu -L/usr/local/lib -lm -o build/lib.linux-x86_64-3.2/_datetime.cpython-32m.so
building '_random' extension
x86_64-nacl-gcc -fPIC -DNDEBUG -g -fwrapv -O3 -Wall -Wstrict-prototypes -D__NACL__ -I/home/yaroslav/git/zrt/lib -IInclude -I. -I./Include -I/usr/include/x86_64-linux-gnu -I/usr/local/include -I/home/yaroslav/git/cpython_for_zrt/Python-3.2.2 -c /home/yaroslav/git/cpython_for_zrt/Python-3.2.2/Modules/_randommodule.c -o build/temp.linux-x86_64-3.2/home/yaroslav/git/cpython_for_zrt/Python-3.2.2/Modules/_randommodule.o
x86_64-nacl-gcc -shared -s -static -static-libgcc build/temp.linux-x86_64-3.2/home/yaroslav/git/cpython_for_zrt/Python-3.2.2/Modules/_randommodule.o -L/usr/lib/x86_64-linux-gnu -L/usr/local/lib -o build/lib.linux-x86_64-3.2/_random.cpython-32m.so
building '_bisect' extension
x86_64-nacl-gcc -fPIC -DNDEBUG -g -fwrapv -O3 -Wall -Wstrict-prototypes -D__NACL__ -I/home/yaroslav/git/zrt/lib -IInclude -I. -I./Include -I/usr/include/x86_64-linux-gnu -I/usr/local/include -I/home/yaroslav/git/cpython_for_zrt/Python-3.2.2 -c /home/yaroslav/git/cpython_for_zrt/Python-3.2.2/Modules/_bisectmodule.c -o build/temp.linux-x86_64-3.2/home/yaroslav/git/cpython_for_zrt/Python-3.2.2/Modules/_bisectmodule.o
x86_64-nacl-gcc -shared -s -static -static-libgcc build/temp.linux-x86_64-3.2/home/yaroslav/git/cpython_for_zrt/Python-3.2.2/Modules/_bisectmodule.o -L/usr/lib/x86_64-linux-gnu -L/usr/local/lib -o build/lib.linux-x86_64-3.2/_bisect.cpython-32m.so
building '_heapq' extension
x86_64-nacl-gcc -fPIC -DNDEBUG -g -fwrapv -O3 -Wall -Wstrict-prototypes -D__NACL__ -I/home/yaroslav/git/zrt/lib -IInclude -I. -I./Include -I/usr/include/x86_64-linux-gnu -I/usr/local/include -I/home/yaroslav/git/cpython_for_zrt/Python-3.2.2 -c /home/yaroslav/git/cpython_for_zrt/Python-3.2.2/Modules/_heapqmodule.c -o build/temp.linux-x86_64-3.2/home/yaroslav/git/cpython_for_zrt/Python-3.2.2/Modules/_heapqmodule.o
x86_64-nacl-gcc -shared -s -static -static-libgcc build/temp.linux-x86_64-3.2/home/yaroslav/git/cpython_for_zrt/Python-3.2.2/Modules/_heapqmodule.o -L/usr/lib/x86_64-linux-gnu -L/usr/local/lib -o build/lib.linux-x86_64-3.2/_heapq.cpython-32m.so
building '_pickle' extension
x86_64-nacl-gcc -fPIC -DNDEBUG -g -fwrapv -O3 -Wall -Wstrict-prototypes -D__NACL__ -I/home/yaroslav/git/zrt/lib -IInclude -I. -I./Include -I/usr/include/x86_64-linux-gnu -I/usr/local/include -I/home/yaroslav/git/cpython_for_zrt/Python-3.2.2 -c /home/yaroslav/git/cpython_for_zrt/Python-3.2.2/Modules/_pickle.c -o build/temp.linux-x86_64-3.2/home/yaroslav/git/cpython_for_zrt/Python-3.2.2/Modules/_pickle.o
x86_64-nacl-gcc -shared -s -static -static-libgcc build/temp.linux-x86_64-3.2/home/yaroslav/git/cpython_for_zrt/Python-3.2.2/Modules/_pickle.o -L/usr/lib/x86_64-linux-gnu -L/usr/local/lib -o build/lib.linux-x86_64-3.2/_pickle.cpython-32m.so
building 'atexit' extension
x86_64-nacl-gcc -fPIC -DNDEBUG -g -fwrapv -O3 -Wall -Wstrict-prototypes -D__NACL__ -I/home/yaroslav/git/zrt/lib -IInclude -I. -I./Include -I/usr/include/x86_64-linux-gnu -I/usr/local/include -I/home/yaroslav/git/cpython_for_zrt/Python-3.2.2 -c /home/yaroslav/git/cpython_for_zrt/Python-3.2.2/Modules/atexitmodule.c -o build/temp.linux-x86_64-3.2/home/yaroslav/git/cpython_for_zrt/Python-3.2.2/Modules/atexitmodule.o
x86_64-nacl-gcc -shared -s -static -static-libgcc build/temp.linux-x86_64-3.2/home/yaroslav/git/cpython_for_zrt/Python-3.2.2/Modules/atexitmodule.o -L/usr/lib/x86_64-linux-gnu -L/usr/local/lib -o build/lib.linux-x86_64-3.2/atexit.cpython-32m.so
building '_json' extension
x86_64-nacl-gcc -fPIC -DNDEBUG -g -fwrapv -O3 -Wall -Wstrict-prototypes -D__NACL__ -I/home/yaroslav/git/zrt/lib -IInclude -I. -I./Include -I/usr/include/x86_64-linux-gnu -I/usr/local/include -I/home/yaroslav/git/cpython_for_zrt/Python-3.2.2 -c /home/yaroslav/git/cpython_for_zrt/Python-3.2.2/Modules/_json.c -o build/temp.linux-x86_64-3.2/home/yaroslav/git/cpython_for_zrt/Python-3.2.2/Modules/_json.o
x86_64-nacl-gcc -shared -s -static -static-libgcc build/temp.linux-x86_64-3.2/home/yaroslav/git/cpython_for_zrt/Python-3.2.2/Modules/_json.o -L/usr/lib/x86_64-linux-gnu -L/usr/local/lib -o build/lib.linux-x86_64-3.2/_json.cpython-32m.so
building '_testcapi' extension
x86_64-nacl-gcc -fPIC -DNDEBUG -g -fwrapv -O3 -Wall -Wstrict-prototypes -D__NACL__ -I/home/yaroslav/git/zrt/lib -IInclude -I. -I./Include -I/usr/include/x86_64-linux-gnu -I/usr/local/include -I/home/yaroslav/git/cpython_for_zrt/Python-3.2.2 -c /home/yaroslav/git/cpython_for_zrt/Python-3.2.2/Modules/_testcapimodule.c -o build/temp.linux-x86_64-3.2/home/yaroslav/git/cpython_for_zrt/Python-3.2.2/Modules/_testcapimodule.o
x86_64-nacl-gcc -shared -s -static -static-libgcc build/temp.linux-x86_64-3.2/home/yaroslav/git/cpython_for_zrt/Python-3.2.2/Modules/_testcapimodule.o -L/usr/lib/x86_64-linux-gnu -L/usr/local/lib -o build/lib.linux-x86_64-3.2/_testcapi.cpython-32m.so
building '_lsprof' extension
x86_64-nacl-gcc -fPIC -DNDEBUG -g -fwrapv -O3 -Wall -Wstrict-prototypes -D__NACL__ -I/home/yaroslav/git/zrt/lib -IInclude -I. -I./Include -I/usr/include/x86_64-linux-gnu -I/usr/local/include -I/home/yaroslav/git/cpython_for_zrt/Python-3.2.2 -c /home/yaroslav/git/cpython_for_zrt/Python-3.2.2/Modules/_lsprof.c -o build/temp.linux-x86_64-3.2/home/yaroslav/git/cpython_for_zrt/Python-3.2.2/Modules/_lsprof.o
x86_64-nacl-gcc -fPIC -DNDEBUG -g -fwrapv -O3 -Wall -Wstrict-prototypes -D__NACL__ -I/home/yaroslav/git/zrt/lib -IInclude -I. -I./Include -I/usr/include/x86_64-linux-gnu -I/usr/local/include -I/home/yaroslav/git/cpython_for_zrt/Python-3.2.2 -c /home/yaroslav/git/cpython_for_zrt/Python-3.2.2/Modules/rotatingtree.c -o build/temp.linux-x86_64-3.2/home/yaroslav/git/cpython_for_zrt/Python-3.2.2/Modules/rotatingtree.o
x86_64-nacl-gcc -shared -s -static -static-libgcc build/temp.linux-x86_64-3.2/home/yaroslav/git/cpython_for_zrt/Python-3.2.2/Modules/_lsprof.o build/temp.linux-x86_64-3.2/home/yaroslav/git/cpython_for_zrt/Python-3.2.2/Modules/rotatingtree.o -L/usr/lib/x86_64-linux-gnu -L/usr/local/lib -o build/lib.linux-x86_64-3.2/_lsprof.cpython-32m.so
building 'unicodedata' extension
x86_64-nacl-gcc -fPIC -DNDEBUG -g -fwrapv -O3 -Wall -Wstrict-prototypes -D__NACL__ -I/home/yaroslav/git/zrt/lib -IInclude -I. -I./Include -I/usr/include/x86_64-linux-gnu -I/usr/local/include -I/home/yaroslav/git/cpython_for_zrt/Python-3.2.2 -c /home/yaroslav/git/cpython_for_zrt/Python-3.2.2/Modules/unicodedata.c -o build/temp.linux-x86_64-3.2/home/yaroslav/git/cpython_for_zrt/Python-3.2.2/Modules/unicodedata.o
x86_64-nacl-gcc -shared -s -static -static-libgcc build/temp.linux-x86_64-3.2/home/yaroslav/git/cpython_for_zrt/Python-3.2.2/Modules/unicodedata.o -L/usr/lib/x86_64-linux-gnu -L/usr/local/lib -o build/lib.linux-x86_64-3.2/unicodedata.cpython-32m.so
building 'fcntl' extension
x86_64-nacl-gcc -fPIC -DNDEBUG -g -fwrapv -O3 -Wall -Wstrict-prototypes -D__NACL__ -I/home/yaroslav/git/zrt/lib -IInclude -I. -I./Include -I/usr/include/x86_64-linux-gnu -I/usr/local/include -I/home/yaroslav/git/cpython_for_zrt/Python-3.2.2 -c /home/yaroslav/git/cpython_for_zrt/Python-3.2.2/Modules/fcntlmodule.c -o build/temp.linux-x86_64-3.2/home/yaroslav/git/cpython_for_zrt/Python-3.2.2/Modules/fcntlmodule.o
building 'grp' extension
x86_64-nacl-gcc -fPIC -DNDEBUG -g -fwrapv -O3 -Wall -Wstrict-prototypes -D__NACL__ -I/home/yaroslav/git/zrt/lib -IInclude -I. -I./Include -I/usr/include/x86_64-linux-gnu -I/usr/local/include -I/home/yaroslav/git/cpython_for_zrt/Python-3.2.2 -c /home/yaroslav/git/cpython_for_zrt/Python-3.2.2/Modules/grpmodule.c -o build/temp.linux-x86_64-3.2/home/yaroslav/git/cpython_for_zrt/Python-3.2.2/Modules/grpmodule.o
x86_64-nacl-gcc -shared -s -static -static-libgcc build/temp.linux-x86_64-3.2/home/yaroslav/git/cpython_for_zrt/Python-3.2.2/Modules/grpmodule.o -L/usr/lib/x86_64-linux-gnu -L/usr/local/lib -o build/lib.linux-x86_64-3.2/grp.cpython-32m.so
building 'spwd' extension
x86_64-nacl-gcc -fPIC -DNDEBUG -g -fwrapv -O3 -Wall -Wstrict-prototypes -D__NACL__ -I/home/yaroslav/git/zrt/lib -IInclude -I. -I./Include -I/usr/include/x86_64-linux-gnu -I/usr/local/include -I/home/yaroslav/git/cpython_for_zrt/Python-3.2.2 -c /home/yaroslav/git/cpython_for_zrt/Python-3.2.2/Modules/spwdmodule.c -o build/temp.linux-x86_64-3.2/home/yaroslav/git/cpython_for_zrt/Python-3.2.2/Modules/spwdmodule.o
x86_64-nacl-gcc -shared -s -static -static-libgcc build/temp.linux-x86_64-3.2/home/yaroslav/git/cpython_for_zrt/Python-3.2.2/Modules/spwdmodule.o -L/usr/lib/x86_64-linux-gnu -L/usr/local/lib -o build/lib.linux-x86_64-3.2/spwd.cpython-32m.so
building 'select' extension
x86_64-nacl-gcc -fPIC -DNDEBUG -g -fwrapv -O3 -Wall -Wstrict-prototypes -D__NACL__ -I/home/yaroslav/git/zrt/lib -IInclude -I. -I./Include -I/usr/include/x86_64-linux-gnu -I/usr/local/include -I/home/yaroslav/git/cpython_for_zrt/Python-3.2.2 -c /home/yaroslav/git/cpython_for_zrt/Python-3.2.2/Modules/selectmodule.c -o build/temp.linux-x86_64-3.2/home/yaroslav/git/cpython_for_zrt/Python-3.2.2/Modules/selectmodule.o
x86_64-nacl-gcc -shared -s -static -static-libgcc build/temp.linux-x86_64-3.2/home/yaroslav/git/cpython_for_zrt/Python-3.2.2/Modules/selectmodule.o -L/usr/lib/x86_64-linux-gnu -L/usr/local/lib -o build/lib.linux-x86_64-3.2/select.cpython-32m.so
building 'parser' extension
x86_64-nacl-gcc -fPIC -DNDEBUG -g -fwrapv -O3 -Wall -Wstrict-prototypes -D__NACL__ -I/home/yaroslav/git/zrt/lib -IInclude -I. -I./Include -I/usr/include/x86_64-linux-gnu -I/usr/local/include -I/home/yaroslav/git/cpython_for_zrt/Python-3.2.2 -c /home/yaroslav/git/cpython_for_zrt/Python-3.2.2/Modules/parsermodule.c -o build/temp.linux-x86_64-3.2/home/yaroslav/git/cpython_for_zrt/Python-3.2.2/Modules/parsermodule.o
x86_64-nacl-gcc -shared -s -static -static-libgcc build/temp.linux-x86_64-3.2/home/yaroslav/git/cpython_for_zrt/Python-3.2.2/Modules/parsermodule.o -L/usr/lib/x86_64-linux-gnu -L/usr/local/lib -o build/lib.linux-x86_64-3.2/parser.cpython-32m.so
building 'mmap' extension
x86_64-nacl-gcc -fPIC -DNDEBUG -g -fwrapv -O3 -Wall -Wstrict-prototypes -D__NACL__ -I/home/yaroslav/git/zrt/lib -IInclude -I. -I./Include -I/usr/include/x86_64-linux-gnu -I/usr/local/include -I/home/yaroslav/git/cpython_for_zrt/Python-3.2.2 -c /home/yaroslav/git/cpython_for_zrt/Python-3.2.2/Modules/mmapmodule.c -o build/temp.linux-x86_64-3.2/home/yaroslav/git/cpython_for_zrt/Python-3.2.2/Modules/mmapmodule.o
x86_64-nacl-gcc -shared -s -static -static-libgcc build/temp.linux-x86_64-3.2/home/yaroslav/git/cpython_for_zrt/Python-3.2.2/Modules/mmapmodule.o -L/usr/lib/x86_64-linux-gnu -L/usr/local/lib -o build/lib.linux-x86_64-3.2/mmap.cpython-32m.so
building 'syslog' extension
x86_64-nacl-gcc -fPIC -DNDEBUG -g -fwrapv -O3 -Wall -Wstrict-prototypes -D__NACL__ -I/home/yaroslav/git/zrt/lib -IInclude -I. -I./Include -I/usr/include/x86_64-linux-gnu -I/usr/local/include -I/home/yaroslav/git/cpython_for_zrt/Python-3.2.2 -c /home/yaroslav/git/cpython_for_zrt/Python-3.2.2/Modules/syslogmodule.c -o build/temp.linux-x86_64-3.2/home/yaroslav/git/cpython_for_zrt/Python-3.2.2/Modules/syslogmodule.o
x86_64-nacl-gcc -shared -s -static -static-libgcc build/temp.linux-x86_64-3.2/home/yaroslav/git/cpython_for_zrt/Python-3.2.2/Modules/syslogmodule.o -L/usr/lib/x86_64-linux-gnu -L/usr/local/lib -o build/lib.linux-x86_64-3.2/syslog.cpython-32m.so
building 'audioop' extension
x86_64-nacl-gcc -fPIC -DNDEBUG -g -fwrapv -O3 -Wall -Wstrict-prototypes -D__NACL__ -I/home/yaroslav/git/zrt/lib -IInclude -I. -I./Include -I/usr/include/x86_64-linux-gnu -I/usr/local/include -I/home/yaroslav/git/cpython_for_zrt/Python-3.2.2 -c /home/yaroslav/git/cpython_for_zrt/Python-3.2.2/Modules/audioop.c -o build/temp.linux-x86_64-3.2/home/yaroslav/git/cpython_for_zrt/Python-3.2.2/Modules/audioop.o
x86_64-nacl-gcc -shared -s -static -static-libgcc build/temp.linux-x86_64-3.2/home/yaroslav/git/cpython_for_zrt/Python-3.2.2/Modules/audioop.o -L/usr/lib/x86_64-linux-gnu -L/usr/local/lib -o build/lib.linux-x86_64-3.2/audioop.cpython-32m.so
building 'crypt' extension
x86_64-nacl-gcc -fPIC -DNDEBUG -g -fwrapv -O3 -Wall -Wstrict-prototypes -D__NACL__ -I/home/yaroslav/git/zrt/lib -IInclude -I. -I./Include -I/usr/include/x86_64-linux-gnu -I/usr/local/include -I/home/yaroslav/git/cpython_for_zrt/Python-3.2.2 -c /home/yaroslav/git/cpython_for_zrt/Python-3.2.2/Modules/cryptmodule.c -o build/temp.linux-x86_64-3.2/home/yaroslav/git/cpython_for_zrt/Python-3.2.2/Modules/cryptmodule.o
x86_64-nacl-gcc -shared -s -static -static-libgcc build/temp.linux-x86_64-3.2/home/yaroslav/git/cpython_for_zrt/Python-3.2.2/Modules/cryptmodule.o -L/usr/lib/x86_64-linux-gnu -L/usr/local/lib -lcrypt -o build/lib.linux-x86_64-3.2/crypt.cpython-32m.so
building '_csv' extension
x86_64-nacl-gcc -fPIC -DNDEBUG -g -fwrapv -O3 -Wall -Wstrict-prototypes -D__NACL__ -I/home/yaroslav/git/zrt/lib -IInclude -I. -I./Include -I/usr/include/x86_64-linux-gnu -I/usr/local/include -I/home/yaroslav/git/cpython_for_zrt/Python-3.2.2 -c /home/yaroslav/git/cpython_for_zrt/Python-3.2.2/Modules/_csv.c -o build/temp.linux-x86_64-3.2/home/yaroslav/git/cpython_for_zrt/Python-3.2.2/Modules/_csv.o
x86_64-nacl-gcc -shared -s -static -static-libgcc build/temp.linux-x86_64-3.2/home/yaroslav/git/cpython_for_zrt/Python-3.2.2/Modules/_csv.o -L/usr/lib/x86_64-linux-gnu -L/usr/local/lib -o build/lib.linux-x86_64-3.2/_csv.cpython-32m.so
building '_posixsubprocess' extension
x86_64-nacl-gcc -fPIC -DNDEBUG -g -fwrapv -O3 -Wall -Wstrict-prototypes -D__NACL__ -I/home/yaroslav/git/zrt/lib -IInclude -I. -I./Include -I/usr/include/x86_64-linux-gnu -I/usr/local/include -I/home/yaroslav/git/cpython_for_zrt/Python-3.2.2 -c /home/yaroslav/git/cpython_for_zrt/Python-3.2.2/Modules/_posixsubprocess.c -o build/temp.linux-x86_64-3.2/home/yaroslav/git/cpython_for_zrt/Python-3.2.2/Modules/_posixsubprocess.o
x86_64-nacl-gcc -shared -s -static -static-libgcc build/temp.linux-x86_64-3.2/home/yaroslav/git/cpython_for_zrt/Python-3.2.2/Modules/_posixsubprocess.o -L/usr/lib/x86_64-linux-gnu -L/usr/local/lib -o build/lib.linux-x86_64-3.2/_posixsubprocess.cpython-32m.so
building '_socket' extension
x86_64-nacl-gcc -fPIC -DNDEBUG -g -fwrapv -O3 -Wall -Wstrict-prototypes -D__NACL__ -I/home/yaroslav/git/zrt/lib -IInclude -I. -I./Include -I/usr/include/x86_64-linux-gnu -I/usr/local/include -I/home/yaroslav/git/cpython_for_zrt/Python-3.2.2 -c /home/yaroslav/git/cpython_for_zrt/Python-3.2.2/Modules/socketmodule.c -o build/temp.linux-x86_64-3.2/home/yaroslav/git/cpython_for_zrt/Python-3.2.2/Modules/socketmodule.o
building '_ssl' extension
x86_64-nacl-gcc -fPIC -DNDEBUG -g -fwrapv -O3 -Wall -Wstrict-prototypes -D__NACL__ -I/home/yaroslav/git/zrt/lib -IInclude -I. -I./Include -I/usr/include/x86_64-linux-gnu -I/usr/local/include -I/home/yaroslav/git/cpython_for_zrt/Python-3.2.2 -c /home/yaroslav/git/cpython_for_zrt/Python-3.2.2/Modules/_ssl.c -o build/temp.linux-x86_64-3.2/home/yaroslav/git/cpython_for_zrt/Python-3.2.2/Modules/_ssl.o
building '_hashlib' extension
x86_64-nacl-gcc -fPIC -DNDEBUG -g -fwrapv -O3 -Wall -Wstrict-prototypes -D__NACL__ -I/home/yaroslav/git/zrt/lib -IInclude -I. -I./Include -I/usr/include/x86_64-linux-gnu -I/usr/local/include -I/home/yaroslav/git/cpython_for_zrt/Python-3.2.2 -c /home/yaroslav/git/cpython_for_zrt/Python-3.2.2/Modules/_hashopenssl.c -o build/temp.linux-x86_64-3.2/home/yaroslav/git/cpython_for_zrt/Python-3.2.2/Modules/_hashopenssl.o
building '_sqlite3' extension
x86_64-nacl-gcc -fPIC -DNDEBUG -g -fwrapv -O3 -Wall -Wstrict-prototypes -D__NACL__ -I/home/yaroslav/git/zrt/lib -DMODULE_NAME="sqlite3" -DSQLITE_OMIT_LOAD_EXTENSION=1 -IModules/_sqlite -I/usr/local/include -IInclude -I. -I./Include -I/usr/include/x86_64-linux-gnu -I/usr/local/include -I/home/yaroslav/git/cpython_for_zrt/Python-3.2.2 -c /home/yaroslav/git/cpython_for_zrt/Python-3.2.2/Modules/_sqlite/cache.c -o build/temp.linux-x86_64-3.2/home/yaroslav/git/cpython_for_zrt/Python-3.2.2/Modules/_sqlite/cache.o
x86_64-nacl-gcc -fPIC -DNDEBUG -g -fwrapv -O3 -Wall -Wstrict-prototypes -D__NACL__ -I/home/yaroslav/git/zrt/lib -DMODULE_NAME="sqlite3" -DSQLITE_OMIT_LOAD_EXTENSION=1 -IModules/_sqlite -I/usr/local/include -IInclude -I. -I./Include -I/usr/include/x86_64-linux-gnu -I/usr/local/include -I/home/yaroslav/git/cpython_for_zrt/Python-3.2.2 -c /home/yaroslav/git/cpython_for_zrt/Python-3.2.2/Modules/_sqlite/connection.c -o build/temp.linux-x86_64-3.2/home/yaroslav/git/cpython_for_zrt/Python-3.2.2/Modules/_sqlite/connection.o
x86_64-nacl-gcc -fPIC -DNDEBUG -g -fwrapv -O3 -Wall -Wstrict-prototypes -D__NACL__ -I/home/yaroslav/git/zrt/lib -DMODULE_NAME="sqlite3" -DSQLITE_OMIT_LOAD_EXTENSION=1 -IModules/_sqlite -I/usr/local/include -IInclude -I. -I./Include -I/usr/include/x86_64-linux-gnu -I/usr/local/include -I/home/yaroslav/git/cpython_for_zrt/Python-3.2.2 -c /home/yaroslav/git/cpython_for_zrt/Python-3.2.2/Modules/_sqlite/cursor.c -o build/temp.linux-x86_64-3.2/home/yaroslav/git/cpython_for_zrt/Python-3.2.2/Modules/_sqlite/cursor.o
x86_64-nacl-gcc -fPIC -DNDEBUG -g -fwrapv -O3 -Wall -Wstrict-prototypes -D__NACL__ -I/home/yaroslav/git/zrt/lib -DMODULE_NAME="sqlite3" -DSQLITE_OMIT_LOAD_EXTENSION=1 -IModules/_sqlite -I/usr/local/include -IInclude -I. -I./Include -I/usr/include/x86_64-linux-gnu -I/usr/local/include -I/home/yaroslav/git/cpython_for_zrt/Python-3.2.2 -c /home/yaroslav/git/cpython_for_zrt/Python-3.2.2/Modules/_sqlite/microprotocols.c -o build/temp.linux-x86_64-3.2/home/yaroslav/git/cpython_for_zrt/Python-3.2.2/Modules/_sqlite/microprotocols.o
x86_64-nacl-gcc -fPIC -DNDEBUG -g -fwrapv -O3 -Wall -Wstrict-prototypes -D__NACL__ -I/home/yaroslav/git/zrt/lib -DMODULE_NAME="sqlite3" -DSQLITE_OMIT_LOAD_EXTENSION=1 -IModules/_sqlite -I/usr/local/include -IInclude -I. -I./Include -I/usr/include/x86_64-linux-gnu -I/usr/local/include -I/home/yaroslav/git/cpython_for_zrt/Python-3.2.2 -c /home/yaroslav/git/cpython_for_zrt/Python-3.2.2/Modules/_sqlite/module.c -o build/temp.linux-x86_64-3.2/home/yaroslav/git/cpython_for_zrt/Python-3.2.2/Modules/_sqlite/module.o
x86_64-nacl-gcc -fPIC -DNDEBUG -g -fwrapv -O3 -Wall -Wstrict-prototypes -D__NACL__ -I/home/yaroslav/git/zrt/lib -DMODULE_NAME="sqlite3" -DSQLITE_OMIT_LOAD_EXTENSION=1 -IModules/_sqlite -I/usr/local/include -IInclude -I. -I./Include -I/usr/include/x86_64-linux-gnu -I/usr/local/include -I/home/yaroslav/git/cpython_for_zrt/Python-3.2.2 -c /home/yaroslav/git/cpython_for_zrt/Python-3.2.2/Modules/_sqlite/prepare_protocol.c -o build/temp.linux-x86_64-3.2/home/yaroslav/git/cpython_for_zrt/Python-3.2.2/Modules/_sqlite/prepare_protocol.o
x86_64-nacl-gcc -fPIC -DNDEBUG -g -fwrapv -O3 -Wall -Wstrict-prototypes -D__NACL__ -I/home/yaroslav/git/zrt/lib -DMODULE_NAME="sqlite3" -DSQLITE_OMIT_LOAD_EXTENSION=1 -IModules/_sqlite -I/usr/local/include -IInclude -I. -I./Include -I/usr/include/x86_64-linux-gnu -I/usr/local/include -I/home/yaroslav/git/cpython_for_zrt/Python-3.2.2 -c /home/yaroslav/git/cpython_for_zrt/Python-3.2.2/Modules/_sqlite/row.c -o build/temp.linux-x86_64-3.2/home/yaroslav/git/cpython_for_zrt/Python-3.2.2/Modules/_sqlite/row.o
x86_64-nacl-gcc -fPIC -DNDEBUG -g -fwrapv -O3 -Wall -Wstrict-prototypes -D__NACL__ -I/home/yaroslav/git/zrt/lib -DMODULE_NAME="sqlite3" -DSQLITE_OMIT_LOAD_EXTENSION=1 -IModules/_sqlite -I/usr/local/include -IInclude -I. -I./Include -I/usr/include/x86_64-linux-gnu -I/usr/local/include -I/home/yaroslav/git/cpython_for_zrt/Python-3.2.2 -c /home/yaroslav/git/cpython_for_zrt/Python-3.2.2/Modules/_sqlite/statement.c -o build/temp.linux-x86_64-3.2/home/yaroslav/git/cpython_for_zrt/Python-3.2.2/Modules/_sqlite/statement.o
x86_64-nacl-gcc -fPIC -DNDEBUG -g -fwrapv -O3 -Wall -Wstrict-prototypes -D__NACL__ -I/home/yaroslav/git/zrt/lib -DMODULE_NAME="sqlite3" -DSQLITE_OMIT_LOAD_EXTENSION=1 -IModules/_sqlite -I/usr/local/include -IInclude -I. -I./Include -I/usr/include/x86_64-linux-gnu -I/usr/local/include -I/home/yaroslav/git/cpython_for_zrt/Python-3.2.2 -c /home/yaroslav/git/cpython_for_zrt/Python-3.2.2/Modules/_sqlite/util.c -o build/temp.linux-x86_64-3.2/home/yaroslav/git/cpython_for_zrt/Python-3.2.2/Modules/_sqlite/util.o
x86_64-nacl-gcc -shared -s -static -static-libgcc build/temp.linux-x86_64-3.2/home/yaroslav/git/cpython_for_zrt/Python-3.2.2/Modules/_sqlite/cache.o build/temp.linux-x86_64-3.2/home/yaroslav/git/cpython_for_zrt/Python-3.2.2/Modules/_sqlite/connection.o build/temp.linux-x86_64-3.2/home/yaroslav/git/cpython_for_zrt/Python-3.2.2/Modules/_sqlite/cursor.o build/temp.linux-x86_64-3.2/home/yaroslav/git/cpython_for_zrt/Python-3.2.2/Modules/_sqlite/microprotocols.o build/temp.linux-x86_64-3.2/home/yaroslav/git/cpython_for_zrt/Python-3.2.2/Modules/_sqlite/module.o build/temp.linux-x86_64-3.2/home/yaroslav/git/cpython_for_zrt/Python-3.2.2/Modules/_sqlite/prepare_protocol.o build/temp.linux-x86_64-3.2/home/yaroslav/git/cpython_for_zrt/Python-3.2.2/Modules/_sqlite/row.o build/temp.linux-x86_64-3.2/home/yaroslav/git/cpython_for_zrt/Python-3.2.2/Modules/_sqlite/statement.o build/temp.linux-x86_64-3.2/home/yaroslav/git/cpython_for_zrt/Python-3.2.2/Modules/_sqlite/util.o -L/usr/local/lib -L/usr/lib/x86_64-linux-gnu -L/usr/local/lib -Wl,--enable-new-dtags,-R/usr/local/lib -lsqlite3 -o build/lib.linux-x86_64-3.2/_sqlite3.cpython-32m.so
building 'termios' extension
x86_64-nacl-gcc -fPIC -DNDEBUG -g -fwrapv -O3 -Wall -Wstrict-prototypes -D__NACL__ -I/home/yaroslav/git/zrt/lib -IInclude -I. -I./Include -I/usr/include/x86_64-linux-gnu -I/usr/local/include -I/home/yaroslav/git/cpython_for_zrt/Python-3.2.2 -c /home/yaroslav/git/cpython_for_zrt/Python-3.2.2/Modules/termios.c -o build/temp.linux-x86_64-3.2/home/yaroslav/git/cpython_for_zrt/Python-3.2.2/Modules/termios.o
building 'resource' extension
x86_64-nacl-gcc -fPIC -DNDEBUG -g -fwrapv -O3 -Wall -Wstrict-prototypes -D__NACL__ -I/home/yaroslav/git/zrt/lib -IInclude -I. -I./Include -I/usr/include/x86_64-linux-gnu -I/usr/local/include -I/home/yaroslav/git/cpython_for_zrt/Python-3.2.2 -c /home/yaroslav/git/cpython_for_zrt/Python-3.2.2/Modules/resource.c -o build/temp.linux-x86_64-3.2/home/yaroslav/git/cpython_for_zrt/Python-3.2.2/Modules/resource.o
x86_64-nacl-gcc -shared -s -static -static-libgcc build/temp.linux-x86_64-3.2/home/yaroslav/git/cpython_for_zrt/Python-3.2.2/Modules/resource.o -L/usr/lib/x86_64-linux-gnu -L/usr/local/lib -o build/lib.linux-x86_64-3.2/resource.cpython-32m.so
building 'nis' extension
x86_64-nacl-gcc -fPIC -DNDEBUG -g -fwrapv -O3 -Wall -Wstrict-prototypes -D__NACL__ -I/home/yaroslav/git/zrt/lib -IInclude -I. -I./Include -I/usr/include/x86_64-linux-gnu -I/usr/local/include -I/home/yaroslav/git/cpython_for_zrt/Python-3.2.2 -c /home/yaroslav/git/cpython_for_zrt/Python-3.2.2/Modules/nismodule.c -o build/temp.linux-x86_64-3.2/home/yaroslav/git/cpython_for_zrt/Python-3.2.2/Modules/nismodule.o
building '_curses' extension
x86_64-nacl-gcc -fPIC -DNDEBUG -g -fwrapv -O3 -Wall -Wstrict-prototypes -D__NACL__ -I/home/yaroslav/git/zrt/lib -IInclude -I. -I./Include -I/usr/include/x86_64-linux-gnu -I/usr/local/include -I/home/yaroslav/git/cpython_for_zrt/Python-3.2.2 -c /home/yaroslav/git/cpython_for_zrt/Python-3.2.2/Modules/_cursesmodule.c -o build/temp.linux-x86_64-3.2/home/yaroslav/git/cpython_for_zrt/Python-3.2.2/Modules/_cursesmodule.o
building '_curses_panel' extension
x86_64-nacl-gcc -fPIC -DNDEBUG -g -fwrapv -O3 -Wall -Wstrict-prototypes -D__NACL__ -I/home/yaroslav/git/zrt/lib -IInclude -I. -I./Include -I/usr/include/x86_64-linux-gnu -I/usr/local/include -I/home/yaroslav/git/cpython_for_zrt/Python-3.2.2 -c /home/yaroslav/git/cpython_for_zrt/Python-3.2.2/Modules/_curses_panel.c -o build/temp.linux-x86_64-3.2/home/yaroslav/git/cpython_for_zrt/Python-3.2.2/Modules/_curses_panel.o
building 'zlib' extension
x86_64-nacl-gcc -fPIC -DNDEBUG -g -fwrapv -O3 -Wall -Wstrict-prototypes -D__NACL__ -I/home/yaroslav/git/zrt/lib -IInclude -I. -I./Include -I/usr/include/x86_64-linux-gnu -I/usr/local/include -I/home/yaroslav/git/cpython_for_zrt/Python-3.2.2 -c /home/yaroslav/git/cpython_for_zrt/Python-3.2.2/Modules/zlibmodule.c -o build/temp.linux-x86_64-3.2/home/yaroslav/git/cpython_for_zrt/Python-3.2.2/Modules/zlibmodule.o
building 'binascii' extension
x86_64-nacl-gcc -fPIC -DNDEBUG -g -fwrapv -O3 -Wall -Wstrict-prototypes -D__NACL__ -I/home/yaroslav/git/zrt/lib -IInclude -I. -I./Include -I/usr/include/x86_64-linux-gnu -I/usr/local/include -I/home/yaroslav/git/cpython_for_zrt/Python-3.2.2 -c /home/yaroslav/git/cpython_for_zrt/Python-3.2.2/Modules/binascii.c -o build/temp.linux-x86_64-3.2/home/yaroslav/git/cpython_for_zrt/Python-3.2.2/Modules/binascii.o -DUSE_ZLIB_CRC32
building 'bz2' extension
x86_64-nacl-gcc -fPIC -DNDEBUG -g -fwrapv -O3 -Wall -Wstrict-prototypes -D__NACL__ -I/home/yaroslav/git/zrt/lib -IInclude -I. -I./Include -I/usr/include/x86_64-linux-gnu -I/usr/local/include -I/home/yaroslav/git/cpython_for_zrt/Python-3.2.2 -c /home/yaroslav/git/cpython_for_zrt/Python-3.2.2/Modules/bz2module.c -o build/temp.linux-x86_64-3.2/home/yaroslav/git/cpython_for_zrt/Python-3.2.2/Modules/bz2module.o
building 'pyexpat' extension
x86_64-nacl-gcc -fPIC -DNDEBUG -g -fwrapv -O3 -Wall -Wstrict-prototypes -D__NACL__ -I/home/yaroslav/git/zrt/lib -DHAVE_EXPAT_CONFIG_H=1 -DUSE_PYEXPAT_CAPI -I/home/yaroslav/git/cpython_for_zrt/Python-3.2.2/Modules/expat -IInclude -I. -I./Include -I/usr/include/x86_64-linux-gnu -I/usr/local/include -I/home/yaroslav/git/cpython_for_zrt/Python-3.2.2 -c /home/yaroslav/git/cpython_for_zrt/Python-3.2.2/Modules/pyexpat.c -o build/temp.linux-x86_64-3.2/home/yaroslav/git/cpython_for_zrt/Python-3.2.2/Modules/pyexpat.o
x86_64-nacl-gcc -fPIC -DNDEBUG -g -fwrapv -O3 -Wall -Wstrict-prototypes -D__NACL__ -I/home/yaroslav/git/zrt/lib -DHAVE_EXPAT_CONFIG_H=1 -DUSE_PYEXPAT_CAPI -I/home/yaroslav/git/cpython_for_zrt/Python-3.2.2/Modules/expat -IInclude -I. -I./Include -I/usr/include/x86_64-linux-gnu -I/usr/local/include -I/home/yaroslav/git/cpython_for_zrt/Python-3.2.2 -c /home/yaroslav/git/cpython_for_zrt/Python-3.2.2/Modules/expat/xmlparse.c -o build/temp.linux-x86_64-3.2/home/yaroslav/git/cpython_for_zrt/Python-3.2.2/Modules/expat/xmlparse.o
x86_64-nacl-gcc -fPIC -DNDEBUG -g -fwrapv -O3 -Wall -Wstrict-prototypes -D__NACL__ -I/home/yaroslav/git/zrt/lib -DHAVE_EXPAT_CONFIG_H=1 -DUSE_PYEXPAT_CAPI -I/home/yaroslav/git/cpython_for_zrt/Python-3.2.2/Modules/expat -IInclude -I. -I./Include -I/usr/include/x86_64-linux-gnu -I/usr/local/include -I/home/yaroslav/git/cpython_for_zrt/Python-3.2.2 -c /home/yaroslav/git/cpython_for_zrt/Python-3.2.2/Modules/expat/xmlrole.c -o build/temp.linux-x86_64-3.2/home/yaroslav/git/cpython_for_zrt/Python-3.2.2/Modules/expat/xmlrole.o
x86_64-nacl-gcc -fPIC -DNDEBUG -g -fwrapv -O3 -Wall -Wstrict-prototypes -D__NACL__ -I/home/yaroslav/git/zrt/lib -DHAVE_EXPAT_CONFIG_H=1 -DUSE_PYEXPAT_CAPI -I/home/yaroslav/git/cpython_for_zrt/Python-3.2.2/Modules/expat -IInclude -I. -I./Include -I/usr/include/x86_64-linux-gnu -I/usr/local/include -I/home/yaroslav/git/cpython_for_zrt/Python-3.2.2 -c /home/yaroslav/git/cpython_for_zrt/Python-3.2.2/Modules/expat/xmltok.c -o build/temp.linux-x86_64-3.2/home/yaroslav/git/cpython_for_zrt/Python-3.2.2/Modules/expat/xmltok.o
x86_64-nacl-gcc -shared -s -static -static-libgcc build/temp.linux-x86_64-3.2/home/yaroslav/git/cpython_for_zrt/Python-3.2.2/Modules/pyexpat.o build/temp.linux-x86_64-3.2/home/yaroslav/git/cpython_for_zrt/Python-3.2.2/Modules/expat/xmlparse.o build/temp.linux-x86_64-3.2/home/yaroslav/git/cpython_for_zrt/Python-3.2.2/Modules/expat/xmlrole.o build/temp.linux-x86_64-3.2/home/yaroslav/git/cpython_for_zrt/Python-3.2.2/Modules/expat/xmltok.o -L/usr/lib/x86_64-linux-gnu -L/usr/local/lib -o build/lib.linux-x86_64-3.2/pyexpat.cpython-32m.so
building '_elementtree' extension
x86_64-nacl-gcc -fPIC -DNDEBUG -g -fwrapv -O3 -Wall -Wstrict-prototypes -D__NACL__ -I/home/yaroslav/git/zrt/lib -DHAVE_EXPAT_CONFIG_H=1 -DUSE_PYEXPAT_CAPI -I/home/yaroslav/git/cpython_for_zrt/Python-3.2.2/Modules/expat -IInclude -I. -I./Include -I/usr/include/x86_64-linux-gnu -I/usr/local/include -I/home/yaroslav/git/cpython_for_zrt/Python-3.2.2 -c /home/yaroslav/git/cpython_for_zrt/Python-3.2.2/Modules/_elementtree.c -o build/temp.linux-x86_64-3.2/home/yaroslav/git/cpython_for_zrt/Python-3.2.2/Modules/_elementtree.o
x86_64-nacl-gcc -shared -s -static -static-libgcc build/temp.linux-x86_64-3.2/home/yaroslav/git/cpython_for_zrt/Python-3.2.2/Modules/_elementtree.o -L/usr/lib/x86_64-linux-gnu -L/usr/local/lib -o build/lib.linux-x86_64-3.2/_elementtree.cpython-32m.so
building '_multibytecodec' extension
x86_64-nacl-gcc -fPIC -DNDEBUG -g -fwrapv -O3 -Wall -Wstrict-prototypes -D__NACL__ -I/home/yaroslav/git/zrt/lib -IInclude -I. -I./Include -I/usr/include/x86_64-linux-gnu -I/usr/local/include -I/home/yaroslav/git/cpython_for_zrt/Python-3.2.2 -c /home/yaroslav/git/cpython_for_zrt/Python-3.2.2/Modules/cjkcodecs/multibytecodec.c -o build/temp.linux-x86_64-3.2/home/yaroslav/git/cpython_for_zrt/Python-3.2.2/Modules/cjkcodecs/multibytecodec.o
x86_64-nacl-gcc -shared -s -static -static-libgcc build/temp.linux-x86_64-3.2/home/yaroslav/git/cpython_for_zrt/Python-3.2.2/Modules/cjkcodecs/multibytecodec.o -L/usr/lib/x86_64-linux-gnu -L/usr/local/lib -o build/lib.linux-x86_64-3.2/_multibytecodec.cpython-32m.so
building '_codecs_kr' extension
x86_64-nacl-gcc -fPIC -DNDEBUG -g -fwrapv -O3 -Wall -Wstrict-prototypes -D__NACL__ -I/home/yaroslav/git/zrt/lib -IInclude -I. -I./Include -I/usr/include/x86_64-linux-gnu -I/usr/local/include -I/home/yaroslav/git/cpython_for_zrt/Python-3.2.2 -c /home/yaroslav/git/cpython_for_zrt/Python-3.2.2/Modules/cjkcodecs/_codecs_kr.c -o build/temp.linux-x86_64-3.2/home/yaroslav/git/cpython_for_zrt/Python-3.2.2/Modules/cjkcodecs/_codecs_kr.o
x86_64-nacl-gcc -shared -s -static -static-libgcc build/temp.linux-x86_64-3.2/home/yaroslav/git/cpython_for_zrt/Python-3.2.2/Modules/cjkcodecs/_codecs_kr.o -L/usr/lib/x86_64-linux-gnu -L/usr/local/lib -o build/lib.linux-x86_64-3.2/_codecs_kr.cpython-32m.so
building '_codecs_jp' extension
x86_64-nacl-gcc -fPIC -DNDEBUG -g -fwrapv -O3 -Wall -Wstrict-prototypes -D__NACL__ -I/home/yaroslav/git/zrt/lib -IInclude -I. -I./Include -I/usr/include/x86_64-linux-gnu -I/usr/local/include -I/home/yaroslav/git/cpython_for_zrt/Python-3.2.2 -c /home/yaroslav/git/cpython_for_zrt/Python-3.2.2/Modules/cjkcodecs/_codecs_jp.c -o build/temp.linux-x86_64-3.2/home/yaroslav/git/cpython_for_zrt/Python-3.2.2/Modules/cjkcodecs/_codecs_jp.o
x86_64-nacl-gcc -shared -s -static -static-libgcc build/temp.linux-x86_64-3.2/home/yaroslav/git/cpython_for_zrt/Python-3.2.2/Modules/cjkcodecs/_codecs_jp.o -L/usr/lib/x86_64-linux-gnu -L/usr/local/lib -o build/lib.linux-x86_64-3.2/_codecs_jp.cpython-32m.so
building '_codecs_cn' extension
x86_64-nacl-gcc -fPIC -DNDEBUG -g -fwrapv -O3 -Wall -Wstrict-prototypes -D__NACL__ -I/home/yaroslav/git/zrt/lib -IInclude -I. -I./Include -I/usr/include/x86_64-linux-gnu -I/usr/local/include -I/home/yaroslav/git/cpython_for_zrt/Python-3.2.2 -c /home/yaroslav/git/cpython_for_zrt/Python-3.2.2/Modules/cjkcodecs/_codecs_cn.c -o build/temp.linux-x86_64-3.2/home/yaroslav/git/cpython_for_zrt/Python-3.2.2/Modules/cjkcodecs/_codecs_cn.o
x86_64-nacl-gcc -shared -s -static -static-libgcc build/temp.linux-x86_64-3.2/home/yaroslav/git/cpython_for_zrt/Python-3.2.2/Modules/cjkcodecs/_codecs_cn.o -L/usr/lib/x86_64-linux-gnu -L/usr/local/lib -o build/lib.linux-x86_64-3.2/_codecs_cn.cpython-32m.so
building '_codecs_tw' extension
x86_64-nacl-gcc -fPIC -DNDEBUG -g -fwrapv -O3 -Wall -Wstrict-prototypes -D__NACL__ -I/home/yaroslav/git/zrt/lib -IInclude -I. -I./Include -I/usr/include/x86_64-linux-gnu -I/usr/local/include -I/home/yaroslav/git/cpython_for_zrt/Python-3.2.2 -c /home/yaroslav/git/cpython_for_zrt/Python-3.2.2/Modules/cjkcodecs/_codecs_tw.c -o build/temp.linux-x86_64-3.2/home/yaroslav/git/cpython_for_zrt/Python-3.2.2/Modules/cjkcodecs/_codecs_tw.o
x86_64-nacl-gcc -shared -s -static -static-libgcc build/temp.linux-x86_64-3.2/home/yaroslav/git/cpython_for_zrt/Python-3.2.2/Modules/cjkcodecs/_codecs_tw.o -L/usr/lib/x86_64-linux-gnu -L/usr/local/lib -o build/lib.linux-x86_64-3.2/_codecs_tw.cpython-32m.so
building '_codecs_hk' extension
x86_64-nacl-gcc -fPIC -DNDEBUG -g -fwrapv -O3 -Wall -Wstrict-prototypes -D__NACL__ -I/home/yaroslav/git/zrt/lib -IInclude -I. -I./Include -I/usr/include/x86_64-linux-gnu -I/usr/local/include -I/home/yaroslav/git/cpython_for_zrt/Python-3.2.2 -c /home/yaroslav/git/cpython_for_zrt/Python-3.2.2/Modules/cjkcodecs/_codecs_hk.c -o build/temp.linux-x86_64-3.2/home/yaroslav/git/cpython_for_zrt/Python-3.2.2/Modules/cjkcodecs/_codecs_hk.o
x86_64-nacl-gcc -shared -s -static -static-libgcc build/temp.linux-x86_64-3.2/home/yaroslav/git/cpython_for_zrt/Python-3.2.2/Modules/cjkcodecs/_codecs_hk.o -L/usr/lib/x86_64-linux-gnu -L/usr/local/lib -o build/lib.linux-x86_64-3.2/_codecs_hk.cpython-32m.so
building '_codecs_iso2022' extension
x86_64-nacl-gcc -fPIC -DNDEBUG -g -fwrapv -O3 -Wall -Wstrict-prototypes -D__NACL__ -I/home/yaroslav/git/zrt/lib -IInclude -I. -I./Include -I/usr/include/x86_64-linux-gnu -I/usr/local/include -I/home/yaroslav/git/cpython_for_zrt/Python-3.2.2 -c /home/yaroslav/git/cpython_for_zrt/Python-3.2.2/Modules/cjkcodecs/_codecs_iso2022.c -o build/temp.linux-x86_64-3.2/home/yaroslav/git/cpython_for_zrt/Python-3.2.2/Modules/cjkcodecs/_codecs_iso2022.o
x86_64-nacl-gcc -shared -s -static -static-libgcc build/temp.linux-x86_64-3.2/home/yaroslav/git/cpython_for_zrt/Python-3.2.2/Modules/cjkcodecs/_codecs_iso2022.o -L/usr/lib/x86_64-linux-gnu -L/usr/local/lib -o build/lib.linux-x86_64-3.2/_codecs_iso2022.cpython-32m.so
building 'ossaudiodev' extension
x86_64-nacl-gcc -fPIC -DNDEBUG -g -fwrapv -O3 -Wall -Wstrict-prototypes -D__NACL__ -I/home/yaroslav/git/zrt/lib -IInclude -I. -I./Include -I/usr/include/x86_64-linux-gnu -I/usr/local/include -I/home/yaroslav/git/cpython_for_zrt/Python-3.2.2 -c /home/yaroslav/git/cpython_for_zrt/Python-3.2.2/Modules/ossaudiodev.c -o build/temp.linux-x86_64-3.2/home/yaroslav/git/cpython_for_zrt/Python-3.2.2/Modules/ossaudiodev.o
checking build system type... x86_64-pc-linux-gnu
checking host system type... Failed to configure _ctypes module

Python build finished, but the necessary bits to build these modules were not found:
_dbm               _gdbm              _multiprocessing
_tkinter           readline                           
To find the necessary bits, look in setup.py in detect_modules() for the module's name.


Failed to build these modules:
_bisect            _codecs_cn         _codecs_hk      
_codecs_iso2022    _codecs_jp         _codecs_kr      
_codecs_tw         _csv               _ctypes_test    
_curses            _curses_panel      _datetime       
_elementtree       _hashlib           _heapq          
_json              _lsprof            _multibytecodec 
_pickle            _posixsubprocess   _random         
_socket            _sqlite3           _ssl            
_struct            _testcapi          array           
atexit             audioop            binascii        
bz2                cmath              crypt           
fcntl              grp                math            
mmap               nis                ossaudiodev     
parser             pyexpat            resource        
select             spwd               syslog          
termios            time               unicodedata     
zlib                                                  

running build_scripts
copying and adjusting /home/yaroslav/git/cpython_for_zrt/Python-3.2.2/Tools/scripts/pydoc3 -> build/scripts-3.2
copying and adjusting /home/yaroslav/git/cpython_for_zrt/Python-3.2.2/Tools/scripts/idle3 -> build/scripts-3.2
copying and adjusting /home/yaroslav/git/cpython_for_zrt/Python-3.2.2/Tools/scripts/2to3 -> build/scripts-3.2
changing mode of build/scripts-3.2/pydoc3 from 664 to 775
changing mode of build/scripts-3.2/idle3 from 664 to 775
changing mode of build/scripts-3.2/2to3 from 664 to 775
renaming build/scripts-3.2/pydoc3 to build/scripts-3.2/pydoc3.2
renaming build/scripts-3.2/idle3 to build/scripts-3.2/idle3.2
renaming build/scripts-3.2/2to3 to build/scripts-3.2/2to3-3.2
running install_lib
changing mode of /home/yaroslav/Python-3.2.2/_install/lib/python3.2/lib-dynload/ to 755
running install_scripts
copying build/scripts-3.2/idle3.2 -> /home/yaroslav/Python-3.2.2/_install/bin
copying build/scripts-3.2/2to3-3.2 -> /home/yaroslav/Python-3.2.2/_install/bin
copying build/scripts-3.2/pydoc3.2 -> /home/yaroslav/Python-3.2.2/_install/bin
changing mode of /home/yaroslav/Python-3.2.2/_install/bin/idle3.2 to 775
changing mode of /home/yaroslav/Python-3.2.2/_install/bin/2to3-3.2 to 775
changing mode of /home/yaroslav/Python-3.2.2/_install/bin/pydoc3.2 to 775
running install_egg_info
Removing /home/yaroslav/Python-3.2.2/_install/lib/python3.2/lib-dynload/Python-3.2.2-py3.2.egg-info
Writing /home/yaroslav/Python-3.2.2/_install/lib/python3.2/lib-dynload/Python-3.2.2-py3.2.egg-info
/usr/bin/install -c -m 644 ./Misc/python.man \
		~/Python-3.2.2/_install/share/man/man1/python3.2.1
if test -f ~/Python-3.2.2/_install/bin/python3 -o -h ~/Python-3.2.2/_install/bin/python3; \
	then rm -f ~/Python-3.2.2/_install/bin/python3; \
	else true; \
	fi
(cd ~/Python-3.2.2/_install/bin; ln python3.2 python3)
if test "3.2" != "3.2m"; then \
		rm -f ~/Python-3.2.2/_install/bin/python3.2-config; \
		(cd ~/Python-3.2.2/_install/bin; ln -s python3.2m-config python3.2-config); \
		rm -f ~/Python-3.2.2/_install/lib/pkgconfig/python-3.2m.pc; \
		(cd ~/Python-3.2.2/_install/lib/pkgconfig; ln -s python-3.2.pc python-3.2m.pc); \
	fi
rm -f ~/Python-3.2.2/_install/bin/python3-config
(cd ~/Python-3.2.2/_install/bin; ln -s python3.2-config python3-config)
rm -f ~/Python-3.2.2/_install/lib/pkgconfig/python3.pc
(cd ~/Python-3.2.2/_install/lib/pkgconfig; ln -s python-3.2.pc python3.pc)
rm -f ~/Python-3.2.2/_install/bin/idle3
(cd ~/Python-3.2.2/_install/bin; ln -s idle3.2 idle3)
rm -f ~/Python-3.2.2/_install/bin/pydoc3
(cd ~/Python-3.2.2/_install/bin; ln -s pydoc3.2 pydoc3)
rm -f ~/Python-3.2.2/_install/bin/2to3
(cd ~/Python-3.2.2/_install/bin; ln -s 2to3-3.2 2to3)
